exiv2: Une action doit être spécifié
exiv2: Se debe especificar una acción
