
-----> eps-flat_coreldraw-x3-lev2.eps <-----

Command: exiv2 -pp eps-flat_coreldraw-x3-lev2.eps
Preview 1: image/tiff, 1164x1054 pixels, 1229768 bytes
Exit code: 0

Command: exiv2 -f -ep eps-flat_coreldraw-x3-lev2.eps
Exit code: 0

-----> eps-flat_coreldraw-x5-lev2.eps <-----

Command: exiv2 -pp eps-flat_coreldraw-x5-lev2.eps
Preview 1: image/tiff, 422x348 pixels, 152914 bytes
Exit code: 0

Command: exiv2 -f -ep eps-flat_coreldraw-x5-lev2.eps
Exit code: 0

-----> eps-flat_inkscape-epsi.eps <-----

Command: exiv2 -pp eps-flat_inkscape-epsi.eps
Exiv2 exception in print action for file eps-flat_inkscape-epsi.eps:
eps-flat_inkscape-epsi.eps: The file contains data of an unknown image type
Exit code: 1

Command: exiv2 -f -ep eps-flat_inkscape-epsi.eps
Exiv2 exception in extract action for file eps-flat_inkscape-epsi.eps:
eps-flat_inkscape-epsi.eps: The file contains data of an unknown image type
Exit code: 1

-----> eps-flat_oodraw_ai-10-lev2.eps <-----

Command: exiv2 -pp eps-flat_oodraw_ai-10-lev2.eps
Preview 1: image/x-portable-anymap, 128x104 pixels, 39951 bytes
Preview 2: image/jpeg, 256x208 pixels, 3166 bytes
Exit code: 0

Command: exiv2 -f -ep eps-flat_oodraw_ai-10-lev2.eps
Exit code: 0

-----> eps-flat_oodraw_ai-8-lev2.eps <-----

Command: exiv2 -pp eps-flat_oodraw_ai-8-lev2.eps
Preview 1: image/x-portable-anymap, 128x104 pixels, 39951 bytes
Preview 2: image/jpeg, 256x208 pixels, 3166 bytes
Exit code: 0

Command: exiv2 -f -ep eps-flat_oodraw_ai-8-lev2.eps
Exit code: 0

-----> eps-flat_oodraw_ai-8-lev3.eps <-----

Command: exiv2 -pp eps-flat_oodraw_ai-8-lev3.eps
Preview 1: image/x-portable-anymap, 128x104 pixels, 39951 bytes
Exit code: 0

Command: exiv2 -f -ep eps-flat_oodraw_ai-8-lev3.eps
Exit code: 0

-----> eps-flat_oodraw_ai-9-lev2.eps <-----

Command: exiv2 -pp eps-flat_oodraw_ai-9-lev2.eps
Preview 1: image/x-portable-anymap, 128x104 pixels, 39951 bytes
Preview 2: image/jpeg, 256x208 pixels, 3166 bytes
Exit code: 0

Command: exiv2 -f -ep eps-flat_oodraw_ai-9-lev2.eps
Exit code: 0

-----> eps-flat_oodraw_ai-cs-lev2.eps <-----

Command: exiv2 -pp eps-flat_oodraw_ai-cs-lev2.eps
Preview 1: image/x-portable-anymap, 128x104 pixels, 39951 bytes
Preview 2: image/jpeg, 256x208 pixels, 3166 bytes
Exit code: 0

Command: exiv2 -f -ep eps-flat_oodraw_ai-cs-lev2.eps
Exit code: 0

-----> eps-flat_oodraw_ai-cs2-lev2.eps <-----

Command: exiv2 -pp eps-flat_oodraw_ai-cs2-lev2.eps
Preview 1: image/x-portable-anymap, 128x104 pixels, 39951 bytes
Preview 2: image/jpeg, 256x208 pixels, 3166 bytes
Exit code: 0

Command: exiv2 -f -ep eps-flat_oodraw_ai-cs2-lev2.eps
Exit code: 0

-----> eps-flat_oodraw_ai-cs3-lev2.eps <-----

Command: exiv2 -pp eps-flat_oodraw_ai-cs3-lev2.eps
Preview 1: image/x-portable-anymap, 128x104 pixels, 39951 bytes
Preview 2: image/jpeg, 256x208 pixels, 3166 bytes
Exit code: 0

Command: exiv2 -f -ep eps-flat_oodraw_ai-cs3-lev2.eps
Exit code: 0

-----> eps-flat_oodraw_ai-cs4-lev2.eps <-----

Command: exiv2 -pp eps-flat_oodraw_ai-cs4-lev2.eps
Preview 1: image/x-portable-anymap, 128x104 pixels, 39951 bytes
Preview 2: image/jpeg, 256x208 pixels, 3166 bytes
Exit code: 0

Command: exiv2 -f -ep eps-flat_oodraw_ai-cs4-lev2.eps
Exit code: 0

-----> eps-flat_oodraw_ai-cs5-lev2.eps <-----

Command: exiv2 -pp eps-flat_oodraw_ai-cs5-lev2.eps
Preview 1: image/x-portable-anymap, 128x104 pixels, 39951 bytes
Preview 2: image/jpeg, 256x208 pixels, 3166 bytes
Exit code: 0

Command: exiv2 -f -ep eps-flat_oodraw_ai-cs5-lev2.eps
Exit code: 0

-----> eps-flat_oodraw_ai-cs5-lev3-nodocthumb.eps <-----

Command: exiv2 -pp eps-flat_oodraw_ai-cs5-lev3-nodocthumb.eps
Preview 1: image/jpeg, 256x208 pixels, 3166 bytes
Exit code: 0

Command: exiv2 -f -ep eps-flat_oodraw_ai-cs5-lev3-nodocthumb.eps
Exit code: 0

-----> eps-flat_oodraw_ai-cs5-lev3-pre.eps <-----

Command: exiv2 -pp eps-flat_oodraw_ai-cs5-lev3-pre.eps
Preview 1: image/x-portable-anymap, 128x104 pixels, 39951 bytes
Preview 2: image/tiff, 213x170 pixels, 37902 bytes
Preview 3: image/jpeg, 256x208 pixels, 3166 bytes
Exit code: 0

Command: exiv2 -f -ep eps-flat_oodraw_ai-cs5-lev3-pre.eps
Exit code: 0

-----> eps-flat_oodraw_ai-cs5-lev3.eps <-----

Command: exiv2 -pp eps-flat_oodraw_ai-cs5-lev3.eps
Preview 1: image/x-portable-anymap, 128x104 pixels, 39951 bytes
Preview 2: image/jpeg, 256x208 pixels, 3166 bytes
Exit code: 0

Command: exiv2 -f -ep eps-flat_oodraw_ai-cs5-lev3.eps
Exit code: 0

-----> eps-flat_oodraw_ai-cs5-lev3_exiftool-8.56.eps <-----

Command: exiv2 -pp eps-flat_oodraw_ai-cs5-lev3_exiftool-8.56.eps
Preview 1: image/x-portable-anymap, 128x104 pixels, 39951 bytes
Exit code: 0

Command: exiv2 -f -ep eps-flat_oodraw_ai-cs5-lev3_exiftool-8.56.eps
Exit code: 0

-----> eps-flat_oodraw_ai-cs5-lev3_ns-xapGImg.eps <-----

Command: exiv2 -pp eps-flat_oodraw_ai-cs5-lev3_ns-xapGImg.eps
Preview 1: image/x-portable-anymap, 128x104 pixels, 39951 bytes
Preview 2: image/jpeg, 256x208 pixels, 3166 bytes
Exit code: 0

Command: exiv2 -f -ep eps-flat_oodraw_ai-cs5-lev3_ns-xapGImg.eps
Exit code: 0

-----> eps-flat_photoshop-cs5-ascii-colorprofile.eps <-----

Command: exiv2 -pp eps-flat_photoshop-cs5-ascii-colorprofile.eps
Preview 1: image/jpeg, 37x47 pixels, 854 bytes
Exit code: 0

Command: exiv2 -f -ep eps-flat_photoshop-cs5-ascii-colorprofile.eps
Exit code: 0

-----> eps-flat_photoshop-cs5-ascii-pre.eps <-----

Command: exiv2 -pp eps-flat_photoshop-cs5-ascii-pre.eps
Preview 1: image/jpeg, 37x47 pixels, 854 bytes
Exit code: 0

Command: exiv2 -f -ep eps-flat_photoshop-cs5-ascii-pre.eps
Exit code: 0

-----> eps-flat_photoshop-cs5-ascii.eps <-----

Command: exiv2 -pp eps-flat_photoshop-cs5-ascii.eps
Preview 1: image/jpeg, 37x47 pixels, 854 bytes
Exit code: 0

Command: exiv2 -f -ep eps-flat_photoshop-cs5-ascii.eps
Exit code: 0

-----> eps-flat_photoshop-cs5-ascii85-pre.eps <-----

Command: exiv2 -pp eps-flat_photoshop-cs5-ascii85-pre.eps
Preview 1: image/jpeg, 37x47 pixels, 854 bytes
Exit code: 0

Command: exiv2 -f -ep eps-flat_photoshop-cs5-ascii85-pre.eps
Exit code: 0

-----> eps-flat_photoshop-cs5-ascii85.eps <-----

Command: exiv2 -pp eps-flat_photoshop-cs5-ascii85.eps
Preview 1: image/jpeg, 37x47 pixels, 854 bytes
Exit code: 0

Command: exiv2 -f -ep eps-flat_photoshop-cs5-ascii85.eps
Exit code: 0

-----> eps-flat_photoshop-cs5-ascii_failure-bigxmp.eps <-----

Command: exiv2 -pp eps-flat_photoshop-cs5-ascii_failure-bigxmp.eps
Warning: Unable to find XMP metadata as announced at position: 291
Preview 1: image/jpeg, 37x47 pixels, 574 bytes
Exit code: 0

Command: exiv2 -f -ep eps-flat_photoshop-cs5-ascii_failure-bigxmp.eps
Warning: Unable to find XMP metadata as announced at position: 291
Exit code: 0

-----> eps-flat_photoshop-cs5-binary-pre.eps <-----

Command: exiv2 -pp eps-flat_photoshop-cs5-binary-pre.eps
Preview 1: image/jpeg, 37x47 pixels, 854 bytes
Exit code: 0

Command: exiv2 -f -ep eps-flat_photoshop-cs5-binary-pre.eps
Exit code: 0

-----> eps-flat_photoshop-cs5-binary.eps <-----

Command: exiv2 -pp eps-flat_photoshop-cs5-binary.eps
Preview 1: image/jpeg, 37x47 pixels, 854 bytes
Exit code: 0

Command: exiv2 -f -ep eps-flat_photoshop-cs5-binary.eps
Exit code: 0

-----> eps-flat_photoshop-cs5-binary_exiftool-8.56.eps <-----

Command: exiv2 -pp eps-flat_photoshop-cs5-binary_exiftool-8.56.eps
Preview 1: image/jpeg, 37x47 pixels, 854 bytes
Exit code: 0

Command: exiv2 -f -ep eps-flat_photoshop-cs5-binary_exiftool-8.56.eps
Exit code: 0

-----> eps-flat_photoshop-cs5-binary_exiv2-bigxmp.eps <-----

Command: exiv2 -pp eps-flat_photoshop-cs5-binary_exiv2-bigxmp.eps
Preview 1: image/jpeg, 37x47 pixels, 854 bytes
Exit code: 0

Command: exiv2 -f -ep eps-flat_photoshop-cs5-binary_exiv2-bigxmp.eps
Exit code: 0

-----> eps-flat_photoshop-cs5-binary_exiv2.eps <-----

Command: exiv2 -pp eps-flat_photoshop-cs5-binary_exiv2.eps
Preview 1: image/jpeg, 37x47 pixels, 854 bytes
Exit code: 0

Command: exiv2 -f -ep eps-flat_photoshop-cs5-binary_exiv2.eps
Exit code: 0

-----> eps-flat_photoshop-cs5-binary_exiv2_missing-begin-xml-packet.eps <-----

Command: exiv2 -pp eps-flat_photoshop-cs5-binary_exiv2_missing-begin-xml-packet.eps
Warning: Missing %begin_xml_packet in Photoshop EPS at position: 8560
Preview 1: image/jpeg, 37x47 pixels, 854 bytes
Exit code: 0

Command: exiv2 -f -ep eps-flat_photoshop-cs5-binary_exiv2_missing-begin-xml-packet.eps
Warning: Missing %begin_xml_packet in Photoshop EPS at position: 8560
Exit code: 0

-----> eps-flat_photoshop-cs5-binary_no-adocontainsxmp.eps <-----

Command: exiv2 -pp eps-flat_photoshop-cs5-binary_no-adocontainsxmp.eps
Preview 1: image/jpeg, 37x47 pixels, 854 bytes
Exit code: 0

Command: exiv2 -f -ep eps-flat_photoshop-cs5-binary_no-adocontainsxmp.eps
Exit code: 0

-----> eps-flat_photoshop-e9-win-doseps.eps <-----

Command: exiv2 -pp eps-flat_photoshop-e9-win-doseps.eps
Preview 1: image/jpeg, 160x120 pixels, 2252 bytes
Preview 2: image/tiff, 454x340 pixels, 23782 bytes
Exit code: 0

Command: exiv2 -f -ep eps-flat_photoshop-e9-win-doseps.eps
Exit code: 0

-----> eps-flat_photoshop-e9-win.eps <-----

Command: exiv2 -pp eps-flat_photoshop-e9-win.eps
Preview 1: image/jpeg, 160x120 pixels, 2252 bytes
Exit code: 0

Command: exiv2 -f -ep eps-flat_photoshop-e9-win.eps
Exit code: 0

-----> eps-flat_photoshop-e9-win_exiv2.eps <-----

Command: exiv2 -pp eps-flat_photoshop-e9-win_exiv2.eps
Preview 1: image/jpeg, 160x120 pixels, 2252 bytes
Exit code: 0

Command: exiv2 -f -ep eps-flat_photoshop-e9-win_exiv2.eps
Exit code: 0

-----> eps-nested_noxmp_ai-8-lev2.eps <-----

Command: exiv2 -pp eps-nested_noxmp_ai-8-lev2.eps
Preview 1: image/x-portable-anymap, 88x128 pixels, 33806 bytes
Exit code: 0

Command: exiv2 -f -ep eps-nested_noxmp_ai-8-lev2.eps
Exit code: 0

-----> eps-nested_noxmp_ai-8-lev3.eps <-----

Command: exiv2 -pp eps-nested_noxmp_ai-8-lev3.eps
Preview 1: image/x-portable-anymap, 88x128 pixels, 33806 bytes
Exit code: 0

Command: exiv2 -f -ep eps-nested_noxmp_ai-8-lev3.eps
Exit code: 0

-----> eps-nested_noxmp_ai-cs5-lev2.eps <-----

Command: exiv2 -pp eps-nested_noxmp_ai-cs5-lev2.eps
Preview 1: image/x-portable-anymap, 88x128 pixels, 33806 bytes
Preview 2: image/jpeg, 176x256 pixels, 3555 bytes
Exit code: 0

Command: exiv2 -f -ep eps-nested_noxmp_ai-cs5-lev2.eps
Exit code: 0

-----> eps-nested_noxmp_ai-cs5-lev3.eps <-----

Command: exiv2 -pp eps-nested_noxmp_ai-cs5-lev3.eps
Preview 1: image/x-portable-anymap, 88x128 pixels, 33806 bytes
Preview 2: image/jpeg, 176x256 pixels, 3555 bytes
Exit code: 0

Command: exiv2 -f -ep eps-nested_noxmp_ai-cs5-lev3.eps
Exit code: 0

-----> eps-nested_noxmp_indesign-cs5-lev2-bin.eps <-----

Command: exiv2 -pp eps-nested_noxmp_indesign-cs5-lev2-bin.eps
Preview 1: image/tiff, 595x841 pixels, 8124 bytes
Exit code: 0

Command: exiv2 -f -ep eps-nested_noxmp_indesign-cs5-lev2-bin.eps
Exit code: 0

-----> eps-nested_noxmp_indesign-cs5-lev2.eps <-----

Command: exiv2 -pp eps-nested_noxmp_indesign-cs5-lev2.eps
Preview 1: image/tiff, 595x841 pixels, 8124 bytes
Exit code: 0

Command: exiv2 -f -ep eps-nested_noxmp_indesign-cs5-lev2.eps
Exit code: 0

-----> eps-nested_noxmp_indesign-cs5-lev3-bin.eps <-----

Command: exiv2 -pp eps-nested_noxmp_indesign-cs5-lev3-bin.eps
Preview 1: image/tiff, 595x841 pixels, 8124 bytes
Exit code: 0

Command: exiv2 -f -ep eps-nested_noxmp_indesign-cs5-lev3-bin.eps
Exit code: 0

-----> eps-nested_noxmp_indesign-cs5-lev3.eps <-----

Command: exiv2 -pp eps-nested_noxmp_indesign-cs5-lev3.eps
Preview 1: image/tiff, 595x841 pixels, 8124 bytes
Exit code: 0

Command: exiv2 -f -ep eps-nested_noxmp_indesign-cs5-lev3.eps
Exit code: 0

-----> eps-nested_noxmp_oodraw-lev2-epsi.eps <-----

Command: exiv2 -pp eps-nested_noxmp_oodraw-lev2-epsi.eps
Exit code: 0

Command: exiv2 -f -ep eps-nested_noxmp_oodraw-lev2-epsi.eps
Exit code: 0

-----> eps-nested_noxmp_oodraw-lev2-pre.eps <-----

Command: exiv2 -pp eps-nested_noxmp_oodraw-lev2-pre.eps
Preview 1: image/tiff, 719x1048 pixels, 14236 bytes
Exit code: 0

Command: exiv2 -f -ep eps-nested_noxmp_oodraw-lev2-pre.eps
Exit code: 0

-----> eps-nested_xmp_ai-3-lev3.eps <-----

Command: exiv2 -pp eps-nested_xmp_ai-3-lev3.eps
Preview 1: image/tiff, 100x100 pixels, 11692 bytes
Exit code: 0

Command: exiv2 -f -ep eps-nested_xmp_ai-3-lev3.eps
Exit code: 0

-----> eps-nested_xmp_ai-8-lev3.eps <-----

Command: exiv2 -pp eps-nested_xmp_ai-8-lev3.eps
Preview 1: image/tiff, 100x100 pixels, 22300 bytes
Preview 2: image/x-portable-anymap, 128x128 pixels, 49167 bytes
Exit code: 0

Command: exiv2 -f -ep eps-nested_xmp_ai-8-lev3.eps
Exit code: 0

-----> eps-nested_xmp_ai-cs5-lev3.eps <-----

Command: exiv2 -pp eps-nested_xmp_ai-cs5-lev3.eps
Preview 1: image/tiff, 100x100 pixels, 22300 bytes
Preview 2: image/x-portable-anymap, 128x128 pixels, 49167 bytes
Preview 3: image/jpeg, 256x256 pixels, 4276 bytes
Exit code: 0

Command: exiv2 -f -ep eps-nested_xmp_ai-cs5-lev3.eps
Exit code: 0

-----> eps-nested_xmp_indesign-cs5-lev3-bin.eps <-----

Command: exiv2 -pp eps-nested_xmp_indesign-cs5-lev3-bin.eps
Preview 1: image/tiff, 595x841 pixels, 8080 bytes
Exit code: 0

Command: exiv2 -f -ep eps-nested_xmp_indesign-cs5-lev3-bin.eps
Exit code: 0

-----> eps-nested_xmp_indesign-cs5-lev3.eps <-----

Command: exiv2 -pp eps-nested_xmp_indesign-cs5-lev3.eps
Preview 1: image/tiff, 595x841 pixels, 8080 bytes
Exit code: 0

Command: exiv2 -f -ep eps-nested_xmp_indesign-cs5-lev3.eps
Exit code: 0

-----> eps-nested_xmp_indesign-cs5-lev3_failure-exiftool-8.56.eps <-----

Command: exiv2 -pp eps-nested_xmp_indesign-cs5-lev3_failure-exiftool-8.56.eps
Warning: Unable to find XMP embedding trailer ending at position: 186519
Preview 1: image/tiff, 595x841 pixels, 8076 bytes
Exit code: 0

Command: exiv2 -f -ep eps-nested_xmp_indesign-cs5-lev3_failure-exiftool-8.56.eps
Warning: Unable to find XMP embedding trailer ending at position: 186519
Exit code: 0

-----> eps-nested_xmp_oodraw-lev2-epsi.eps <-----

Command: exiv2 -pp eps-nested_xmp_oodraw-lev2-epsi.eps
Exit code: 0

Command: exiv2 -f -ep eps-nested_xmp_oodraw-lev2-epsi.eps
Exit code: 0

-----> eps-nested_xmp_oodraw-lev2-pre.eps <-----

Command: exiv2 -pp eps-nested_xmp_oodraw-lev2-pre.eps
Preview 1: image/tiff, 719x1048 pixels, 14476 bytes
Exit code: 0

Command: exiv2 -f -ep eps-nested_xmp_oodraw-lev2-pre.eps
Exit code: 0

-----> eps-old-r2872_01.eps <-----

Command: exiv2 -pp eps-old-r2872_01.eps
Preview 1: image/jpeg, 37x47 pixels, 854 bytes
Exit code: 0

Command: exiv2 -f -ep eps-old-r2872_01.eps
Exit code: 0

-----> eps-old-r2872_02.eps <-----

Command: exiv2 -pp eps-old-r2872_02.eps
Preview 1: image/jpeg, 37x47 pixels, 854 bytes
Exit code: 0

Command: exiv2 -f -ep eps-old-r2872_02.eps
Exit code: 0

-----> eps-old-r2872_03.eps <-----

Command: exiv2 -pp eps-old-r2872_03.eps
Warning: Missing %begin_xml_packet in Photoshop EPS at position: 1396
Preview 1: image/jpeg, 37x47 pixels, 854 bytes
Exit code: 0

Command: exiv2 -f -ep eps-old-r2872_03.eps
Warning: Missing %begin_xml_packet in Photoshop EPS at position: 1396
Exit code: 0

-----> eps-old-r2872_04.eps <-----

Command: exiv2 -pp eps-old-r2872_04.eps
Preview 1: image/jpeg, 160x120 pixels, 2252 bytes
Exit code: 0

Command: exiv2 -f -ep eps-old-r2872_04.eps
Exit code: 0
