Exif.Image.ImageDescription                  Ascii      17  Can you read me?  Can you read me?
Exif.Image.XResolution                       Rational    1  72/1  72
Exif.Image.YResolution                       Rational    1  72/1  72
Exif.Image.ResolutionUnit                    Short       1  2  inch
Exif.Image.YCbCrPositioning                  Short       1  1  Centered
