Exif.Image.ExifTag                           Long        1  26  26
Exif.Photo.DateTimeOriginal                  Ascii      20  2018:08:15 11:37:35  2018:08:15 11:37:35
Exif.Photo.SubSecTimeOriginal                Ascii       3  59  59
