Exif.Image.ImageWidth                        Long        1  120  120
Exif.Image.ImageLength                       Long        1  120  120
Exif.Image.BitsPerSample                     Short       3  8 8 8  8 8 8
Exif.Image.ImageDescription                  Ascii      18  Created with GIMP  Created with GIMP
Exif.Image.XResolution                       Rational    1  300/1  300
Exif.Image.YResolution                       Rational    1  300/1  300
Exif.Image.ResolutionUnit                    Short       1  2  inch
Exif.Image.Software                          Ascii      12  GIMP 2.99.5  GIMP 2.99.5
Exif.Image.DateTime                          Ascii      20  2021:02:13 21:19:50  2021:02:13 21:19:50
Exif.Image.ExifTag                           Long        1  218  218
Exif.Photo.UserComment                       Undefined  25  Created with GIMP  Created with GIMP
Exif.Photo.ColorSpace                        Short       1  1  sRGB
Exif.Image.GPSTag                            Long        1  274  274
Exif.GPSInfo.GPSAltitudeRef                  Byte        1  0  Above sea level
Exif.GPSInfo.GPSAltitude                     Rational    1  353700/100  3537.0 m
Xmp.iptcExt.DigitalSourceType                XmpText    61  http://cv.iptc.org/newscodes/digitalsourcetype/digitalCapture  Digital capture
Xmp.iptcExt.LocationCreated                  XmpBag      0  
Xmp.iptcExt.LocationShown                    XmpBag      0  
Xmp.iptcExt.ArtworkOrObject                  XmpBag      0  
Xmp.iptcExt.RegistryId                       XmpBag      0  
Xmp.xmpMM.DocumentID                         XmpText    52  gimp:docid:gimp:8cf1b29a-9b12-4dec-9930-f2c608b298de  gimp:docid:gimp:8cf1b29a-9b12-4dec-9930-f2c608b298de
Xmp.xmpMM.InstanceID                         XmpText    44  xmp.iid:33e259b4-7237-4b2a-87bf-4609986012a8  xmp.iid:33e259b4-7237-4b2a-87bf-4609986012a8
Xmp.xmpMM.OriginalDocumentID                 XmpText    44  xmp.did:02dfa8e8-ce11-4de7-971d-566a5bba5edb  xmp.did:02dfa8e8-ce11-4de7-971d-566a5bba5edb
Xmp.xmpMM.History                            XmpText     0  type="Seq"
Xmp.xmpMM.History[1]                         XmpText     0  type="Struct"
Xmp.xmpMM.History[1]/stEvt:action            XmpText     5  saved  saved
Xmp.xmpMM.History[1]/stEvt:changed           XmpText     9  /metadata  /metadata
Xmp.xmpMM.History[1]/stEvt:instanceID        XmpText    44  xmp.iid:446f9de2-f964-4680-8461-ddf05bfcc53e  xmp.iid:446f9de2-f964-4680-8461-ddf05bfcc53e
Xmp.xmpMM.History[1]/stEvt:softwareAgent     XmpText    19  GIMP 2.99.5 (Linux)  GIMP 2.99.5 (Linux)
Xmp.xmpMM.History[1]/stEvt:when              XmpText    25  2021-02-13T21:19:04+01:00  2021-02-13T21:19:04+01:00
Xmp.xmpMM.History[2]                         XmpText     0  type="Struct"
Xmp.xmpMM.History[2]/stEvt:action            XmpText     5  saved  saved
Xmp.xmpMM.History[2]/stEvt:changed           XmpText     1  /  /
Xmp.xmpMM.History[2]/stEvt:instanceID        XmpText    44  xmp.iid:017dc808-2418-4f70-99f3-aa05905adb88  xmp.iid:017dc808-2418-4f70-99f3-aa05905adb88
Xmp.xmpMM.History[2]/stEvt:softwareAgent     XmpText    19  GIMP 2.99.5 (Linux)  GIMP 2.99.5 (Linux)
Xmp.xmpMM.History[2]/stEvt:when              XmpText    25  2021-02-13T21:20:14+01:00  2021-02-13T21:20:14+01:00
Xmp.plus.ModelReleaseStatus                  XmpText    38  http://ns.useplus.org/ldf/vocab/MR-NON  None
Xmp.plus.ImageSupplier                       XmpSeq      0  
Xmp.plus.ImageCreator                        XmpSeq      0  
Xmp.plus.CopyrightOwner                      XmpSeq      0  
Xmp.plus.Licensor                            XmpSeq      0  
Xmp.GIMP.API                                 XmpText     3  3.0  3.0
Xmp.GIMP.Platform                            XmpText     5  Linux  Linux
Xmp.GIMP.TimeStamp                           XmpText    16  1613247614397805  1613247614397805
Xmp.GIMP.Version                             XmpText     6  2.99.5  2.99.5
Xmp.dc.Format                                XmpText    10  image/avif  image/avif
Xmp.dc.creator                               XmpSeq      1  type="Seq" Developer  type="Seq" Developer
Xmp.dc.description                           LangAlt     1  lang="x-default" This is a testfile  lang="x-default" This is a testfile
Xmp.dc.rights                                LangAlt     1  lang="x-default" It is forbidden to use for evil purposes  lang="x-default" It is forbidden to use for evil purposes
Xmp.dc.title                                 LangAlt     1  lang="x-default" Personal photo  lang="x-default" Personal photo
Xmp.photoshop.AuthorsPosition                XmpText    18  Computer Scientist  Computer Scientist
Xmp.xmp.CreatorTool                          XmpText     4  GIMP  GIMP
Xmp.xmp.Rating                               XmpText     1  5  5
Xmp.xmpRights.Marked                         XmpText     4  True  True
