Exif.Image.Orientation                       Short       1  1  top, left
Exif.Image.XResolution                       Rational    1  72/1  72
Exif.Image.YResolution                       Rational    1  72/1  72
Exif.Image.ResolutionUnit                    Short       1  2  inch
Exif.Image.YCbCrPositioning                  Short       1  1  Centered
Exif.Image.Copyright                         Ascii      52  Public Domain. Do whatever you like with this image  Public Domain. Do whatever you like with this image
Exif.Image.ExifTag                           Long        1  232  232
Exif.Photo.ExifVersion                       Undefined   4  48 50 50 49  2.21
Iptc.Envelope.CharacterSet                   String      3  %G  %G
Iptc.Application2.RecordVersion              Short       1  4  4
Iptc.Application2.Keywords                   String      3  1st  1st
Iptc.Application2.Keywords                   String      3  2nd  2nd
Iptc.Application2.Keywords                   String      5  next1  next1
Iptc.Application2.Keywords                   String      5  next2  next2
Iptc.Application2.Keywords                   String      4  root  root
Iptc.Application2.Keywords                   String      5  root0  root0
Iptc.Application2.Copyright                  String     51  Public Domain. Do whatever you like with this image  Public Domain. Do whatever you like with this image
Xmp.dc.format                                XmpText    10  image/jpeg  image/jpeg
Xmp.dc.rights                                LangAlt     1  lang="x-default" Public Domain. Do whatever you like with this image  lang="x-default" Public Domain. Do whatever you like with this image
Xmp.dc.subject                               XmpBag      6  1st, 2nd, next1, next2, root, root0  1st, 2nd, next1, next2, root, root0
Xmp.xmpMM.DocumentID                         XmpText    32  004D48F936062EF5085A81BF96D4C494  004D48F936062EF5085A81BF96D4C494
Xmp.xmpMM.OriginalDocumentID                 XmpText    32  004D48F936062EF5085A81BF96D4C494  004D48F936062EF5085A81BF96D4C494
Xmp.xmpMM.InstanceID                         XmpText    44  xmp.iid:f74f0d02-e921-134e-8107-1dda17aad853  xmp.iid:f74f0d02-e921-134e-8107-1dda17aad853
Xmp.xmpMM.History                            XmpText     0  type="Seq"
Xmp.xmpMM.History[1]                         XmpText     0  type="Struct"
Xmp.xmpMM.History[1]/stEvt:action            XmpText     5  saved  saved
Xmp.xmpMM.History[1]/stEvt:instanceID        XmpText    44  xmp.iid:f74f0d02-e921-134e-8107-1dda17aad853  xmp.iid:f74f0d02-e921-134e-8107-1dda17aad853
Xmp.xmpMM.History[1]/stEvt:when              XmpText    25  2015-03-24T20:35:55-05:00  2015-03-24T20:35:55-05:00
Xmp.xmpMM.History[1]/stEvt:softwareAgent     XmpText    39  Adobe Photoshop Lightroom 4.4 (Windows)  Adobe Photoshop Lightroom 4.4 (Windows)
Xmp.xmpMM.History[1]/stEvt:changed           XmpText     9  /metadata  /metadata
Xmp.xmp.MetadataDate                         XmpText    25  2015-03-24T20:35:55-05:00  2015-03-24T20:35:55-05:00
Xmp.crs.RawFileName                          XmpText    12  exiv2.lr.jpg  exiv2.lr.jpg
Xmp.lr.hierarchicalSubject                   XmpBag      2  root0|next1|next2, root|1st|2nd  root0|next1|next2, root|1st|2nd
