Exif.Image.Make                              Ascii       6  SIGMA  SIGMA
Exif.Image.Model                             Ascii      11  SIGMA SD10  SIGMA SD10
Exif.Image.Orientation                       Short       1  1  top, left
Exif.Image.XResolution                       Rational    1  180/1  180
Exif.Image.YResolution                       Rational    1  180/1  180
Exif.Image.ResolutionUnit                    Short       1  2  inch
Exif.Image.Software                          Ascii      26  SIGMA PhotoPro 2.0.0.1586  SIGMA PhotoPro 2.0.0.1586
Exif.Image.DateTime                          Ascii      20  2004:03:18 23:40:26  2004:03:18 23:40:26
Exif.Image.YCbCrPositioning                  Short       1  2  Co-sited
Exif.Image.ExifTag                           Long        1  12317  12317
Exif.Photo.ExposureTime                      Rational    1  8/1  8 s
Exif.Photo.FNumber                           Rational    1  56/10  F5.6
Exif.Photo.ExposureProgram                   Short       1  1  Manual
Exif.Photo.ISOSpeedRatings                   Short       1  100  100
Exif.Photo.ExifVersion                       Undefined   4  48 50 50 48  2.20
Exif.Photo.DateTimeOriginal                  Ascii      20  2004:03:16 19:52:38  2004:03:16 19:52:38
Exif.Photo.DateTimeDigitized                 Ascii      20  2004:03:18 23:40:26  2004:03:18 23:40:26
Exif.Photo.ComponentsConfiguration           Undefined   4  1 2 3 0  YCbCr
Exif.Photo.ExposureBiasValue                 SRational   1  2/2  +1 EV
Exif.Photo.MaxApertureValue                  Rational    1  27/10  F2.5
Exif.Photo.MeteringMode                      Short       1  5  Multi-segment
Exif.Photo.Flash                             Short       1  0  No flash
Exif.Photo.FocalLength                       Rational    1  14/1  14.0 mm
Exif.Photo.MakerNote                         Undefined 512  83 73 71 77 65 0 0 0 1 0 23 0 2 0 2 0 9 0 0 0 207 50 0 0 3 0 2 0 3 0 0 0 50 83 0 0 4 0 2 0 3 0 0 0 72 73 0 0 5 0 2 0 5 0 0 0 216 50 0 0 6 0 2 0 3 0 0 0 65 70 0 0 7 0 2 0 13 0 0 0 221 50 0 0 8 0 2 0 2 0 0 0 77 0 0 0 9 0 2 0 2 0 0 0 56 0 0 0 10 0 2 0 3 0 0 0 49 52 0 0 11 0 2 0 5 0 0 0 234 50 0 0 12 0 2 0 10 0 0 0 239 50 0 0 13 0 2 0 10 0 0 0 249 50 0 0 14 0 2 0 10 0 0 0 3 51 0 0 15 0 2 0 10 0 0 0 13 51 0 0 16 0 2 0 10 0 0 0 23 51 0 0 17 0 2 0 10 0 0 0 33 51 0 0 18 0 2 0 10 0 0 0 43 51 0 0 20 0 2 0 5 0 0 0 53 51 0 0 21 0 2 0 17 0 0 0 58 51 0 0 22 0 2 0 8 0 0 0 75 51 0 0 23 0 2 0 19 0 0 0 83 51 0 0 24 0 2 0 26 0 0 0 102 51 0 0 25 0 2 0 2 0 0 0 32 0 0 0 0 0 0 0 48 50 48 48 48 48 49 57 0 65 70 45 83 0 73 110 99 97 110 100 101 115 99 101 110 116 0 115 82 71 66 0 69 120 112 111 58 43 48 46 48 0 67 111 110 116 58 43 48 46 48 0 83 104 97 100 58 43 48 46 48 0 72 105 103 104 58 43 48 46 48 0 83 97 116 117 58 43 48 46 48 0 83 104 97 114 58 43 48 46 48 0 70 105 108 108 58 43 48 46 48 0 67 67 58 48 0 88 51 70 32 83 101 116 116 105 110 103 32 77 111 100 101 0 81 117 97 108 58 49 50 0 50 46 48 46 52 46 49 54 52 50 32 82 101 108 101 97 115 101 0 83 73 71 77 65 32 80 104 111 116 111 80 114 111 32 50 46 48 46 48 46 49 53 56 54 0 255 255 255 255 255 255 255 255 255 255 255 255 255 255 255 255 255 255 255 255 255 255 255 255 255 255 255 255 255 255 255 255 255 255 255 255 255 255 255 255 255 255 255  83 73 71 77 65 0 0 0 1 0 23 0 2 0 2 0 9 0 0 0 207 50 0 0 3 0 2 0 3 0 0 0 50 83 0 0 4 0 2 0 3 0 0 0 72 73 0 0 5 0 2 0 5 0 0 0 216 50 0 0 6 0 2 0 3 0 0 0 65 70 0 0 7 0 2 0 13 0 0 0 221 50 0 0 8 0 2 0 2 0 0 0 77 0 0 0 9 0 2 0 2 0 0 0 56 0 0 0 10 0 2 0 3 0 0 0 49 52 0 0 11 0 2 0 5 0 0 0 234 50 0 0 12 0 2 0 10 0 0 0 239 50 0 0 13 0 2 0 10 0 0 0 249 50 0 0 14 0 2 0 10 0 0 0 3 51 0 0 15 0 2 0 10 0 0 0 13 51 0 0 16 0 2 0 10 0 0 0 23 51 0 0 17 0 2 0 10 0 0 0 33 51 0 0 18 0 2 0 10 0 0 0 43 51 0 0 20 0 2 0 5 0 0 0 53 51 0 0 21 0 2 0 17 0 0 0 58 51 0 0 22 0 2 0 8 0 0 0 75 51 0 0 23 0 2 0 19 0 0 0 83 51 0 0 24 0 2 0 26 0 0 0 102 51 0 0 25 0 2 0 2 0 0 0 32 0 0 0 0 0 0 0 48 50 48 48 48 48 49 57 0 65 70 45 83 0 73 110 99 97 110 100 101 115 99 101 110 116 0 115 82 71 66 0 69 120 112 111 58 43 48 46 48 0 67 111 110 116 58 43 48 46 48 0 83 104 97 100 58 43 48 46 48 0 72 105 103 104 58 43 48 46 48 0 83 97 116 117 58 43 48 46 48 0 83 104 97 114 58 43 48 46 48 0 70 105 108 108 58 43 48 46 48 0 67 67 58 48 0 88 51 70 32 83 101 116 116 105 110 103 32 77 111 100 101 0 81 117 97 108 58 49 50 0 50 46 48 46 52 46 49 54 52 50 32 82 101 108 101 97 115 101 0 83 73 71 77 65 32 80 104 111 116 111 80 114 111 32 50 46 48 46 48 46 49 53 56 54 0 255 255 255 255 255 255 255 255 255 255 255 255 255 255 255 255 255 255 255 255 255 255 255 255 255 255 255 255 255 255 255 255 255 255 255 255 255 255 255 255 255 255 255
Exif.MakerNote.Offset                        Long        1  12715  12715
Exif.MakerNote.ByteOrder                     Ascii       3  II  II
Exif.Sigma.SerialNumber                      Ascii       9  02000019  02000019
Exif.Sigma.DriveMode                         Ascii       3  2S  2S
Exif.Sigma.ResolutionMode                    Ascii       3  HI  HI
Exif.Sigma.AutofocusMode                     Ascii       5  AF-S  AF-S
Exif.Sigma.FocusSetting                      Ascii       3  AF  AF
Exif.Sigma.WhiteBalance                      Ascii      13  Incandescent  Incandescent
Exif.Sigma.ExposureMode                      Ascii       2  M  Manual
Exif.Sigma.MeteringMode                      Ascii       2  8  8-Segment
Exif.Sigma.LensRange                         Ascii       3  14  14
Exif.Sigma.ColorSpace                        Ascii       5  sRGB  sRGB
Exif.Sigma.Exposure                          Ascii      10  Expo:+0.0  +0.0
Exif.Sigma.Contrast                          Ascii      10  Cont:+0.0  +0.0
Exif.Sigma.Shadow                            Ascii      10  Shad:+0.0  +0.0
Exif.Sigma.Highlight                         Ascii      10  High:+0.0  +0.0
Exif.Sigma.Saturation                        Ascii      10  Satu:+0.0  +0.0
Exif.Sigma.Sharpness                         Ascii      10  Shar:+0.0  +0.0
Exif.Sigma.FillLight                         Ascii      10  Fill:+0.0  +0.0
Exif.Sigma.ColorAdjustment                   Ascii       5  CC:0  0
Exif.Sigma.AdjustmentMode                    Ascii      17  X3F Setting Mode  X3F Setting Mode
Exif.Sigma.Quality                           Ascii       8  Qual:12  12
Exif.Sigma.Firmware                          Ascii      19  2.0.4.1642 Release  2.0.4.1642 Release
Exif.Sigma.Software                          Ascii      26  SIGMA PhotoPro 2.0.0.1586  SIGMA PhotoPro 2.0.0.1586
Exif.Sigma.AutoBracket                       Ascii       2      
Exif.Photo.FlashpixVersion                   Undefined   4  48 49 48 48  1.00
Exif.Photo.ColorSpace                        Short       1  1  sRGB
Exif.Photo.PixelXDimension                   Long        1  2268  2268
Exif.Photo.PixelYDimension                   Long        1  1512  1512
Exif.Photo.SensingMethod                     Short       1  2  One-chip color area
Exif.Photo.FileSource                        Undefined   4  3 0 0 0  Digital still camera
Exif.Photo.CustomRendered                    Short       1  1  Custom process
Exif.Photo.ExposureMode                      Short       1  1  Manual
Exif.Photo.WhiteBalance                      Short       1  1  Manual
Exif.Photo.FocalLengthIn35mmFilm             Short       1  24  24.0 mm
Exif.Photo.SceneCaptureType                  Short       1  0  Standard
Exif.Photo.ImageUniqueID                     Ascii      33  3032303030303139065B574068B0F5CE  3032303030303139065B574068B0F5CE
Exif.Thumbnail.Compression                   Short       1  6  JPEG (old-style)
Exif.Thumbnail.XResolution                   Rational    1  180/1  180
Exif.Thumbnail.YResolution                   Rational    1  180/1  180
Exif.Thumbnail.ResolutionUnit                Short       1  2  inch
Exif.Thumbnail.JPEGInterchangeFormat         Long        1  303  303
Exif.Thumbnail.JPEGInterchangeFormatLength   Long        1  11998  11998
Exif.Thumbnail.YCbCrPositioning              Short       1  2  Co-sited
