Exif.Thumbnail.Compression                   Short       1  6  JPEG (old-style)
Exif.Thumbnail.JPEGInterchangeFormat         Long        1  0  0
Exif.Thumbnail.JPEGInterchangeFormatLength   Long        1  4418  4418
Exif.Photo.PixelXDimension                   Long        1  2272  2272
Exif.Photo.PixelYDimension                   Long        1  1704  1704
Exif.Image.Orientation                       Short       1  1  top, left
Exif.Canon.FileNumber                        Long        1  1303050  130-3050
Exif.Photo.DateTimeOriginal                  Ascii      20  2005:04:24 01:54:36  2005:04:24 01:54:36
Exif.Canon.ImageType                         Ascii      30  CRW:High definition CCD image  CRW:High definition CCD image
Exif.Canon.OwnerName                         Ascii      15  Andreas Huggel  Andreas Huggel
Exif.Image.Make                              Ascii       6  Canon  Canon
Exif.Image.Model                             Ascii      20  Canon PowerShot S40  Canon PowerShot S40
Exif.Canon.SerialNumber                      Long        2  1135765596 1446117789  43b226716
Exif.Canon.FirmwareVersion                   Ascii      22  Firmware Version 1.10  Firmware Version 1.10
Exif.Canon.FocalLength                       Short       4  2 227 286 215  7.1 mm
Exif.CanonSi.AutoISO                         Short       1  0  100
Exif.CanonSi.ISOSpeed                        Short       1  160  100
Exif.CanonSi.MeasuredEV                      Short       1  63  6.97
Exif.CanonSi.TargetAperture                  Short       1  95  F2.8
Exif.CanonSi.TargetShutterSpeed              Short       1  125  1/15 s
Exif.CanonSi.ExposureCompensation            Short       1  0  0
Exif.CanonSi.WhiteBalance                    Short       1  0  Auto
Exif.CanonSi.SlowShutter                     Short       1  0  Off
Exif.CanonSi.Sequence                        Short       1  0  0
Exif.CanonSi.OpticalZoomCode                 Short       1  0  0
Exif.CanonSi.CameraTemperature               Short       1  0  --
Exif.CanonSi.FlashGuideNumber                Short       1  0  0
Exif.CanonSi.AFPointUsed                     Short       1  12290  3 focus points; center used
Exif.CanonSi.FlashBias                       Short       1  0  0 EV
Exif.CanonSi.AutoExposureBracketing          Short       1  0  Off
Exif.CanonSi.AEBBracketValue                 Short       1  0  0
Exif.CanonSi.ControlMode                     Short       1  1  1
Exif.CanonSi.SubjectDistance                 Short       1  892  8.92 m
Exif.CanonSi.ApertureValue                   Short       1  99  F2.9
Exif.CanonSi.ShutterSpeedValue               Short       1  126  1/15 s
Exif.CanonSi.MeasuredEV2                     Short       1  0  -6.00
Exif.CanonSi.BulbDuration                    Short       1  0  0
Exif.CanonSi.CameraType                      Short       1  250  Compact
Exif.Photo.FNumber                           Rational    1  730459/250000  F2.9
Exif.Photo.ExposureTime                      Rational    1  1/15  1/15 s
Exif.CanonCs.Macro                           Short       1  2  Off
Exif.CanonCs.Selftimer                       Short       1  0  Off
Exif.CanonCs.Quality                         Short       1  4  RAW
Exif.CanonCs.FlashMode                       Short       1  0  Off
Exif.CanonCs.DriveMode                       Short       1  0  Single / timer
Exif.CanonCs.FocusMode                       Short       1  1  AI servo AF
Exif.CanonCs.RecordMode                      Short       1  2  CRW+THM
Exif.CanonCs.ImageSize                       Short       1  0  Large
Exif.CanonCs.EasyMode                        Short       1  1  Manual
Exif.CanonCs.DigitalZoom                     Short       1  0  None
Exif.CanonCs.Contrast                        Short       1  0  Normal
Exif.CanonCs.Saturation                      Short       1  0  Normal
Exif.CanonCs.Sharpness                       Short       1  0  Normal
Exif.CanonCs.ISOSpeed                        Short       1  17  100
Exif.CanonCs.MeteringMode                    Short       1  3  Evaluative
Exif.CanonCs.FocusType                       Short       1  1  Auto
Exif.CanonCs.AFPoint                         Short       1  12291  Center
Exif.CanonCs.ExposureProgram                 Short       1  1  Program (P)
Exif.CanonCs.LensType                        Short       1  65535  n/a
Exif.CanonCs.Lens                            Short       3  682 227 32  7.1 - 21.3 mm
Exif.CanonCs.MaxAperture                     Short       1  99  F2.9
Exif.CanonCs.MinAperture                     Short       1  192  F8
Exif.CanonCs.FlashActivity                   Short       1  0  Did not fire
Exif.CanonCs.FlashDetails                    Short       1  0  
Exif.CanonCs.FocusContinuous                 Short       1  0  Single
Exif.CanonCs.AESetting                       Short       1  0  Normal AE
Exif.CanonCs.ImageStabilization              Short       1  65535  (65535)
Exif.CanonCs.DisplayAperture                 Short       1  0  0
Exif.CanonCs.ZoomSourceWidth                 Short       1  2272  2272
Exif.CanonCs.ZoomTargetWidth                 Short       1  2272  2272
Exif.CanonCs.SpotMeteringMode                Short       1  0  Center
