Exif.Photo.DateTimeDigitized                 Ascii      20  2012:02:01 22:28:00  2012:02:01 22:28:00
Iptc.Application2.DigitizationDate           Date        8  2012-02-01  2012-02-01
Iptc.Envelope.CharacterSet                   String      3  %G  %G
Xmp.xmp.CreateDate                           XmpText    25  2012-02-01T16:28:00+02:00  2012-02-01T16:28:00+02:00
