Exif.Image.ImageDescription                  Ascii      32                                                                  
Exif.Image.Make                              Ascii       5  SONY  SONY
Exif.Image.Model                             Ascii       7  DSC-W7  DSC-W7
Exif.Image.Orientation                       Short       1  1  top, left
Exif.Image.XResolution                       Rational    1  72/1  72
Exif.Image.YResolution                       Rational    1  72/1  72
Exif.Image.ResolutionUnit                    Short       1  2  inch
Exif.Image.DateTime                          Ascii      20  2005:05:27 17:19:34  2005:05:27 17:19:34
Exif.Image.YCbCrPositioning                  Short       1  2  Co-sited
Exif.Image.ExifTag                           Long        1  256  256
Exif.Photo.ExposureTime                      Rational    1  10/400  1/40 s
Exif.Photo.FNumber                           Rational    1  28/10  F2.8
Exif.Photo.ExposureProgram                   Short       1  2  Auto
Exif.Photo.ISOSpeedRatings                   Short       1  100  100
Exif.Photo.ExifVersion                       Undefined   4  48 50 50 48  2.20
Exif.Photo.DateTimeOriginal                  Ascii      20  2005:05:27 17:19:34  2005:05:27 17:19:34
Exif.Photo.DateTimeDigitized                 Ascii      20  2005:05:27 17:19:34  2005:05:27 17:19:34
Exif.Photo.ComponentsConfiguration           Undefined   4  1 2 3 0  YCbCr
Exif.Photo.CompressedBitsPerPixel            Rational    1  8/1  8
Exif.Photo.ExposureBiasValue                 SRational   1  0/10  0 EV
Exif.Photo.MaxApertureValue                  Rational    1  48/16  F2.8
Exif.Photo.MeteringMode                      Short       1  5  Multi-segment
Exif.Photo.LightSource                       Short       1  0  Unknown
Exif.Photo.Flash                             Short       1  31  Yes, auto, return light detected
Exif.Photo.FocalLength                       Rational    1  79/10  7.9 mm
Exif.Photo.MakerNote                         Undefined 1568  83 79 78 89 32 68 83 67 32 0 0 0 9 0 0 32 7 0 1 0 0 0 0 0 0 0 1 144 7 0 148 0 0 0 64 3 0 0 2 144 7 0 200 0 0 0 212 3 0 0 3 144 7 0 200 0 0 0 156 4 0 0 4 144 7 0 124 0 0 0 100 5 0 0 5 144 7 0 122 0 0 0 224 5 0 0 6 144 7 0 252 0 0 0 90 6 0 0 7 144 7 0 200 0 0 0 86 7 0 0 8 144 7 0 200 0 0 0 30 8 0 0 1 0 86 39 0 8 0 94 0 117 0 0 0 221 187 88 0 221 187 88 0 234 205 0 0 0 0 224 0 0 0 0 0 0 0 224 0 26 240 219 255 0 0 0 0 0 40 186 190 188 0 1 172 10 64 22 14 67 255 18 255 33 0 0 0 161 48 0 136 125 112 0 48 91 136 125 112 0 48 0 0 0 0 156 0 215 0 105 0 0 125 71 0 0 27 208 0 0 14 25 0 0 53 121 136 125 48 91 112 0 0 85 0 116 94 36 216 59 0 0 12 231 0 0 0 0 0 0 0 0 0 0 0 1 0 0 0 0 0 0 0 0 0 0 0 0 0 0 1 0 0 0 0 142 0 105 5 45 0 0 0 239 112 125 112 143 112 143 112 143 112 143 0 239 14 31 234 170 0 0 0 0 0 0 0 0 182 81 138 31 0 0 0 0 0 0 0 0 0 0 0 0 0 0 0 0 0 0 0 0 0 0 0 0 0 0 0 0 0 0 0 0 0 0 0 0 0 0 0 0 0 0 0 0 0 0 0 0 0 0 0 0 0 0 0 0 0 0 0 0 0 0 0 0 0 0 0 0 0 0 0 0 0 0 0 0 0 0 0 0 0 0 0 0 0 0 0 105 0 0 0 0 0 0 0 0 0 0 0 0 0 0 0 0 0 0 0 0 0 0 0 0 0 0 0 0 0 0 0 0 0 0 0 0 0 0 0 0 240 8 172 0 0 0 12 0 0 0 5 0 0 0 0 58 0 103 108 51 0 0 227 0 149 47 0 0 0 0 1 220 115 70 1 26 0 66 1 194 1 78 0 18 1 47 1 229 1 131 8 197 1 0 1 246 1 0 1 0 1 0 1 0 4 18 0 242 95 87 21 229 189 189 189 189 189 189 0 0 40 128 86 198 12 121 234 104 112 247 32 236 138 9 48 192 0 48 255 249 0 87 177 251 137 208 243 86 0 5 21 187 49 1 93 0 116 0 204 0 47 112 0 0 0 0 0 0 0 0 0 112 0 0 0 0 0 0 0 0 0 112 0 0 0 0 0 0 0 0 0 112 0 189 189 189 189 189 78 208 75 84 35 88 35 88 56 91 5 153 1 1 114 0 252 0 0 43 238 96 238 224 83 7 232 199 74 224 56 224 56 0 0 0 0 0 0 0 0 0 112 0 1 14 124 125 0 27 189 189 189 189 189 189 189 189 189 189 189 189 112 182 27 0 1 220 220 188 95 16 1 1 1 104 1 63 1 178 1 63 1 52 1 52 1 52 1 52 236 0 0 0 0 0 0 0 0 0 0 0 0 0 0 0 0 0 0 0 0 0 0 0 0 0 0 0 0 0 0 0 0 149 0 57 0 172 0 122 0 149 0 57 0 172 0 122 0 0 0 1 104 67 0 1 63 15 0 1 178 183 0 1 63 38 0 1 104 67 0 1 63 15 0 1 178 183 0 1 63 38 255 255 255 166 0 0 0 8 255 255 255 246 255 255 255 77 0 0 0 0 0 0 0 4 1 1 0 1 0 0 0 0 0 125 0 0 0 0 0 0 0 0 0 0 0 0 0 0 0 86 0 0 0 0 0 0 0 0 0 1 0 1 0 0 0 0 0 1 0 1 0 1 0 0 0 64 0 64 0 64 0 0 255 0 0 0 0 0 0 0 0 0 0 0 0 0 0 0 0 81 1 0 0 0 0 255 255 0 255 0 0 0 0 0 0 0 0 255 255 0 0 255 255 0 0 205 0 255 0 0 0 0 0 0 0 0 0 0 0 0 0 0 0 0 0 0 1 0 0 1 94 35 216 91 14 222 27 48 64 1 14 98 216 41 125 225 27 247 27 195 1 251 231 34 14 99 94 167 8 122 27 118 8 254 1 67 231 195 14 132 27 135 8 245 94 224 27 251 8 40 125 120 125 174 1 15 27 244 14 96 125 180 8 42 27 94 94 99 27 145 64 175 216 217 216 25 64 125 8 102 64 41 64 230 14 83 216 207 216 110 125 15 216 128 216 161 14 187 1 215 1 64 1 215 0 226 0 146 0 39 0 227 1 135 0 25 0 219 0 234 0 82 0 82 0 246 0 233 0 220 0 106 0 86 0 39 0 82 0 160 0 246 0 68 0 197 0 205 0 227 0 145 0 205 0 69 0 147 0 172 0 48 0 108 0 147 0 236 0 164 0 75 0 78 0 26 0 48 0 196 0 227 0 46 0 159 0 204 0 73 0 31 0 20 0 28 125 248 0 193 64 178 64 153 8 32 0 72 125 58 64 122 8 82 0 174 27 213 27 101 8 185 1 40 1 198 125 64 0 0 0 0 0 0 0 0 0 0 0 0 0 0 0 0 0 0 0 0 1 0 125 103 125 191 125 117 125 174 125 184 216 149 216 45 94 81 94 109 94 170 14 237 231 5 14 96 14 86 0 163 94 250 14 243 14 199 231 130 4 186 86 14 86 120 234 209 205 175 205 37 5 204 5 62 5 197 5 234 0 0 0 0 0 0 0 0 27 217 27 166 27 42 27 77 27 113 64 234 64 151 125 76 125 71 125 73 216 181 216 66 216 231 125 178 0 163 64 113 125 35 125 196 125 80 216 4 216 61 94 93 94 163 14 189 231 231 231 113 4 195 231 107 231 85 0 0 0 0 0 0 0 0 112 225 112 225 112 225 112 225 112 166 182 142 182 102 105 165 136 129 32 32 190 63 129 7 190 37 190 65 0 163 138 31 138 162 138 107 138 13 138 252 112 40 112 117 112 65 112 31 112 184 112 46 112 103 182 0 182 81 0 0 0 0 0 0 0 0 1 0 0 0 0 134 140 83 0 219 13 188 0 232 53 222 0 134 25 6 0 0 202 63 0 183 102 83 0 81 185 153 0 197 2 15 0 2 113 102 0 0 93 117 0 68 147 15 0 78 194 136 0 101 217 41 0 39 169 234 0 0 151 217 27 91 8 70 8 156 27 169 0 175 0 135 0 166 0 175 8 164 1 178 1 111 8 191 1 146 0 17 1 227 1 146 64 220 27 109 8 65 64 246 0 241 0 159 1 12 0 255 8 222 8 215 8 232 8 235 8 208 1 151 1 174 8 177 0 202 0 69 1 7 0 89 27 116 8 107 1 237 27 101 8 61 1 88 8 26 8 119 1 90 0 235 1 75 1 175 8 178 8 138 8 211 8 242 8 212 1 107 1 157 8 123 8 137 8 14 8 68 8 254 64 51 27 129 27 53 64 101 125 141 27 42 125 197 125 52  83 79 78 89 32 68 83 67 32 0 0 0 9 0 0 32 7 0 1 0 0 0 0 0 0 0 1 144 7 0 148 0 0 0 64 3 0 0 2 144 7 0 200 0 0 0 212 3 0 0 3 144 7 0 200 0 0 0 156 4 0 0 4 144 7 0 124 0 0 0 100 5 0 0 5 144 7 0 122 0 0 0 224 5 0 0 6 144 7 0 252 0 0 0 90 6 0 0 7 144 7 0 200 0 0 0 86 7 0 0 8 144 7 0 200 0 0 0 30 8 0 0 1 0 86 39 0 8 0 94 0 117 0 0 0 221 187 88 0 221 187 88 0 234 205 0 0 0 0 224 0 0 0 0 0 0 0 224 0 26 240 219 255 0 0 0 0 0 40 186 190 188 0 1 172 10 64 22 14 67 255 18 255 33 0 0 0 161 48 0 136 125 112 0 48 91 136 125 112 0 48 0 0 0 0 156 0 215 0 105 0 0 125 71 0 0 27 208 0 0 14 25 0 0 53 121 136 125 48 91 112 0 0 85 0 116 94 36 216 59 0 0 12 231 0 0 0 0 0 0 0 0 0 0 0 1 0 0 0 0 0 0 0 0 0 0 0 0 0 0 1 0 0 0 0 142 0 105 5 45 0 0 0 239 112 125 112 143 112 143 112 143 112 143 0 239 14 31 234 170 0 0 0 0 0 0 0 0 182 81 138 31 0 0 0 0 0 0 0 0 0 0 0 0 0 0 0 0 0 0 0 0 0 0 0 0 0 0 0 0 0 0 0 0 0 0 0 0 0 0 0 0 0 0 0 0 0 0 0 0 0 0 0 0 0 0 0 0 0 0 0 0 0 0 0 0 0 0 0 0 0 0 0 0 0 0 0 0 0 0 0 0 0 0 0 0 0 0 0 105 0 0 0 0 0 0 0 0 0 0 0 0 0 0 0 0 0 0 0 0 0 0 0 0 0 0 0 0 0 0 0 0 0 0 0 0 0 0 0 0 240 8 172 0 0 0 12 0 0 0 5 0 0 0 0 58 0 103 108 51 0 0 227 0 149 47 0 0 0 0 1 220 115 70 1 26 0 66 1 194 1 78 0 18 1 47 1 229 1 131 8 197 1 0 1 246 1 0 1 0 1 0 1 0 4 18 0 242 95 87 21 229 189 189 189 189 189 189 0 0 40 128 86 198 12 121 234 104 112 247 32 236 138 9 48 192 0 48 255 249 0 87 177 251 137 208 243 86 0 5 21 187 49 1 93 0 116 0 204 0 47 112 0 0 0 0 0 0 0 0 0 112 0 0 0 0 0 0 0 0 0 112 0 0 0 0 0 0 0 0 0 112 0 189 189 189 189 189 78 208 75 84 35 88 35 88 56 91 5 153 1 1 114 0 252 0 0 43 238 96 238 224 83 7 232 199 74 224 56 224 56 0 0 0 0 0 0 0 0 0 112 0 1 14 124 125 0 27 189 189 189 189 189 189 189 189 189 189 189 189 112 182 27 0 1 220 220 188 95 16 1 1 1 104 1 63 1 178 1 63 1 52 1 52 1 52 1 52 236 0 0 0 0 0 0 0 0 0 0 0 0 0 0 0 0 0 0 0 0 0 0 0 0 0 0 0 0 0 0 0 0 149 0 57 0 172 0 122 0 149 0 57 0 172 0 122 0 0 0 1 104 67 0 1 63 15 0 1 178 183 0 1 63 38 0 1 104 67 0 1 63 15 0 1 178 183 0 1 63 38 255 255 255 166 0 0 0 8 255 255 255 246 255 255 255 77 0 0 0 0 0 0 0 4 1 1 0 1 0 0 0 0 0 125 0 0 0 0 0 0 0 0 0 0 0 0 0 0 0 86 0 0 0 0 0 0 0 0 0 1 0 1 0 0 0 0 0 1 0 1 0 1 0 0 0 64 0 64 0 64 0 0 255 0 0 0 0 0 0 0 0 0 0 0 0 0 0 0 0 81 1 0 0 0 0 255 255 0 255 0 0 0 0 0 0 0 0 255 255 0 0 255 255 0 0 205 0 255 0 0 0 0 0 0 0 0 0 0 0 0 0 0 0 0 0 0 1 0 0 1 94 35 216 91 14 222 27 48 64 1 14 98 216 41 125 225 27 247 27 195 1 251 231 34 14 99 94 167 8 122 27 118 8 254 1 67 231 195 14 132 27 135 8 245 94 224 27 251 8 40 125 120 125 174 1 15 27 244 14 96 125 180 8 42 27 94 94 99 27 145 64 175 216 217 216 25 64 125 8 102 64 41 64 230 14 83 216 207 216 110 125 15 216 128 216 161 14 187 1 215 1 64 1 215 0 226 0 146 0 39 0 227 1 135 0 25 0 219 0 234 0 82 0 82 0 246 0 233 0 220 0 106 0 86 0 39 0 82 0 160 0 246 0 68 0 197 0 205 0 227 0 145 0 205 0 69 0 147 0 172 0 48 0 108 0 147 0 236 0 164 0 75 0 78 0 26 0 48 0 196 0 227 0 46 0 159 0 204 0 73 0 31 0 20 0 28 125 248 0 193 64 178 64 153 8 32 0 72 125 58 64 122 8 82 0 174 27 213 27 101 8 185 1 40 1 198 125 64 0 0 0 0 0 0 0 0 0 0 0 0 0 0 0 0 0 0 0 0 1 0 125 103 125 191 125 117 125 174 125 184 216 149 216 45 94 81 94 109 94 170 14 237 231 5 14 96 14 86 0 163 94 250 14 243 14 199 231 130 4 186 86 14 86 120 234 209 205 175 205 37 5 204 5 62 5 197 5 234 0 0 0 0 0 0 0 0 27 217 27 166 27 42 27 77 27 113 64 234 64 151 125 76 125 71 125 73 216 181 216 66 216 231 125 178 0 163 64 113 125 35 125 196 125 80 216 4 216 61 94 93 94 163 14 189 231 231 231 113 4 195 231 107 231 85 0 0 0 0 0 0 0 0 112 225 112 225 112 225 112 225 112 166 182 142 182 102 105 165 136 129 32 32 190 63 129 7 190 37 190 65 0 163 138 31 138 162 138 107 138 13 138 252 112 40 112 117 112 65 112 31 112 184 112 46 112 103 182 0 182 81 0 0 0 0 0 0 0 0 1 0 0 0 0 134 140 83 0 219 13 188 0 232 53 222 0 134 25 6 0 0 202 63 0 183 102 83 0 81 185 153 0 197 2 15 0 2 113 102 0 0 93 117 0 68 147 15 0 78 194 136 0 101 217 41 0 39 169 234 0 0 151 217 27 91 8 70 8 156 27 169 0 175 0 135 0 166 0 175 8 164 1 178 1 111 8 191 1 146 0 17 1 227 1 146 64 220 27 109 8 65 64 246 0 241 0 159 1 12 0 255 8 222 8 215 8 232 8 235 8 208 1 151 1 174 8 177 0 202 0 69 1 7 0 89 27 116 8 107 1 237 27 101 8 61 1 88 8 26 8 119 1 90 0 235 1 75 1 175 8 178 8 138 8 211 8 242 8 212 1 107 1 157 8 123 8 137 8 14 8 68 8 254 64 51 27 129 27 53 64 101 125 141 27 42 125 197 125 52
Exif.MakerNote.Offset                        Long        1  710  710
Exif.MakerNote.ByteOrder                     Ascii       3  II  II
Exif.Photo.FlashpixVersion                   Undefined   4  48 49 48 48  1.00
Exif.Photo.ColorSpace                        Short       1  1  sRGB
Exif.Photo.PixelXDimension                   Long        1  300  300
Exif.Photo.PixelYDimension                   Long        1  225  225
Exif.Photo.InteroperabilityTag               Long        1  2278  2278
Exif.Iop.InteroperabilityIndex               Ascii       4  R98  R98
Exif.Iop.InteroperabilityVersion             Undefined   4  48 49 48 48  1.00
Exif.Photo.FileSource                        Undefined   1  3  Digital still camera
Exif.Photo.SceneType                         Undefined   1  1  Directly photographed
Exif.Photo.CustomRendered                    Short       1  0  Normal process
Exif.Photo.ExposureMode                      Short       1  0  Auto
Exif.Photo.WhiteBalance                      Short       1  0  Auto
Exif.Photo.SceneCaptureType                  Short       1  0  Standard
Exif.Photo.Contrast                          Short       1  0  Normal
Exif.Photo.Saturation                        Short       1  0  Normal
Exif.Photo.Sharpness                         Short       1  0  Normal
Exif.Image.PrintImageMatching                Undefined  28  80 114 105 110 116 73 77 0 48 51 48 48 0 0 2 0 2 0 1 0 0 0 1 1 1 0 0 0  80 114 105 110 116 73 77 0 48 51 48 48 0 0 2 0 2 0 1 0 0 0 1 1 1 0 0 0
Exif.Thumbnail.Compression                   Short       1  6  JPEG (old-style)
Exif.Thumbnail.Make                          Ascii       5  SONY  SONY
Exif.Thumbnail.Model                         Ascii       7  DSC-W7  DSC-W7
Exif.Thumbnail.Orientation                   Short       1  1  top, left
Exif.Thumbnail.XResolution                   Rational    1  72/1  72
Exif.Thumbnail.YResolution                   Rational    1  72/1  72
Exif.Thumbnail.ResolutionUnit                Short       1  2  inch
Exif.Thumbnail.DateTime                      Ascii      20  2005:05:27 17:19:34  2005:05:27 17:19:34
Exif.Thumbnail.JPEGInterchangeFormat         Long        1  2484  2484
Exif.Thumbnail.JPEGInterchangeFormatLength   Long        1  15605  15605
