Exif.Image.ImageDescription                  Ascii       0  
Exif.Image.Make                              Ascii      22  Eastman Kodak Company  Eastman Kodak Company
Exif.Image.Model                             Ascii      20  DC210 Zoom (V05.00)  DC210 Zoom (V05.00)
Exif.Image.Orientation                       Short       1  1  top, left
Exif.Image.XResolution                       Rational    1  216/1  216
Exif.Image.YResolution                       Rational    1  216/1  216
Exif.Image.ResolutionUnit                    Short       1  2  inch
Exif.Image.YCbCrPositioning                  Short       1  1  Centered
Exif.Image.Copyright                         Ascii       0  
Exif.Image.ExifTag                           Long        1  374  374
Exif.Photo.ExposureTime                      Rational    1  1/30  1/30 s
Exif.Photo.FNumber                           Rational    1  40/10  F4
Exif.Photo.ExifVersion                       Undefined   4  48 49 49 48  1.10
Exif.Photo.DateTimeOriginal                  Ascii      20  2000:10:26 16:46:51  2000:10:26 16:46:51
Exif.Photo.ComponentsConfiguration           Undefined   4  1 2 3 0  YCbCr
Exif.Photo.CompressedBitsPerPixel            Rational    1  0/0  (0/0)
Exif.Photo.ShutterSpeedValue                 SRational   1  50/10  1/32 s
Exif.Photo.ApertureValue                     Rational    1  40/10  F4
Exif.Photo.BrightnessValue                   SRational   1  15/10  1.5
Exif.Photo.ExposureBiasValue                 SRational   1  0/10  0 EV
Exif.Photo.MaxApertureValue                  Rational    1  400/100  F4
Exif.Photo.SubjectDistance                   Rational    1  0/0  Unknown
Exif.Photo.MeteringMode                      Short       1  2  Center weighted average
Exif.Photo.LightSource                       Short       1  0  Unknown
Exif.Photo.Flash                             Short       1  1  Fired
Exif.Photo.FocalLength                       Rational    1  44/10  4.4 mm
Exif.Photo.MakerNote                         Undefined  72  1 4 3 0 2 1 255 255 0 1 55 142 14 93 109 246 1 0 0 251 0 4 255 32 0 0 40 0 0 0 12 53 68 67 80 48 49 48 49 49 46 74 80 71 0 4 0 0 0 1 228 224 0 1 0 0 0 1 145 128 0 1 194 64 0 1 0 0 0 1 222 16  1 4 3 0 2 1 255 255 0 1 55 142 14 93 109 246 1 0 0 251 0 4 255 32 0 0 40 0 0 0 12 53 68 67 80 48 49 48 49 49 46 74 80 71 0 4 0 0 0 1 228 224 0 1 0 0 0 1 145 128 0 1 194 64 0 1 0 0 0 1 222 16
Exif.Thumbnail.ImageWidth                    Short       1  96  96
Exif.Thumbnail.ImageLength                   Short       1  72  72
Exif.Thumbnail.BitsPerSample                 Short       3  8 8 8  8 8 8
Exif.Thumbnail.Compression                   Short       1  1  Uncompressed
Exif.Thumbnail.PhotometricInterpretation     Short       1  2  RGB
Exif.Thumbnail.StripOffsets                  Short       1  928  928
Exif.Thumbnail.SamplesPerPixel               Short       1  3  3
Exif.Thumbnail.RowsPerStrip                  Short       1  72  72
Exif.Thumbnail.StripByteCounts               Short       1  20736  20736
Exif.Thumbnail.XResolution                   Rational    1  72/1  72
Exif.Thumbnail.YResolution                   Rational    1  72/1  72
Exif.Thumbnail.ResolutionUnit                Short       1  2  inch
