Exif.Image.NewSubfileType                    Long        1  1  Thumbnail/Preview image
Exif.Image.ImageWidth                        Long        1  160  160
Exif.Image.ImageLength                       Long        1  120  120
Exif.Image.BitsPerSample                     Short       3  8 8 8  8 8 8
Exif.Image.Compression                       Short       1  1  Uncompressed
Exif.Image.Make                              Ascii      18  NIKON CORPORATION  NIKON CORPORATION
Exif.Image.Model                             Ascii      12  NIKON D7100  NIKON D7100
Exif.Image.Orientation                       Short       1  8  left, bottom
Exif.Image.SamplesPerPixel                   Short       1  3  3
Exif.Image.XResolution                       Rational    1  300/1  300
Exif.Image.YResolution                       Rational    1  300/1  300
Exif.Image.PlanarConfiguration               Short       1  1  Chunky
Exif.Image.ResolutionUnit                    Short       1  2  inch
Exif.Image.Software                          Ascii      10  Ver.1.04   Ver.1.04 
Exif.Image.DateTime                          Ascii      20  2019:03:30 11:17:23  2019:03:30 11:17:23
Exif.Image.Artist                            Ascii      37  Cris                                  Cris                                
Exif.Image.ReferenceBlackWhite               Rational    6  0/1 255/1 0/1 255/1 0/1 255/1  0/1 255/1 0/1 255/1 0/1 255/1
Exif.Image.Copyright                         Ascii      55  Cris                                                    Cris                                                  
Exif.Image.ExifTag                           Long        1  522  522
Exif.Photo.ExposureTime                      Rational    1  10/3200  1/320 s
Exif.Photo.FNumber                           Rational    1  110/10  F11
Exif.Photo.ExposureProgram                   Short       1  1  Manual
Exif.Photo.ISOSpeedRatings                   Short       1  100  100
Exif.Photo.SensitivityType                   Short       1  2  2
Exif.Photo.DateTimeOriginal                  Ascii      20  2019:03:30 11:17:23  2019:03:30 11:17:23
Exif.Photo.DateTimeDigitized                 Ascii      20  2019:03:30 11:17:23  2019:03:30 11:17:23
Exif.Photo.ExposureBiasValue                 SRational   1  0/6  0 EV
Exif.Photo.MaxApertureValue                  Rational    1  30/10  F2.8
Exif.Photo.MeteringMode                      Short       1  3  Spot
Exif.Photo.LightSource                       Short       1  0  Unknown
Exif.Photo.Flash                             Short       1  13  Yes, compulsory, return light not detected
Exif.Photo.FocalLength                       Rational    1  460/10  46.0 mm
Exif.Photo.MakerNote                         Undefined 3798  78 105 107 111 110 0 2 16 0 0 73 73 42 0 8 0 0 0 58 0 1 0 7 0 4 0 0 0 48 50 49 49 2 0 3 0 2 0 0 0 0 0 100 0 4 0 2 0 8 0 0 0 198 2 0 0 5 0 2 0 13 0 0 0 206 2 0 0 7 0 2 0 7 0 0 0 220 2 0 0 8 0 2 0 13 0 0 0 228 2 0 0 9 0 2 0 20 0 0 0 242 2 0 0 11 0 8 0 2 0 0 0 0 0 0 0 12 0 5 0 4 0 0 0 6 3 0 0 13 0 7 0 4 0 0 0 0 1 6 0 14 0 7 0 4 0 0 0 128 1 12 0 18 0 7 0 4 0 0 0 0 1 6 0 19 0 3 0 2 0 0 0 0 0 100 0 23 0 7 0 4 0 0 0 0 1 6 0 24 0 7 0 4 0 0 0 0 1 6 0 25 0 10 0 1 0 0 0 38 3 0 0 27 0 3 0 7 0 0 0 46 3 0 0 28 0 7 0 3 0 0 0 0 1 6 0 29 0 2 0 8 0 0 0 60 3 0 0 30 0 3 0 1 0 0 0 2 0 0 0 31 0 7 0 8 0 0 0 68 3 0 0 34 0 3 0 1 0 0 0 0 0 0 0 35 0 7 0 58 0 0 0 76 3 0 0 36 0 7 0 4 0 0 0 60 0 0 0 37 0 7 0 14 0 0 0 134 3 0 0 43 0 7 0 16 0 0 0 148 3 0 0 44 0 7 0 62 2 0 0 164 3 0 0 50 0 7 0 8 0 0 0 226 5 0 0 59 0 5 0 4 0 0 0 234 5 0 0 131 0 1 0 1 0 0 0 14 0 0 0 132 0 5 0 4 0 0 0 10 6 0 0 135 0 1 0 1 0 0 0 7 0 0 0 137 0 3 0 1 0 0 0 0 0 0 0 138 0 3 0 1 0 0 0 1 0 0 0 139 0 7 0 4 0 0 0 72 1 12 0 140 0 7 0 66 2 0 0 42 6 0 0 145 0 7 0 122 2 0 0 108 8 0 0 147 0 3 0 1 0 0 0 3 0 0 0 149 0 2 0 5 0 0 0 230 10 0 0 150 0 7 0 46 0 0 0 236 10 0 0 151 0 7 0 72 2 0 0 26 11 0 0 152 0 7 0 33 0 0 0 98 13 0 0 153 0 3 0 2 0 0 0 202 11 218 7 158 0 3 0 10 0 0 0 132 13 0 0 163 0 1 0 1 0 0 0 0 0 0 0 164 0 7 0 4 0 0 0 48 51 48 48 167 0 4 0 1 0 0 0 198 19 0 0 168 0 7 0 49 0 0 0 152 13 0 0 171 0 2 0 16 0 0 0 202 13 0 0 176 0 7 0 16 0 0 0 218 13 0 0 177 0 3 0 1 0 0 0 4 0 0 0 182 0 7 0 8 0 0 0 234 13 0 0 183 0 7 0 30 0 0 0 242 13 0 0 184 0 7 0 172 0 0 0 16 14 0 0 185 0 7 0 4 0 0 0 0 255 0 0 187 0 7 0 8 0 0 0 188 14 0 0 191 0 3 0 1 0 0 0 0 0 0 0 192 0 7 0 8 0 0 0 196 14 0 0 0 0 0 0 82 65 87 32 32 32 32 0 65 85 84 79 49 32 32 32 32 32 32 32 0 0 65 70 45 67 32 32 0 0 78 79 82 77 65 76 32 32 32 32 32 32 0 0 79 112 116 105 111 110 97 108 44 67 111 109 100 114 46 32 32 32 32 0 172 2 0 0 0 1 0 0 101 1 0 0 0 1 0 0 0 1 0 0 0 1 0 0 0 1 0 0 0 1 0 0 0 0 0 0 6 0 0 0 0 0 148 23 180 15 148 23 180 15 0 0 0 0 52 51 57 49 50 51 48 0 48 49 48 48 2 2 0 0 48 49 48 48 83 84 65 78 68 65 82 68 0 0 0 0 0 0 0 0 0 0 0 0 83 84 65 78 68 65 82 68 0 0 0 0 0 0 0 0 0 0 0 0 1 0 0 0 0 128 131 128 128 128 128 255 255 255 60 1 12 0 0 0 60 1 12 0 0 0 0 0 48 49 48 48 0 0 2 17 0 0 0 0 0 0 0 0 48 49 48 49 35 2 128 2 170 1 0 0 0 0 25 2 115 0 64 0 64 0 90 0 232 3 1 0 0 0 31 2 81 1 64 0 64 0 90 0 32 3 1 0 0 0 0 0 0 0 0 0 0 0 0 0 0 0 0 0 0 0 0 0 0 0 0 0 0 0 0 0 0 0 0 0 0 0 0 0 0 0 0 0 0 0 0 0 0 0 0 0 0 0 0 0 0 0 0 0 0 0 0 0 0 0 0 0 0 0 0 0 0 0 0 0 0 0 0 0 0 0 0 0 0 0 0 0 0 0 0 0 0 0 0 0 0 0 0 0 0 0 0 0 0 0 0 0 0 0 0 0 0 0 0 0 0 0 0 0 0 0 0 0 0 0 0 0 0 0 0 0 0 0 0 0 0 0 0 0 0 0 0 0 0 0 0 0 0 0 0 0 0 0 0 0 0 0 0 0 0 0 0 0 0 0 0 0 0 0 0 0 0 0 0 0 0 0 0 0 0 0 0 0 0 0 0 0 0 0 0 0 0 0 0 0 0 0 0 0 0 0 0 0 0 0 0 0 0 0 0 0 0 0 0 0 0 0 0 0 0 0 0 0 0 0 0 0 0 0 0 0 0 0 0 0 0 0 0 0 0 0 0 0 0 0 0 0 0 0 0 0 0 0 0 0 0 0 0 0 0 0 0 0 0 0 0 0 0 0 0 0 0 0 0 0 0 0 0 0 0 0 0 0 0 0 0 0 0 0 0 0 0 0 0 0 0 0 0 0 0 0 0 0 0 0 0 0 0 0 0 0 0 0 0 0 0 0 0 0 0 0 0 0 0 0 0 0 0 0 0 0 0 0 0 0 0 0 0 0 0 0 0 0 0 0 0 0 0 0 0 0 0 0 0 0 0 0 0 0 0 0 0 0 0 0 0 0 0 0 0 0 0 0 0 0 0 0 0 0 0 0 0 0 0 0 0 0 0 0 0 0 0 0 0 0 0 0 0 0 0 0 0 0 0 0 0 0 0 0 0 0 0 0 0 0 0 0 0 0 0 0 0 0 0 0 0 0 0 0 0 0 0 0 0 0 0 0 0 0 0 0 0 0 0 0 0 0 0 0 0 0 0 0 0 0 0 0 0 0 0 0 0 0 0 0 0 0 0 0 0 0 0 0 0 0 0 0 0 0 0 0 0 0 0 0 0 0 0 0 0 0 0 0 0 0 0 0 0 0 0 0 0 0 0 0 0 0 0 0 0 0 0 0 0 0 0 0 0 0 0 0 0 0 0 0 0 0 0 0 0 0 0 0 48 49 48 48 1 0 0 0 0 1 0 0 0 1 0 0 0 1 0 0 0 1 0 0 0 1 0 0 0 1 0 0 0 1 0 0 0 1 0 0 240 0 0 0 10 0 0 0 188 2 0 0 10 0 0 0 28 0 0 0 10 0 0 0 28 0 0 0 10 0 0 0 73 48 0 0 0 0 0 0 0 0 0 0 0 0 0 0 0 0 0 0 0 0 0 0 0 0 0 0 0 0 0 0 0 0 0 0 0 0 0 0 0 0 0 0 0 0 0 0 0 0 0 0 0 0 0 0 0 0 0 0 0 0 0 0 0 0 0 0 0 0 0 0 0 0 0 0 0 0 0 0 0 0 0 0 0 0 0 0 0 0 0 0 0 0 0 0 0 0 0 0 0 0 0 0 0 0 0 0 0 0 0 0 0 0 0 0 0 0 0 0 0 0 0 0 0 0 0 0 0 0 0 0 0 0 0 0 0 0 0 0 0 0 0 0 0 0 0 0 0 0 0 0 0 0 0 0 0 0 0 0 0 0 0 0 0 0 0 0 0 0 0 0 0 0 0 0 0 0 0 0 0 0 0 0 0 0 0 0 0 0 0 0 0 0 0 0 0 0 0 0 0 0 0 0 0 0 0 0 0 0 0 0 0 0 0 0 0 0 0 0 0 0 0 0 0 0 0 0 0 0 0 0 0 0 0 0 0 0 0 0 0 0 0 0 0 0 0 0 0 0 0 0 0 0 0 0 0 0 0 0 0 0 0 0 0 0 0 0 0 0 0 0 0 0 0 0 0 0 0 0 0 0 0 0 0 0 0 0 0 0 0 0 0 0 0 0 0 0 0 0 0 0 0 0 0 0 0 0 0 0 0 0 0 0 0 0 0 0 0 0 0 0 0 0 0 0 0 0 0 0 0 0 0 0 0 0 0 0 0 0 0 0 0 0 0 0 0 0 0 0 0 0 0 0 0 0 0 0 0 0 0 0 0 0 0 0 0 0 0 0 0 0 0 0 0 0 0 0 0 0 0 0 0 0 0 0 0 0 0 0 0 0 0 0 0 0 0 0 0 0 0 0 0 0 0 0 0 0 0 0 0 0 0 0 0 0 0 0 0 0 0 0 0 0 0 0 0 0 0 0 0 0 0 0 0 0 0 0 0 0 0 0 0 0 0 0 0 0 0 0 0 0 0 0 0 0 0 0 0 0 0 0 0 0 0 0 0 0 0 0 0 0 0 0 0 0 0 0 0 0 0 0 0 0 0 0 0 0 0 0 0 0 0 0 0 0 0 0 0 0 0 0 0 0 0 0 0 0 0 0 0 0 0 0 0 0 0 0 0 0 0 0 0 0 0 0 0 0 0 0 0 0 0 0 0 0 0 0 0 0 0 0 0 0 0 0 0 0 0 0 0 0 0 0 0 0 0 0 0 0 0 0 0 0 0 0 0 0 0 0 0 0 0 0 0 0 0 0 48 50 50 55 251 159 239 96 48 19 93 238 217 229 75 248 96 39 169 114 14 222 119 92 132 243 181 182 242 154 99 128 44 150 129 186 213 24 15 100 8 249 13 126 41 47 123 8 232 237 89 2 38 51 167 108 229 208 101 70 210 198 147 144 11 68 49 74 163 77 63 116 232 175 189 14 187 153 171 24 239 219 9 146 34 101 215 124 84 134 21 214 222 45 195 160 132 50 225 218 174 190 111 132 224 131 109 158 22 213 219 40 80 174 185 34 206 243 7 140 116 81 197 102 34 71 243 176 40 197 145 106 22 205 159 148 208 83 29 46 51 160 229 79 31 153 88 150 234 25 255 156 48 59 225 9 190 205 35 192 164 207 65 250 251 65 207 164 208 98 97 64 178 117 97 183 227 119 62 66 83 150 162 172 98 52 210 184 99 28 239 47 54 159 119 181 178 110 226 180 139 12 213 14 213 59 90 124 212 7 41 44 163 70 229 188 61 219 98 233 70 146 141 224 135 111 27 229 63 30 34 196 117 60 197 33 132 11 197 104 67 41 92 156 205 245 236 55 180 81 203 92 49 71 54 10 112 197 106 80 142 200 84 46 63 111 144 146 159 159 63 130 130 93 80 8 71 163 154 38 114 129 93 204 56 247 242 251 79 243 229 193 226 125 59 24 15 159 187 2 1 78 208 115 131 141 105 120 224 83 112 17 202 183 63 58 227 93 198 239 192 33 138 52 43 47 7 10 9 204 78 114 55 254 139 98 190 185 111 237 47 249 249 253 164 26 212 87 55 172 112 33 119 174 90 164 73 218 144 255 159 254 46 224 156 84 140 169 174 22 255 163 140 72 33 13 176 234 175 27 186 6 132 202 53 127 16 180 71 113 31 20 80 211 157 174 6 165 139 184 44 231 233 50 194 153 183 28 200 187 245 118 62 77 163 64 36 79 193 122 122 193 79 36 64 163 77 62 118 245 187 201 29 180 152 194 50 236 230 45 184 139 165 5 171 240 72 192 146 159 11 120 128 116 33 50 69 237 105 68 102 50 132 190 108 223 79 38 60 172 156 188 222 52 51 246 71 233 92 246 142 109 161 228 35 16 193 46 34 67 180 92 37 149 91 232 20 84 248 226 13 139 22 77 216 43 37 37 143 61 51 112 244 191 209 42 202 177 223 84 16 19 93 238 198 229 75 248 236 39 169 114 130 217 119 92 136 251 181 182 254 141 99 128 228 143 129 186 58 1 15 100 0 227 13 126 54 53 123 8 220 247 89 2 242 41 167 108 120 203 101 70 110 221 147 144 212 95 49 74 170 81 63 116 240 179 189 14 166 133 171 24 204 199 9 146 98 121 215 124 104 155 21 214 222 45 195 160 196 47 225 218 169 95 94 160 224 130 105 96 222 212 218 40 188 143 169 34 210 201 6 140 88 107 79 70 70 32 0 0 70 48 0 8 0 8 0 8 0 8 34 0 183 42 170 157 224 114 94 145 24 245 28 153 101 130 240 175 191 32 210 210 47 198 193 2 167 134 197 90 33 88 216 166 202 54 48 50 49 56 221 179 222 171 188 17 56 239 106 231 46 249 236 39 169 114 130 217 119 92 136 251 181 182 254 141 99 128 228 143 129 186 58 1 15 100 0 227 13 126 54 53 123 8 220 247 89 2 242 41 167 108 120 203 101 70 110 221 147 144 212 95 49 74 170 81 63 116 240 179 189 14 166 133 171 24 204 199 136 109 38 122 177 125 106 100 5 151 114 211 135 160 158 208 158 154 61 161 142 123 37 131 55 161 22 213 219 40 247 151 185 35 210 201 7 140 88 107 197 102 78 124 95 178 209 254 145 107 177 240 223 148 208 81 4 55 130 33 15 60 172 103 108 178 168 25 42 156 78 59 115 246 190 205 35 192 164 207 65 250 238 65 219 164 192 35 205 190 246 117 59 72 142 54 59 67 160 104 69 173 63 11 34 134 46 29 83 208 148 159 241 138 105 146 255 183 139 242 61 78 99 192 107 93 140 7 201 210 34 185 131 168 40 207 193 2 158 121 155 248 132 119 21 50 110 201 19 203 158 214 17 209 214 21 225 119 108 215 57 115 109 8 74 206 35 170 189 166 11 189 121 243 69 63 93 170 102 49 151 215 111 236 16 110 96 100 233 104 22 183 61 227 140 88 54 221 179 106 51 38 120 13 208 2 100 15 1 58 186 129 143 230 128 99 141 254 182 181 251 138 92 118 234 130 242 169 167 236 248 79 1 198 240 77 19 16 120 218 131 202 42 209 204 228 100 55 61 142 39 4 104 217 14 1 139 18 202 249 82 252 234 27 237 86 94 172 67 32 68 175 97 90 154 32 239 5 96 2 245 6 150 77 91 168 60 23 57 162 82 73 146 25 216 254 80 243 206 232 106 41 52 102 9 242 10 105 31 20 80 211 157 174 6 165 207 185 211 232 22 61 194 153 183 28 140 186 10 121 193 66 163 64 36 79 133 123 133 206 176 43 64 163 77 62 137 250 68 199 28 183 153 194 50 233 230 44 184 139 165 6 174 157 211 80 20 31 113 10 235 17 127 52 48 115 226 206 249 69 244 216 19 135 73 82 162 57 23 60 168 91 85 150 29 237 1 96 6 239 33 154 90 97 175 68 32 67 173 95 86 149 27 232 252 87 249 228 18 136 71 78 152 43 5 38 142 57 51 115 244 191 208 42 202 177 223 84 16 18 93 238 198 229 75 7 237 39 169 114 130 217 119 92 136 251 181 182 254 141 99 128 228 143 129 186 58 1 15 100 0 227 13 126 54 53 123 8 220 247 22 6 242 41 167 108 135 52 64 70 68 205 182 144 254 79 165 181 85 174 192 139 48 50 48 52 211 149 91 211 50 83 3 163 56 173 124 164 200 3 118 86 155 140 110 9 11 251 181 183 255 140 99 128 224 0 0 0 0 0 0 0 0 0 0 0 0 0 0 0 0 0 0 0 0 0 48 49 48 54 1 78 5 1 5 128 0 0 255 255 255 0 0 6 102 24 24 12 97 0 0 0 0 0 0 0 0 0 1 1 11 0 0 0 0 0 24 24 12 0 0 0 0 0 0 0 32 32 32 32 32 32 32 32 32 32 32 32 32 32 32 0 48 49 48 48 0 0 0 0 0 0 0 0 0 0 0 0 226 7 3 3 17 39 48 0 48 49 48 48 0 0 1 1 0 0 0 0 0 0 0 0 0 0 0 0 0 0 0 0 0 0 0 0 0 0 48 49 48 48 0 0 100 0 98 19 0 0 0 0 0 0 0 0 0 0 0 0 0 0 0 0 0 0 0 0 0 0 0 0 0 0 0 0 0 0 0 0 0 0 0 0 0 0 0 0 0 0 0 0 0 0 0 0 0 0 0 0 0 0 0 0 0 0 0 0 0 0 0 0 0 0 0 0 0 0 0 0 0 0 0 0 0 0 0 0 0 0 0 0 0 0 0 0 0 0 0 0 0 0 0 0 0 0 0 0 0 0 0 0 0 0 0 0 0 0 0 0 0 0 0 0 0 0 0 0 0 0 0 0 0 0 0 0 0 0 0 0 0 0 0 0 0 0 0 0 0 0 0 0 0 0 0 0 0 0 0 0 0 0 0 0 0 0 0 0 0 0 48 50 48 48 255 255 255 0 60 1 12 0 132 1 12 0  78 105 107 111 110 0 2 16 0 0 73 73 42 0 8 0 0 0 58 0 1 0 7 0 4 0 0 0 48 50 49 49 2 0 3 0 2 0 0 0 0 0 100 0 4 0 2 0 8 0 0 0 198 2 0 0 5 0 2 0 13 0 0 0 206 2 0 0 7 0 2 0 7 0 0 0 220 2 0 0 8 0 2 0 13 0 0 0 228 2 0 0 9 0 2 0 20 0 0 0 242 2 0 0 11 0 8 0 2 0 0 0 0 0 0 0 12 0 5 0 4 0 0 0 6 3 0 0 13 0 7 0 4 0 0 0 0 1 6 0 14 0 7 0 4 0 0 0 128 1 12 0 18 0 7 0 4 0 0 0 0 1 6 0 19 0 3 0 2 0 0 0 0 0 100 0 23 0 7 0 4 0 0 0 0 1 6 0 24 0 7 0 4 0 0 0 0 1 6 0 25 0 10 0 1 0 0 0 38 3 0 0 27 0 3 0 7 0 0 0 46 3 0 0 28 0 7 0 3 0 0 0 0 1 6 0 29 0 2 0 8 0 0 0 60 3 0 0 30 0 3 0 1 0 0 0 2 0 0 0 31 0 7 0 8 0 0 0 68 3 0 0 34 0 3 0 1 0 0 0 0 0 0 0 35 0 7 0 58 0 0 0 76 3 0 0 36 0 7 0 4 0 0 0 60 0 0 0 37 0 7 0 14 0 0 0 134 3 0 0 43 0 7 0 16 0 0 0 148 3 0 0 44 0 7 0 62 2 0 0 164 3 0 0 50 0 7 0 8 0 0 0 226 5 0 0 59 0 5 0 4 0 0 0 234 5 0 0 131 0 1 0 1 0 0 0 14 0 0 0 132 0 5 0 4 0 0 0 10 6 0 0 135 0 1 0 1 0 0 0 7 0 0 0 137 0 3 0 1 0 0 0 0 0 0 0 138 0 3 0 1 0 0 0 1 0 0 0 139 0 7 0 4 0 0 0 72 1 12 0 140 0 7 0 66 2 0 0 42 6 0 0 145 0 7 0 122 2 0 0 108 8 0 0 147 0 3 0 1 0 0 0 3 0 0 0 149 0 2 0 5 0 0 0 230 10 0 0 150 0 7 0 46 0 0 0 236 10 0 0 151 0 7 0 72 2 0 0 26 11 0 0 152 0 7 0 33 0 0 0 98 13 0 0 153 0 3 0 2 0 0 0 202 11 218 7 158 0 3 0 10 0 0 0 132 13 0 0 163 0 1 0 1 0 0 0 0 0 0 0 164 0 7 0 4 0 0 0 48 51 48 48 167 0 4 0 1 0 0 0 198 19 0 0 168 0 7 0 49 0 0 0 152 13 0 0 171 0 2 0 16 0 0 0 202 13 0 0 176 0 7 0 16 0 0 0 218 13 0 0 177 0 3 0 1 0 0 0 4 0 0 0 182 0 7 0 8 0 0 0 234 13 0 0 183 0 7 0 30 0 0 0 242 13 0 0 184 0 7 0 172 0 0 0 16 14 0 0 185 0 7 0 4 0 0 0 0 255 0 0 187 0 7 0 8 0 0 0 188 14 0 0 191 0 3 0 1 0 0 0 0 0 0 0 192 0 7 0 8 0 0 0 196 14 0 0 0 0 0 0 82 65 87 32 32 32 32 0 65 85 84 79 49 32 32 32 32 32 32 32 0 0 65 70 45 67 32 32 0 0 78 79 82 77 65 76 32 32 32 32 32 32 0 0 79 112 116 105 111 110 97 108 44 67 111 109 100 114 46 32 32 32 32 0 172 2 0 0 0 1 0 0 101 1 0 0 0 1 0 0 0 1 0 0 0 1 0 0 0 1 0 0 0 1 0 0 0 0 0 0 6 0 0 0 0 0 148 23 180 15 148 23 180 15 0 0 0 0 52 51 57 49 50 51 48 0 48 49 48 48 2 2 0 0 48 49 48 48 83 84 65 78 68 65 82 68 0 0 0 0 0 0 0 0 0 0 0 0 83 84 65 78 68 65 82 68 0 0 0 0 0 0 0 0 0 0 0 0 1 0 0 0 0 128 131 128 128 128 128 255 255 255 60 1 12 0 0 0 60 1 12 0 0 0 0 0 48 49 48 48 0 0 2 17 0 0 0 0 0 0 0 0 48 49 48 49 35 2 128 2 170 1 0 0 0 0 25 2 115 0 64 0 64 0 90 0 232 3 1 0 0 0 31 2 81 1 64 0 64 0 90 0 32 3 1 0 0 0 0 0 0 0 0 0 0 0 0 0 0 0 0 0 0 0 0 0 0 0 0 0 0 0 0 0 0 0 0 0 0 0 0 0 0 0 0 0 0 0 0 0 0 0 0 0 0 0 0 0 0 0 0 0 0 0 0 0 0 0 0 0 0 0 0 0 0 0 0 0 0 0 0 0 0 0 0 0 0 0 0 0 0 0 0 0 0 0 0 0 0 0 0 0 0 0 0 0 0 0 0 0 0 0 0 0 0 0 0 0 0 0 0 0 0 0 0 0 0 0 0 0 0 0 0 0 0 0 0 0 0 0 0 0 0 0 0 0 0 0 0 0 0 0 0 0 0 0 0 0 0 0 0 0 0 0 0 0 0 0 0 0 0 0 0 0 0 0 0 0 0 0 0 0 0 0 0 0 0 0 0 0 0 0 0 0 0 0 0 0 0 0 0 0 0 0 0 0 0 0 0 0 0 0 0 0 0 0 0 0 0 0 0 0 0 0 0 0 0 0 0 0 0 0 0 0 0 0 0 0 0 0 0 0 0 0 0 0 0 0 0 0 0 0 0 0 0 0 0 0 0 0 0 0 0 0 0 0 0 0 0 0 0 0 0 0 0 0 0 0 0 0 0 0 0 0 0 0 0 0 0 0 0 0 0 0 0 0 0 0 0 0 0 0 0 0 0 0 0 0 0 0 0 0 0 0 0 0 0 0 0 0 0 0 0 0 0 0 0 0 0 0 0 0 0 0 0 0 0 0 0 0 0 0 0 0 0 0 0 0 0 0 0 0 0 0 0 0 0 0 0 0 0 0 0 0 0 0 0 0 0 0 0 0 0 0 0 0 0 0 0 0 0 0 0 0 0 0 0 0 0 0 0 0 0 0 0 0 0 0 0 0 0 0 0 0 0 0 0 0 0 0 0 0 0 0 0 0 0 0 0 0 0 0 0 0 0 0 0 0 0 0 0 0 0 0 0 0 0 0 0 0 0 0 0 0 0 0 0 0 0 0 0 0 0 0 0 0 0 0 0 0 0 0 0 0 0 0 0 0 0 0 0 0 0 0 0 0 0 0 0 0 0 0 0 0 0 0 0 0 0 0 0 0 0 0 0 0 0 0 0 0 0 0 0 0 0 0 0 0 0 0 0 0 0 0 0 0 0 0 0 0 0 0 0 0 0 0 0 0 0 0 0 0 0 0 0 0 48 49 48 48 1 0 0 0 0 1 0 0 0 1 0 0 0 1 0 0 0 1 0 0 0 1 0 0 0 1 0 0 0 1 0 0 0 1 0 0 240 0 0 0 10 0 0 0 188 2 0 0 10 0 0 0 28 0 0 0 10 0 0 0 28 0 0 0 10 0 0 0 73 48 0 0 0 0 0 0 0 0 0 0 0 0 0 0 0 0 0 0 0 0 0 0 0 0 0 0 0 0 0 0 0 0 0 0 0 0 0 0 0 0 0 0 0 0 0 0 0 0 0 0 0 0 0 0 0 0 0 0 0 0 0 0 0 0 0 0 0 0 0 0 0 0 0 0 0 0 0 0 0 0 0 0 0 0 0 0 0 0 0 0 0 0 0 0 0 0 0 0 0 0 0 0 0 0 0 0 0 0 0 0 0 0 0 0 0 0 0 0 0 0 0 0 0 0 0 0 0 0 0 0 0 0 0 0 0 0 0 0 0 0 0 0 0 0 0 0 0 0 0 0 0 0 0 0 0 0 0 0 0 0 0 0 0 0 0 0 0 0 0 0 0 0 0 0 0 0 0 0 0 0 0 0 0 0 0 0 0 0 0 0 0 0 0 0 0 0 0 0 0 0 0 0 0 0 0 0 0 0 0 0 0 0 0 0 0 0 0 0 0 0 0 0 0 0 0 0 0 0 0 0 0 0 0 0 0 0 0 0 0 0 0 0 0 0 0 0 0 0 0 0 0 0 0 0 0 0 0 0 0 0 0 0 0 0 0 0 0 0 0 0 0 0 0 0 0 0 0 0 0 0 0 0 0 0 0 0 0 0 0 0 0 0 0 0 0 0 0 0 0 0 0 0 0 0 0 0 0 0 0 0 0 0 0 0 0 0 0 0 0 0 0 0 0 0 0 0 0 0 0 0 0 0 0 0 0 0 0 0 0 0 0 0 0 0 0 0 0 0 0 0 0 0 0 0 0 0 0 0 0 0 0 0 0 0 0 0 0 0 0 0 0 0 0 0 0 0 0 0 0 0 0 0 0 0 0 0 0 0 0 0 0 0 0 0 0 0 0 0 0 0 0 0 0 0 0 0 0 0 0 0 0 0 0 0 0 0 0 0 0 0 0 0 0 0 0 0 0 0 0 0 0 0 0 0 0 0 0 0 0 0 0 0 0 0 0 0 0 0 0 0 0 0 0 0 0 0 0 0 0 0 0 0 0 0 0 0 0 0 0 0 0 0 0 0 0 0 0 0 0 0 0 0 0 0 0 0 0 0 0 0 0 0 0 0 0 0 0 0 0 0 0 0 0 0 0 0 0 0 0 0 0 0 0 0 0 0 0 0 0 0 0 0 0 0 0 0 0 0 0 0 0 0 0 0 0 0 0 0 0 0 0 0 0 0 0 0 0 0 0 0 0 0 0 0 0 0 0 0 0 0 0 0 0 0 0 0 0 0 0 0 0 0 0 0 0 0 48 50 50 55 251 159 239 96 48 19 93 238 217 229 75 248 96 39 169 114 14 222 119 92 132 243 181 182 242 154 99 128 44 150 129 186 213 24 15 100 8 249 13 126 41 47 123 8 232 237 89 2 38 51 167 108 229 208 101 70 210 198 147 144 11 68 49 74 163 77 63 116 232 175 189 14 187 153 171 24 239 219 9 146 34 101 215 124 84 134 21 214 222 45 195 160 132 50 225 218 174 190 111 132 224 131 109 158 22 213 219 40 80 174 185 34 206 243 7 140 116 81 197 102 34 71 243 176 40 197 145 106 22 205 159 148 208 83 29 46 51 160 229 79 31 153 88 150 234 25 255 156 48 59 225 9 190 205 35 192 164 207 65 250 251 65 207 164 208 98 97 64 178 117 97 183 227 119 62 66 83 150 162 172 98 52 210 184 99 28 239 47 54 159 119 181 178 110 226 180 139 12 213 14 213 59 90 124 212 7 41 44 163 70 229 188 61 219 98 233 70 146 141 224 135 111 27 229 63 30 34 196 117 60 197 33 132 11 197 104 67 41 92 156 205 245 236 55 180 81 203 92 49 71 54 10 112 197 106 80 142 200 84 46 63 111 144 146 159 159 63 130 130 93 80 8 71 163 154 38 114 129 93 204 56 247 242 251 79 243 229 193 226 125 59 24 15 159 187 2 1 78 208 115 131 141 105 120 224 83 112 17 202 183 63 58 227 93 198 239 192 33 138 52 43 47 7 10 9 204 78 114 55 254 139 98 190 185 111 237 47 249 249 253 164 26 212 87 55 172 112 33 119 174 90 164 73 218 144 255 159 254 46 224 156 84 140 169 174 22 255 163 140 72 33 13 176 234 175 27 186 6 132 202 53 127 16 180 71 113 31 20 80 211 157 174 6 165 139 184 44 231 233 50 194 153 183 28 200 187 245 118 62 77 163 64 36 79 193 122 122 193 79 36 64 163 77 62 118 245 187 201 29 180 152 194 50 236 230 45 184 139 165 5 171 240 72 192 146 159 11 120 128 116 33 50 69 237 105 68 102 50 132 190 108 223 79 38 60 172 156 188 222 52 51 246 71 233 92 246 142 109 161 228 35 16 193 46 34 67 180 92 37 149 91 232 20 84 248 226 13 139 22 77 216 43 37 37 143 61 51 112 244 191 209 42 202 177 223 84 16 19 93 238 198 229 75 248 236 39 169 114 130 217 119 92 136 251 181 182 254 141 99 128 228 143 129 186 58 1 15 100 0 227 13 126 54 53 123 8 220 247 89 2 242 41 167 108 120 203 101 70 110 221 147 144 212 95 49 74 170 81 63 116 240 179 189 14 166 133 171 24 204 199 9 146 98 121 215 124 104 155 21 214 222 45 195 160 196 47 225 218 169 95 94 160 224 130 105 96 222 212 218 40 188 143 169 34 210 201 6 140 88 107 79 70 70 32 0 0 70 48 0 8 0 8 0 8 0 8 34 0 183 42 170 157 224 114 94 145 24 245 28 153 101 130 240 175 191 32 210 210 47 198 193 2 167 134 197 90 33 88 216 166 202 54 48 50 49 56 221 179 222 171 188 17 56 239 106 231 46 249 236 39 169 114 130 217 119 92 136 251 181 182 254 141 99 128 228 143 129 186 58 1 15 100 0 227 13 126 54 53 123 8 220 247 89 2 242 41 167 108 120 203 101 70 110 221 147 144 212 95 49 74 170 81 63 116 240 179 189 14 166 133 171 24 204 199 136 109 38 122 177 125 106 100 5 151 114 211 135 160 158 208 158 154 61 161 142 123 37 131 55 161 22 213 219 40 247 151 185 35 210 201 7 140 88 107 197 102 78 124 95 178 209 254 145 107 177 240 223 148 208 81 4 55 130 33 15 60 172 103 108 178 168 25 42 156 78 59 115 246 190 205 35 192 164 207 65 250 238 65 219 164 192 35 205 190 246 117 59 72 142 54 59 67 160 104 69 173 63 11 34 134 46 29 83 208 148 159 241 138 105 146 255 183 139 242 61 78 99 192 107 93 140 7 201 210 34 185 131 168 40 207 193 2 158 121 155 248 132 119 21 50 110 201 19 203 158 214 17 209 214 21 225 119 108 215 57 115 109 8 74 206 35 170 189 166 11 189 121 243 69 63 93 170 102 49 151 215 111 236 16 110 96 100 233 104 22 183 61 227 140 88 54 221 179 106 51 38 120 13 208 2 100 15 1 58 186 129 143 230 128 99 141 254 182 181 251 138 92 118 234 130 242 169 167 236 248 79 1 198 240 77 19 16 120 218 131 202 42 209 204 228 100 55 61 142 39 4 104 217 14 1 139 18 202 249 82 252 234 27 237 86 94 172 67 32 68 175 97 90 154 32 239 5 96 2 245 6 150 77 91 168 60 23 57 162 82 73 146 25 216 254 80 243 206 232 106 41 52 102 9 242 10 105 31 20 80 211 157 174 6 165 207 185 211 232 22 61 194 153 183 28 140 186 10 121 193 66 163 64 36 79 133 123 133 206 176 43 64 163 77 62 137 250 68 199 28 183 153 194 50 233 230 44 184 139 165 6 174 157 211 80 20 31 113 10 235 17 127 52 48 115 226 206 249 69 244 216 19 135 73 82 162 57 23 60 168 91 85 150 29 237 1 96 6 239 33 154 90 97 175 68 32 67 173 95 86 149 27 232 252 87 249 228 18 136 71 78 152 43 5 38 142 57 51 115 244 191 208 42 202 177 223 84 16 18 93 238 198 229 75 7 237 39 169 114 130 217 119 92 136 251 181 182 254 141 99 128 228 143 129 186 58 1 15 100 0 227 13 126 54 53 123 8 220 247 22 6 242 41 167 108 135 52 64 70 68 205 182 144 254 79 165 181 85 174 192 139 48 50 48 52 211 149 91 211 50 83 3 163 56 173 124 164 200 3 118 86 155 140 110 9 11 251 181 183 255 140 99 128 224 0 0 0 0 0 0 0 0 0 0 0 0 0 0 0 0 0 0 0 0 0 48 49 48 54 1 78 5 1 5 128 0 0 255 255 255 0 0 6 102 24 24 12 97 0 0 0 0 0 0 0 0 0 1 1 11 0 0 0 0 0 24 24 12 0 0 0 0 0 0 0 32 32 32 32 32 32 32 32 32 32 32 32 32 32 32 0 48 49 48 48 0 0 0 0 0 0 0 0 0 0 0 0 226 7 3 3 17 39 48 0 48 49 48 48 0 0 1 1 0 0 0 0 0 0 0 0 0 0 0 0 0 0 0 0 0 0 0 0 0 0 48 49 48 48 0 0 100 0 98 19 0 0 0 0 0 0 0 0 0 0 0 0 0 0 0 0 0 0 0 0 0 0 0 0 0 0 0 0 0 0 0 0 0 0 0 0 0 0 0 0 0 0 0 0 0 0 0 0 0 0 0 0 0 0 0 0 0 0 0 0 0 0 0 0 0 0 0 0 0 0 0 0 0 0 0 0 0 0 0 0 0 0 0 0 0 0 0 0 0 0 0 0 0 0 0 0 0 0 0 0 0 0 0 0 0 0 0 0 0 0 0 0 0 0 0 0 0 0 0 0 0 0 0 0 0 0 0 0 0 0 0 0 0 0 0 0 0 0 0 0 0 0 0 0 0 0 0 0 0 0 0 0 0 0 0 0 0 0 0 0 0 0 48 50 48 48 255 255 255 0 60 1 12 0 132 1 12 0
Exif.MakerNote.Offset                        Long        1  1004  1004
Exif.MakerNote.ByteOrder                     Ascii       3  II  II
Exif.Nikon3.Version                          Undefined   4  48 50 49 49  2.11
Exif.Nikon3.ISOSpeed                         Short       2  0 100  100
Exif.Nikon3.Quality                          Ascii       8  RAW      RAW    
Exif.Nikon3.WhiteBalance                     Ascii      13  AUTO1         AUTO1       
Exif.Nikon3.Focus                            Ascii       7  AF-C    Continuous autofocus
Exif.Nikon3.FlashSetting                     Ascii      13  NORMAL        NORMAL      
Exif.Nikon3.FlashDevice                      Ascii      20  Optional,Comdr.      Optional,Comdr.    
Exif.Nikon3.WhiteBalanceBias                 SShort      2  0 0  0 0
Exif.Nikon3.WB_RBLevels                      Rational    4  684/256 357/256 256/256 256/256  684/256 357/256 256/256 256/256
Exif.Nikon3.ProgramShift                     Undefined   4  0 1 6 0  0.0 EV
Exif.Nikon3.ExposureDiff                     Undefined   4  128 1 12 0  (128)
Exif.Nikon3.FlashComp                        Undefined   4  0 1 6 0  0.0 EV
Exif.Nikon3.ISOSettings                      Short       2  0 100  100
Exif.Nikon3.FlashExposureComp                Undefined   4  0 1 6 0  0.0 EV
Exif.Nikon3.FlashBracketComp                 Undefined   4  0 1 6 0  0.0 EV
Exif.Nikon3.ExposureBracketComp              SRational   1  0/6  0/6
Exif.Nikon3.CropHiSpeed                      Short       7  0 6036 4020 6036 4020 0 0  0 6036 4020 6036 4020 0 0
Exif.Nikon3.ExposureTuning                   Undefined   3  0 1 6  0 1 6
Exif.Nikon3.SerialNumber                     Ascii       8  4391230  4391230
Exif.Nikon3.ColorSpace                       Short       1  2  Adobe RGB
Exif.NikonVr.Version                         Undefined   4  48 49 48 48  1.00
Exif.NikonVr.VibrationReduction              Byte        3  2 2 0  Off
Exif.Nikon3.ActiveDLighting                  Short       1  0  Off
Exif.NikonPc.Version                         Undefined   4  48 49 48 48  1.00
Exif.NikonPc.Name                            Ascii      20  STANDARD  STANDARD
Exif.NikonPc.Base                            Ascii      20  STANDARD  STANDARD
Exif.NikonPc.Adjust                          Byte        1  0  Default Settings
Exif.NikonPc.QuickAdjust                     Byte        1  128  Normal
Exif.NikonPc.Sharpness                       Byte        1  131  3
Exif.NikonPc.Contrast                        Byte        1  128  Normal
Exif.NikonPc.Brightness                      Byte        1  128  Normal
Exif.NikonPc.Saturation                      Byte        1  128  Normal
Exif.NikonPc.HueAdjustment                   Byte        1  128  Normal
Exif.NikonPc.FilterEffect                    Byte        1  255  n/a
Exif.NikonPc.ToningEffect                    Byte        1  255  n/a
Exif.NikonPc.ToningSaturation                Byte        1  255  n/a
Exif.NikonWt.Timezone                        SShort      1  60  UTC +01:00
Exif.NikonWt.DaylightSavings                 Byte        1  0  No
Exif.NikonWt.DateDisplayFormat               Byte        1  0  Y/M/D
Exif.NikonIi.ISO                             Byte        1  60  100
Exif.NikonIi.ISOExpansion                    Short       1  0  Off
Exif.NikonIi.ISO2                            Byte        1  60  100
Exif.NikonIi.ISOExpansion2                   Short       1  0  Off
Exif.Nikon3.LensType                         Byte        1  14  D G VR
Exif.Nikon3.Lens                             Rational    4  240/10 700/10 28/10 28/10  24-70mm F2.8
Exif.Nikon3.FlashMode                        Byte        1  7  Fire, external
Exif.Nikon3.ShootingMode                     Short       1  0  Single-frame
Exif.Nikon3.AutoBracketRelease               Short       1  1  Auto release
Exif.Nikon3.LensFStops                       Undefined   4  72 1 12 0  6
Exif.Nikon3.ContrastCurve                    Undefined 578  73 48 0 0 0 0 0 0 0 0 0 0 0 0 0 0 0 0 0 0 0 0 0 0 0 0 0 0 0 0 0 0 0 0 0 0 0 0 0 0 0 0 0 0 0 0 0 0 0 0 0 0 0 0 0 0 0 0 0 0 0 0 0 0 0 0 0 0 0 0 0 0 0 0 0 0 0 0 0 0 0 0 0 0 0 0 0 0 0 0 0 0 0 0 0 0 0 0 0 0 0 0 0 0 0 0 0 0 0 0 0 0 0 0 0 0 0 0 0 0 0 0 0 0 0 0 0 0 0 0 0 0 0 0 0 0 0 0 0 0 0 0 0 0 0 0 0 0 0 0 0 0 0 0 0 0 0 0 0 0 0 0 0 0 0 0 0 0 0 0 0 0 0 0 0 0 0 0 0 0 0 0 0 0 0 0 0 0 0 0 0 0 0 0 0 0 0 0 0 0 0 0 0 0 0 0 0 0 0 0 0 0 0 0 0 0 0 0 0 0 0 0 0 0 0 0 0 0 0 0 0 0 0 0 0 0 0 0 0 0 0 0 0 0 0 0 0 0 0 0 0 0 0 0 0 0 0 0 0 0 0 0 0 0 0 0 0 0 0 0 0 0 0 0 0 0 0 0 0 0 0 0 0 0 0 0 0 0 0 0 0 0 0 0 0 0 0 0 0 0 0 0 0 0 0 0 0 0 0 0 0 0 0 0 0 0 0 0 0 0 0 0 0 0 0 0 0 0 0 0 0 0 0 0 0 0 0 0 0 0 0 0 0 0 0 0 0 0 0 0 0 0 0 0 0 0 0 0 0 0 0 0 0 0 0 0 0 0 0 0 0 0 0 0 0 0 0 0 0 0 0 0 0 0 0 0 0 0 0 0 0 0 0 0 0 0 0 0 0 0 0 0 0 0 0 0 0 0 0 0 0 0 0 0 0 0 0 0 0 0 0 0 0 0 0 0 0 0 0 0 0 0 0 0 0 0 0 0 0 0 0 0 0 0 0 0 0 0 0 0 0 0 0 0 0 0 0 0 0 0 0 0 0 0 0 0 0 0 0 0 0 0 0 0 0 0 0 0 0 0 0 0 0 0 0 0 0 0 0 0 0 0 0 0 0 0 0 0 0 0 0 0 0 0 0 0 0 0 0 0 0 0 0 0 0 0 0 0 0 0 0 0 0 0 0 0 0 0 0 0 0 0 0 0 0 0 0 0 0 0 0 0 0 0 0 0 0 0 0 0 0 0 0 0 0 0 0 0 0 0 0 0 0 0 0 0 0 0 0 0 0 0 0 0 0 0 0 0  73 48 0 0 0 0 0 0 0 0 0 0 0 0 0 0 0 0 0 0 0 0 0 0 0 0 0 0 0 0 0 0 0 0 0 0 0 0 0 0 0 0 0 0 0 0 0 0 0 0 0 0 0 0 0 0 0 0 0 0 0 0 0 0 0 0 0 0 0 0 0 0 0 0 0 0 0 0 0 0 0 0 0 0 0 0 0 0 0 0 0 0 0 0 0 0 0 0 0 0 0 0 0 0 0 0 0 0 0 0 0 0 0 0 0 0 0 0 0 0 0 0 0 0 0 0 0 0 0 0 0 0 0 0 0 0 0 0 0 0 0 0 0 0 0 0 0 0 0 0 0 0 0 0 0 0 0 0 0 0 0 0 0 0 0 0 0 0 0 0 0 0 0 0 0 0 0 0 0 0 0 0 0 0 0 0 0 0 0 0 0 0 0 0 0 0 0 0 0 0 0 0 0 0 0 0 0 0 0 0 0 0 0 0 0 0 0 0 0 0 0 0 0 0 0 0 0 0 0 0 0 0 0 0 0 0 0 0 0 0 0 0 0 0 0 0 0 0 0 0 0 0 0 0 0 0 0 0 0 0 0 0 0 0 0 0 0 0 0 0 0 0 0 0 0 0 0 0 0 0 0 0 0 0 0 0 0 0 0 0 0 0 0 0 0 0 0 0 0 0 0 0 0 0 0 0 0 0 0 0 0 0 0 0 0 0 0 0 0 0 0 0 0 0 0 0 0 0 0 0 0 0 0 0 0 0 0 0 0 0 0 0 0 0 0 0 0 0 0 0 0 0 0 0 0 0 0 0 0 0 0 0 0 0 0 0 0 0 0 0 0 0 0 0 0 0 0 0 0 0 0 0 0 0 0 0 0 0 0 0 0 0 0 0 0 0 0 0 0 0 0 0 0 0 0 0 0 0 0 0 0 0 0 0 0 0 0 0 0 0 0 0 0 0 0 0 0 0 0 0 0 0 0 0 0 0 0 0 0 0 0 0 0 0 0 0 0 0 0 0 0 0 0 0 0 0 0 0 0 0 0 0 0 0 0 0 0 0 0 0 0 0 0 0 0 0 0 0 0 0 0 0 0 0 0 0 0 0 0 0 0 0 0 0 0 0 0 0 0 0 0 0 0 0 0 0 0 0 0 0 0 0 0 0 0 0 0 0 0 0 0 0 0 0 0 0 0 0 0 0 0 0 0 0 0 0 0 0 0 0 0 0 0 0 0 0 0 0 0 0 0 0 0 0 0 0 0 0 0 0 0 0 0 0 0 0 0 0 0 0 0 0 0 0 0 0 0 0
Exif.NikonSi02xx.Version                     Undefined   4  48 50 50 55  2.27
Exif.NikonSi02xx.ShutterCount1               Long        1  0  0
Exif.NikonSi02xx.DeletedImageCount           Long        1  60473  60473
Exif.NikonSi02xx.VibrationReduction          Byte        1  58  (58)
Exif.NikonSi02xx.VibrationReduction1         Byte        1  0  Off
Exif.NikonSi02xx.ShutterCount2               Undefined   2  1 76  1 76
Exif.NikonSi02xx.VibrationReduction2         Byte        1  0  n/a
Exif.NikonSi02xx.ISO                         Byte        1  0  3
Exif.NikonSi02xx.ShutterCount                Long        1  16777216  16777216
Exif.Nikon3.NEFCompression                   Short       1  3  Lossless
Exif.Nikon3.NoiseReduction                   Ascii       5  OFF   OFF 
Exif.Nikon3.LinearizationTable               Undefined  46  70 48 0 8 0 8 0 8 0 8 34 0 183 42 170 157 224 114 94 145 24 245 28 153 101 130 240 175 191 32 210 210 47 198 193 2 167 134 197 90 33 88 216 166 202 54  70 48 0 8 0 8 0 8 0 8 34 0 183 42 170 157 224 114 94 145 24 245 28 153 101 130 240 175 191 32 210 210 47 198 193 2 167 134 197 90 33 88 216 166 202 54
Exif.NikonCb2b.Version                       Undefined   4  48 50 49 56  2.18
Exif.NikonCb2b.WB_RGGBLevels                 Short       4  54364 25724 7876 17516  54364 25724 7876 17516
Exif.NikonLd3.Version                        Undefined   4  48 50 48 52  2.04
Exif.NikonLd3.ExitPupilPosition              Byte        1  25  81.9 mm
Exif.NikonLd3.AFAperture                     Byte        1  36  F2.8
Exif.NikonLd3.FocusPosition                  Byte        1  34  34
Exif.NikonLd3.FocusDistance                  Byte        1  94  2.24 m
Exif.NikonLd3.FocalLength                    Byte        1  77  46.2 mm
Exif.NikonLd3.LensIDNumber                   Byte        1  254  Tamron SP 24-70mm F/2.8 Di VC USD
Exif.NikonLd3.LensFStops                     Byte        1  72  F6.0
Exif.NikonLd3.MinFocalLength                 Byte        1  55  24.5 mm
Exif.NikonLd3.MaxFocalLength                 Byte        1  92  71.3 mm
Exif.NikonLd3.MaxApertureAtMinFocal          Byte        1  36  F2.8
Exif.NikonLd3.MaxApertureAtMaxFocal          Byte        1  36  F2.8
Exif.NikonLd3.MCUVersion                     Byte        1  223  223
Exif.NikonLd3.EffectiveMaxAperture           Byte        1  36  F2.8
Exif.Nikon3.RawImageCenter                   Short       2  3018 2010  3018 2010
Exif.Nikon3.RetouchHistory                   Short      10  0 0 0 0 0 0 0 0 0 0  None
Exif.Nikon3.ShutterCount                     Long        1  5062  5062
Exif.NikonFl6.Version                        Undefined   4  48 49 48 54  1.06
Exif.NikonFl6.FlashSource                    Byte        1  1  External
Exif.NikonFl6.ExternalFlashFirmware          Short       1  1281  5.01 (SB-900)
Exif.NikonFl6.ExternalFlashData1             Byte        1  5  Fired, Bounce Flash adaptor
Exif.NikonFl6.ExternalFlashData2             Byte        1  128  External flash on, Off
Exif.NikonFl6.FlashCompensationMaster        Byte        1  0  0.0 EV
Exif.NikonFl6.FlashFocalLength               Byte        1  255  n/a
Exif.NikonFl6.RepeatingFlashRate             Byte        1  255  n/a
Exif.NikonFl6.RepeatingFlashCount            Byte        1  255  n/a
Exif.NikonFl6.FlashGNDistance                Byte        1  0  n/a
Exif.NikonFl6.FlashColorFilter               Byte        1  0  None
Exif.NikonFl6.FlashGroupAControlData         Byte        1  6  Manual
Exif.NikonFl6.FlashGroupBCControlData        Byte        1  102  Manual, Manual
Exif.NikonFl6.FlashCompensationGroupA        Byte        1  24  1/16
Exif.NikonFl6.FlashCompensationGroupB        Byte        1  24  1/16
Exif.NikonFl6.FlashCompensationGroupC        Byte        1  12  1/4
Exif.NikonFl6.CameraExposureCompensation     Byte        1  0  0.0 EV
Exif.NikonFl6.CameraFlashCompensation        Byte        1  0  0.0 EV
Exif.NikonFl6.FlashMasterOutput              Byte        1  0  0.0 EV
Exif.NikonFl6.FlashGroupAOutput              Byte        1  24  1/16
Exif.NikonFl6.FlashGroupBOutput              Byte        1  24  1/16
Exif.NikonFl6.FlashGroupCOutput              Byte        1  12  1/4
Exif.Nikon3.VariProgram                      Ascii      16                                  
Exif.NikonMe.Version                         Undefined   4  48 49 48 48  1.00
Exif.NikonMe.MultiExposureMode               Long        1  0  Off
Exif.NikonMe.MultiExposureShots              Long        1  0  0
Exif.NikonMe.MultiExposureAutoGain           Long        1  0  Off
Exif.Nikon3.HighISONoiseReduction            Short       1  4  Normal
Exif.NikonAf2.Version                        Undefined   4  48 49 48 48  1.00
Exif.NikonAf2.ContrastDetectAF               Byte        1  0  Off
Exif.NikonAf2.AFAreaMode                     Byte        1  0  0
Exif.NikonAf2.PhaseDetectAF                  Byte        1  1  On (51-point)
Exif.NikonAf2.PrimaryAFPoint                 Byte        1  1  1
Exif.NikonAf2.AFPointsUsed                   Byte        7  0 0 0 0 0 0 0  0 0 0 0 0 0 0
Exif.NikonAf2.AFImageWidth                   Short       1  0  0
Exif.NikonAf2.AFImageHeight                  Short       1  0  0
Exif.NikonAf2.AFAreaXPosition                Short       1  0  0
Exif.NikonAf2.AFAreaYPosition                Short       1  0  0
Exif.NikonAf2.AFAreaWidth                    Short       1  0  0
Exif.NikonAf2.AFAreaHeight                   Short       1  0  0
Exif.NikonAf2.ContrastDetectAFInFocus        Byte        1  0  No
Exif.NikonFi.Version                         Undefined   4  48 49 48 48  1.00
Exif.NikonFi.DirectoryNumber                 Short       1  100  100
Exif.NikonFi.FileNumber                      Short       1  4962  4962
Exif.NikonAFT.AFFineTune                     Byte        1  0  Off
Exif.NikonAFT.AFFineTuneIndex                Byte        1  255  255
Exif.NikonAFT.AFFineTuneAdj                  SByte       1  0  0
Exif.Photo.UserComment                       Undefined  44  charset=Ascii                                       charset=Ascii                                     
Exif.Photo.SubSecTime                        Ascii       3  70  70
Exif.Photo.SubSecTimeOriginal                Ascii       3  70  70
Exif.Photo.SubSecTimeDigitized               Ascii       3  70  70
Exif.Photo.SensingMethod                     Short       1  2  One-chip color area
Exif.Photo.FileSource                        Undefined   1  3  Digital still camera
Exif.Photo.SceneType                         Undefined   1  1  Directly photographed
Exif.Photo.CFAPattern                        Undefined   8  2 0 2 0 0 1 1 2  2 0 2 0 0 1 1 2
Exif.Photo.CustomRendered                    Short       1  0  Normal process
Exif.Photo.ExposureMode                      Short       1  1  Manual
Exif.Photo.WhiteBalance                      Short       1  0  Auto
Exif.Photo.DigitalZoomRatio                  Rational    1  1/1  1.0
Exif.Photo.FocalLengthIn35mmFilm             Short       1  69  69.0 mm
Exif.Photo.SceneCaptureType                  Short       1  0  Standard
Exif.Photo.GainControl                       Short       1  0  None
Exif.Photo.Contrast                          Short       1  0  Normal
Exif.Photo.Saturation                        Short       1  0  Normal
Exif.Photo.Sharpness                         Short       1  0  Normal
Exif.Photo.SubjectDistanceRange              Short       1  0  Unknown
Exif.Image.GPSTag                            Long        1  4862  4862
Exif.GPSInfo.GPSVersionID                    Byte        4  2 3 0 0  2.3.0.0
Exif.GPSInfo.GPSLatitudeRef                  Ascii       2  N  North
Exif.GPSInfo.GPSLatitude                     Rational    3  48/1 136743/10000 0/1  48 deg 13' 40.46"
Exif.GPSInfo.GPSLongitudeRef                 Ascii       2  E  East
Exif.GPSInfo.GPSLongitude                    Rational    3  8/1 249176/10000 0/1  8 deg 24' 55.06"
Exif.GPSInfo.GPSAltitudeRef                  Byte        1  0  Above sea level
Exif.GPSInfo.GPSAltitude                     Rational    1  0/1  0 m
Exif.GPSInfo.GPSTimeStamp                    Rational    3  10/1 17/1 2300/100  10:17:23
Exif.GPSInfo.GPSSatellites                   Ascii       3  01  01
Exif.GPSInfo.GPSMapDatum                     Ascii      17  WGS84  WGS84
Exif.GPSInfo.GPSDateStamp                    Ascii      11  2019:03:30  2019:03:30
Exif.Image.DateTimeOriginal                  Ascii      20  2019:03:30 11:17:23  2019:03:30 11:17:23
Exif.Image.TIFFEPStandardID                  Byte        4  1 0 0 0  1 0 0 0
