Error: Directory Image: Next pointer is out of bounds; ignored.
Exif.Image.ImageWidth                        Short       1  3173  3173
Exif.Image.ImageLength                       Short       1  2011  2011
Exif.Image.Software                          Ascii      10  LightZone  LightZone
Exif.Image.HostComputer                      Ascii      20  Linux 2.6.15-23-686  Linux 2.6.15-23-686
Exif.Image.ExposureTime                      Rational    1  16/5  3.2 s
Exif.Image.FNumber                           Rational    1  9/1  F9
Exif.Image.ExifTag                           Long        1  784  784
Exif.Photo.ExifVersion                       Undefined   4  48 50 50 48  2.20
Exif.Photo.PixelXDimension                   Short       1  3173  3173
Exif.Photo.PixelYDimension                   Short       1  2011  2011
Exif.Image.ExposureProgram                   Short       1  1  Manual
Exif.Image.ISOSpeedRatings                   Short       1  250  250
Exif.Image.DateTimeOriginal                  Ascii      20  2006:05:27 12:37:03  2006:05:27 12:37:03
Exif.Image.ShutterSpeedValue                 SRational   1  -54987/32768  3 s
Exif.Image.ApertureValue                     Rational    1  1623/256  F9
Exif.Image.ExposureBiasValue                 SRational   1  0/1  0 EV
Exif.Image.MeteringMode                      Short       1  5  Multi-segment
Exif.Image.Flash                             Short       1  16  No, compulsory
Exif.Image.FocalLength                       Rational    1  24/1  24.0 mm
