Xmp.dc.subject                               XmpBag      1  Celebs: JEnna Marbles  Celebs: JEnna Marbles
Xmp.xmpMM.InstanceID                         XmpText    41  uuid:e61b1e9d-b8e4-6a17-a443-74b51849baaf  uuid:e61b1e9d-b8e4-6a17-a443-74b51849baaf
