Exif.Image.Make                              Ascii       6  Canon  Canon
Exif.Image.Model                             Ascii      14  Canon EOS 30D  Canon EOS 30D
Exif.Image.Orientation                       Short       1  1  top, left
Exif.Image.XResolution                       Rational    1  72/1  72
Exif.Image.YResolution                       Rational    1  72/1  72
Exif.Image.ResolutionUnit                    Short       1  2  inch
Exif.Image.DateTime                          Ascii      20  2015:12:19 19:19:57  2015:12:19 19:19:57
Exif.Image.YCbCrPositioning                  Short       1  2  Co-sited
Exif.Image.ExifTag                           Long        1  178  178
Exif.Photo.ExposureTime                      Rational    1  1/200  1/200 s
Exif.Photo.FNumber                           Rational    1  63/10  F6.3
Exif.Photo.ExposureProgram                   Short       1  2  Auto
Exif.Photo.ISOSpeedRatings                   Short       1  1250  1250
Exif.Photo.ExifVersion                       Undefined   4  48 50 50 49  2.21
Exif.Photo.DateTimeOriginal                  Ascii      20  2015:12:19 19:19:57  2015:12:19 19:19:57
Exif.Photo.DateTimeDigitized                 Ascii      20  2015:12:19 19:19:57  2015:12:19 19:19:57
Exif.Photo.ComponentsConfiguration           Undefined   4  1 2 3 0  YCbCr
Exif.Photo.ShutterSpeedValue                 SRational   1  500948/65536  1/200 s
Exif.Photo.ApertureValue                     Rational    1  348042/65536  F6.3
Exif.Photo.ExposureBiasValue                 SRational   1  0/3  0 EV
Exif.Photo.MeteringMode                      Short       1  5  Multi-segment
Exif.Photo.Flash                             Short       1  16  No, compulsory
Exif.Photo.FocalLength                       Rational    1  24/1  24.0 mm
Exif.Photo.MakerNote                         Undefined 3826  29 0 1 0 3 0 46 0 0 0 194 3 0 0 2 0 3 0 4 0 0 0 30 4 0 0 3 0 3 0 4 0 0 0 38 4 0 0 4 0 3 0 34 0 0 0 46 4 0 0 6 0 2 0 32 0 0 0 114 4 0 0 7 0 2 0 32 0 0 0 146 4 0 0 9 0 2 0 32 0 0 0 178 4 0 0 12 0 4 0 1 0 0 0 227 47 167 90 13 0 7 0 0 4 0 0 210 4 0 0 15 0 3 0 20 0 0 0 210 8 0 0 16 0 4 0 1 0 0 0 52 2 0 128 18 0 3 0 28 0 0 0 250 8 0 0 19 0 3 0 4 0 0 0 50 9 0 0 21 0 4 0 1 0 0 0 0 0 0 160 25 0 3 0 1 0 0 0 1 0 0 0 131 0 4 0 1 0 0 0 0 0 0 0 147 0 3 0 16 0 0 0 58 9 0 0 149 0 2 0 64 0 0 0 90 9 0 0 150 0 2 0 16 0 0 0 154 9 0 0 160 0 3 0 14 0 0 0 170 9 0 0 170 0 3 0 5 0 0 0 198 9 0 0 180 0 3 0 1 0 0 0 1 0 0 0 208 0 4 0 1 0 0 0 0 0 0 0 224 0 3 0 17 0 0 0 208 9 0 0 1 64 3 0 28 3 0 0 242 9 0 0 8 64 3 0 3 0 0 0 42 16 0 0 9 64 3 0 3 0 0 0 48 16 0 0 16 64 2 0 32 0 0 0 54 16 0 0 17 64 7 0 252 0 0 0 86 16 0 0 0 0 0 0 92 0 2 0 0 0 2 0 0 0 4 0 0 0 0 0 0 0 1 0 2 0 1 0 0 0 0 0 0 0 0 0 255 127 3 0 2 0 0 0 1 0 255 255 255 255 24 0 24 0 1 0 95 0 29 1 0 0 0 0 0 0 0 0 0 0 255 255 255 255 0 0 0 0 0 0 0 0 255 255 0 0 255 127 0 0 255 127 255 255 255 255 1 0 24 0 139 3 93 2 100 0 0 0 0 0 0 0 68 0 0 0 20 1 136 0 172 0 244 0 0 0 0 0 3 0 0 0 8 0 8 0 156 0 0 0 0 0 0 0 0 0 0 0 1 0 0 0 0 0 172 0 240 0 126 0 0 0 0 0 252 0 0 0 255 255 0 0 0 0 0 0 0 0 0 0 67 97 110 111 110 32 69 79 83 32 51 48 68 0 0 0 0 0 0 0 0 0 0 0 0 0 0 0 0 0 0 0 70 105 114 109 119 97 114 101 32 49 46 48 46 53 0 0 0 0 0 0 0 0 0 0 0 0 0 0 0 0 0 0 117 110 107 110 111 119 110 0 1 0 0 0 13 0 0 0 1 0 0 0 15 0 0 0 1 0 0 0 20 0 0 0 0 0 0 0 0 0 0 0 0 0 0 0 0 0 0 0 0 0 0 0 0 0 0 0 0 0 0 0 0 0 0 0 0 0 0 0 0 0 0 0 0 0 0 0 0 0 0 0 0 0 0 0 0 0 0 0 0 0 0 0 0 0 0 0 0 0 0 0 0 0 0 0 0 0 0 0 0 0 0 0 0 0 0 0 0 0 0 0 0 0 0 0 0 0 0 0 0 0 0 0 0 0 0 0 0 0 0 0 0 0 0 0 0 0 0 0 0 0 0 0 0 0 0 0 0 0 0 0 0 0 0 0 0 0 0 0 0 0 0 0 0 0 0 0 0 0 0 0 0 0 0 0 0 0 0 0 0 0 0 0 0 0 0 0 0 0 0 0 0 0 0 0 0 0 0 0 0 0 0 0 0 0 0 0 0 0 0 0 0 0 0 0 0 0 0 0 0 0 0 0 0 0 0 0 0 0 0 0 0 0 0 0 0 0 0 0 0 0 0 0 0 0 0 0 0 0 0 0 0 0 0 0 0 0 0 0 0 0 0 0 0 0 0 0 0 0 0 0 0 0 0 0 0 0 0 0 0 0 0 0 0 0 0 0 0 0 0 0 0 0 0 0 0 0 0 0 0 0 0 0 0 0 0 0 0 0 0 0 0 0 0 0 0 0 0 0 0 0 0 0 0 0 0 0 0 0 0 0 0 0 0 0 0 0 0 0 0 0 0 0 0 0 0 0 0 0 0 0 0 0 0 0 0 0 0 0 0 0 0 0 0 0 0 0 0 0 0 0 0 0 0 0 0 0 0 0 0 0 0 0 0 0 0 0 0 0 0 0 0 0 0 0 0 0 0 0 0 0 0 0 0 0 0 0 0 0 0 0 0 0 0 0 0 0 0 0 0 0 0 0 0 0 0 0 0 0 0 0 0 0 0 0 0 0 0 0 0 0 0 0 0 0 0 0 0 0 0 0 0 0 0 0 0 0 0 0 0 0 0 0 0 0 0 0 0 0 0 0 0 0 0 0 0 0 0 0 0 0 0 0 0 0 0 0 0 0 0 0 0 0 0 0 0 0 0 0 0 0 0 0 0 0 0 0 0 0 0 0 0 0 0 0 0 0 0 0 0 0 0 0 0 0 0 0 0 0 0 0 0 0 0 0 0 0 0 0 0 0 0 0 0 0 0 0 0 0 0 0 0 0 0 0 0 0 0 0 0 0 0 0 0 0 0 0 0 0 0 0 0 0 0 0 0 0 0 0 0 0 0 0 0 0 0 0 0 0 0 0 0 0 0 0 0 0 0 0 0 0 0 0 0 0 0 0 0 0 0 0 0 0 0 0 0 0 0 0 0 0 0 0 0 0 0 0 0 0 0 0 0 0 0 0 0 0 0 0 0 0 0 0 0 0 0 0 0 0 0 0 0 0 0 0 0 0 0 0 0 0 0 0 0 0 0 0 0 0 0 0 0 0 0 0 0 0 0 0 0 0 0 0 0 0 0 0 0 0 0 0 0 0 0 0 0 0 0 0 0 0 0 0 0 0 0 0 0 0 0 0 0 0 0 0 0 0 0 0 0 0 0 0 0 0 0 0 0 0 0 0 0 0 0 0 0 0 0 0 0 0 0 0 0 0 0 0 0 0 0 0 0 0 0 0 0 0 0 0 0 0 0 0 0 0 0 0 0 0 0 0 0 0 0 0 0 0 0 0 0 0 0 0 0 0 0 0 0 0 0 0 0 0 0 0 0 0 0 0 0 0 0 0 0 0 0 0 0 0 0 0 0 0 0 0 0 0 0 0 0 0 0 0 0 0 0 0 0 0 0 0 0 0 0 0 0 0 0 0 0 0 0 0 0 0 0 0 0 0 0 0 0 0 0 0 0 0 0 0 0 0 0 0 0 0 0 0 0 0 0 0 0 0 0 0 0 0 0 0 0 0 0 0 0 0 0 0 0 0 0 0 0 0 0 0 0 0 0 0 0 0 0 0 0 0 0 0 0 0 0 0 0 0 0 0 0 0 0 0 0 0 0 0 0 0 0 0 0 0 0 0 0 0 0 0 0 0 0 0 0 0 0 0 0 0 0 0 0 0 0 0 0 0 0 0 0 0 0 0 0 0 0 0 0 0 0 0 0 0 0 0 0 0 0 0 0 0 0 0 0 0 0 0 0 0 0 0 0 0 0 0 0 0 0 0 0 0 0 0 0 0 0 0 0 0 0 0 0 0 0 0 0 0 0 0 0 0 0 0 0 0 0 0 0 0 0 0 0 0 0 0 0 0 0 0 0 0 0 0 0 0 0 0 0 0 0 0 40 0 0 1 1 2 0 3 0 4 0 5 0 6 0 7 1 8 0 9 0 10 0 11 0 12 0 13 0 14 0 15 1 16 1 17 0 18 0 19 9 0 9 0 192 6 128 4 176 13 32 9 78 0 78 0 8 0 213 253 59 2 93 252 8 0 179 3 213 253 59 2 8 0 248 1 14 1 14 1 4 0 4 0 4 0 250 254 250 254 16 254 148 0 255 255 0 0 159 0 7 0 112 0 32 0 94 145 64 0 0 0 0 0 0 0 255 255 255 255 4 0 0 0 0 0 0 0 0 0 0 0 0 0 0 0 0 0 0 0 0 0 0 0 0 0 0 0 0 0 0 0 0 0 0 0 0 0 0 0 0 0 0 0 0 0 0 0 0 0 0 0 0 0 0 0 0 0 0 0 0 0 0 0 0 0 0 0 0 0 0 0 0 0 0 0 0 0 0 0 70 48 52 51 49 52 52 55 0 0 0 0 0 0 0 0 28 0 0 0 0 0 0 0 0 0 0 0 0 0 0 0 0 128 180 20 133 0 0 0 0 0 0 0 10 0 202 1 0 4 0 4 222 2 34 0 12 14 56 9 1 0 1 0 84 0 19 0 3 14 50 9 0 0 0 0 0 0 0 0 0 0 0 0 0 0 0 0 1 0 70 3 0 4 0 4 116 1 56 2 0 4 0 4 34 2 118 1 0 4 0 4 60 3 235 0 44 1 44 1 107 0 174 0 69 1 68 1 171 0 122 0 83 1 82 1 14 1 254 255 255 255 140 0 142 0 137 0 0 0 226 1 77 4 73 4 177 2 236 0 60 0 61 0 5 0 220 1 132 3 131 3 131 0 21 0 204 0 202 0 186 1 34 2 190 4 180 4 0 3 7 1 64 0 64 0 6 0 29 2 217 3 214 3 155 0 27 0 240 0 239 0 243 1 68 9 0 4 0 4 151 5 179 23 68 9 0 4 0 4 151 5 179 23 66 9 253 3 2 4 149 5 179 23 58 8 0 4 0 4 4 6 80 20 112 9 0 4 0 4 253 4 88 27 217 8 0 4 0 4 116 5 112 23 29 6 58 4 58 4 7 10 128 12 98 7 23 4 23 4 241 8 168 14 79 8 0 4 0 4 240 5 174 20 246 8 0 4 0 4 77 5 126 24 255 31 0 4 0 4 255 31 202 16 255 31 0 4 0 4 255 31 202 16 255 31 0 4 0 4 255 31 202 16 58 8 0 4 0 4 4 6 70 20 153 254 126 1 212 3 148 42 171 254 134 1 186 3 16 39 217 254 152 1 120 3 108 32 16 255 178 1 53 3 88 27 75 255 207 1 239 2 112 23 105 255 223 1 207 2 224 21 139 255 242 1 169 2 80 20 191 255 16 2 117 2 92 18 252 255 56 2 62 2 104 16 58 0 103 2 13 2 216 14 113 0 145 2 225 1 172 13 178 0 196 2 176 1 128 12 225 0 240 2 145 1 184 11 23 1 37 3 110 1 240 10 146 1 178 3 44 1 96 9 244 1 18 8 36 8 128 0 128 0 128 0 128 0 0 0 0 0 12 0 24 0 0 0 57 0 38 0 20 0 30 0 56 0 42 0 55 0 0 0 0 0 0 0 0 0 13 0 31 0 17 0 24 0 49 0 53 0 60 0 61 0 63 0 60 0 60 0 52 0 42 0 63 0 0 0 0 0 27 0 32 0 19 0 24 0 51 0 56 0 67 0 55 0 69 0 60 0 55 0 67 0 84 0 49 0 53 0 0 0 52 0 40 0 32 0 70 0 53 0 56 0 60 0 65 0 69 0 71 0 65 0 68 0 71 0 82 0 64 0 0 0 0 0 0 0 34 0 50 0 0 0 126 0 70 0 46 0 76 0 124 0 78 0 104 0 0 0 0 0 0 0 0 0 35 0 79 0 41 0 57 0 113 0 124 0 139 0 136 0 142 0 135 0 133 0 113 0 85 0 126 0 0 0 0 0 65 0 73 0 46 0 56 0 119 0 133 0 159 0 123 0 161 0 135 0 122 0 151 0 177 0 115 0 119 0 0 0 124 0 97 0 77 0 163 0 122 0 132 0 141 0 154 0 161 0 167 0 152 0 159 0 166 0 189 0 146 0 0 0 0 0 0 0 29 0 45 0 0 0 105 0 65 0 36 0 55 0 93 0 65 0 82 0 0 0 0 0 0 0 0 0 33 0 75 0 39 0 53 0 98 0 106 0 117 0 117 0 117 0 106 0 102 0 85 0 65 0 95 0 0 0 0 0 66 0 76 0 46 0 53 0 108 0 117 0 138 0 107 0 133 0 109 0 97 0 113 0 137 0 79 0 83 0 0 0 137 0 104 0 80 0 163 0 115 0 120 0 126 0 135 0 138 0 137 0 121 0 121 0 123 0 139 0 101 0 0 0 0 0 0 0 32 0 39 0 0 0 93 0 50 0 32 0 52 0 84 0 48 0 63 0 0 0 0 0 0 0 0 0 33 0 72 0 34 0 43 0 81 0 87 0 94 0 89 0 90 0 83 0 78 0 63 0 45 0 66 0 0 0 0 0 58 0 63 0 38 0 41 0 81 0 89 0 103 0 78 0 98 0 79 0 68 0 83 0 92 0 60 0 60 0 0 0 102 0 78 0 60 0 116 0 80 0 85 0 87 0 94 0 94 0 93 0 82 0 83 0 84 0 94 0 68 0 0 0 0 0 0 0 0 0 0 0 0 0 0 0 0 0 0 0 0 0 0 0 0 0 0 0 0 0 0 0 0 0 0 0 0 0 0 0 0 0 0 0 0 0 0 0 0 0 0 0 0 0 0 0 0 0 0 0 0 0 0 0 0 0 0 0 0 0 0 0 0 0 0 0 0 0 0 0 0 0 0 0 0 0 0 0 0 0 0 0 0 0 0 0 0 0 0 0 0 0 0 0 0 0 0 0 0 0 0 0 0 0 0 0 0 0 0 0 0 0 0 0 0 0 0 0 0 0 0 0 0 0 0 0 2 0 2 0 0 0 1 0 1 0 3 0 5 0 1 0 2 0 2 0 0 0 0 0 0 0 0 0 3 0 3 0 31 0 250 0 11 0 11 0 18 0 14 0 37 0 16 0 11 0 4 0 1 0 2 0 0 0 0 0 2 0 5 0 102 0 45 2 33 0 31 0 25 0 20 0 54 0 24 0 15 0 8 0 1 0 2 0 2 0 0 0 154 0 33 1 34 7 201 80 195 0 94 0 73 0 50 0 114 0 49 0 61 0 33 0 21 0 20 0 44 0 0 0 0 0 0 0 0 0 0 128 0 0 84 4 0 4 0 4 243 10 26 16 32 31 1 0 28 15 47 0 172 255 126 15 240 16 205 255 92 0 134 16 124 15 2 15 6 16 250 255 65 0 227 255 106 15 216 14 187 15 251 255 88 0 11 0 15 17 250 15 187 255 29 0 63 17 70 16 161 255 245 255 0 0 17 0 196 171 0 0 0 0 179 255 208 165 0 0 0 0 0 0 132 0 160 255 104 207 0 0 127 0 0 0 4 34 0 0 0 0 0 0 0 0 0 0 0 1 1 0 134 97 3 0 235 49 3 0 178 31 2 0 94 59 0 4 0 4 5 0 0 4 0 0 0 0 0 0 0 0 105 0 255 31 0 2 255 31 0 2 0 4 0 4 226 2 182 1 0 2 179 2 163 1 121 3 0 0 0 0 0 0 0 0 0 0 0 0 0 0 0 0 0 0 0 0 0 0 0 0 0 0 0 0 0 0 0 0 0 0 0 0 0 0 0 0 0 0 0 0 0 0 0 0 0 0 0 0 0 0 0 0 0 0 0 0 0 0 0 0 0 0 0 0 0 0 0 0 0 0 0 0 0 0 0 0 0 0 0 0 0 0 0 0 0 0 0 0 0 0 0 0 0 0 0 0 0 0 0 0 0 0 0 0 0 0 0 0 0 0 0 0 0 0 0 0 0 0 0 0 0 0 0 0 0 0 0 0 0 0 0 0 0 0 0 0 0 0 0 0 0 0 0 0 0 0 0 0 0 0 0 0 0 0 0 0 0 0 0 0 0 0 0 0 0 0 0 0 0 0 0 0 0 0 0 0 0 0 0 0 0 0 0 0 0 0 0 0 0 0 0 0 0 0 0 0 0 0 0 0 0 0 0 0 0 0 0 0 0 0 0 0 0 0 0 0 0 0 0 0 0 0 0 0 0 0 0 0 0 0 0 0 0 0 0 0 129 0 129 0 129 0 0 0 0 0 0 0 0 0 0 0 0 0 0 0 0 0 0 0 0 0 0 0 0 0 0 0 0 0 0 0 0 0 0 0 0 0 0 0 0 0 0 0 0 0 0 0 0 0 0 0 0 0 0 0 0 0 0 0 0 0 0 0 0 0 0 0 0 0 0 0 0 0 0 0 0 0 0 0 0 0 0 0 0 0 0 0 0 0 0 0 0 0 0 0 0 0 0 0 0 0 0 0 0 0 0 0 0 0 0 0 0 0 0 0 0 0 0 0 0 0 0 0 0 0 0 0 0 0 0 0 0 0 0 0 0 0 0 0 0 0 0 0 0 0 0 0 0 0 0 0 0 0 0 0 0 0 0 0 0 0 0 0 0 0 0 0 0 0 0 0 0 0 0 0 0 0 0 0 0 0 0 0 0 0 0 0 0 0 0 0 0 0 0 0 0 0 0 0 0 0 0 0 0 0 0 0 0 0 0 0 0 0 0 0 0 0 0 0 0 0 0 0 0 0 0 0 0 0 0 0 0 0 0 0 0 0 0 0 0 0 0 0 0 0 0 0 0 0 0 0 0 0 0 0 0 0 0 0 0 0 0 0 0 0 0 0 0 0 0 0 0 0 0 0 0 0 0 0 0 0 0 0 0 0 0 0 0 0 0 0  29 0 1 0 3 0 46 0 0 0 194 3 0 0 2 0 3 0 4 0 0 0 30 4 0 0 3 0 3 0 4 0 0 0 38 4 0 0 4 0 3 0 34 0 0 0 46 4 0 0 6 0 2 0 32 0 0 0 114 4 0 0 7 0 2 0 32 0 0 0 146 4 0 0 9 0 2 0 32 0 0 0 178 4 0 0 12 0 4 0 1 0 0 0 227 47 167 90 13 0 7 0 0 4 0 0 210 4 0 0 15 0 3 0 20 0 0 0 210 8 0 0 16 0 4 0 1 0 0 0 52 2 0 128 18 0 3 0 28 0 0 0 250 8 0 0 19 0 3 0 4 0 0 0 50 9 0 0 21 0 4 0 1 0 0 0 0 0 0 160 25 0 3 0 1 0 0 0 1 0 0 0 131 0 4 0 1 0 0 0 0 0 0 0 147 0 3 0 16 0 0 0 58 9 0 0 149 0 2 0 64 0 0 0 90 9 0 0 150 0 2 0 16 0 0 0 154 9 0 0 160 0 3 0 14 0 0 0 170 9 0 0 170 0 3 0 5 0 0 0 198 9 0 0 180 0 3 0 1 0 0 0 1 0 0 0 208 0 4 0 1 0 0 0 0 0 0 0 224 0 3 0 17 0 0 0 208 9 0 0 1 64 3 0 28 3 0 0 242 9 0 0 8 64 3 0 3 0 0 0 42 16 0 0 9 64 3 0 3 0 0 0 48 16 0 0 16 64 2 0 32 0 0 0 54 16 0 0 17 64 7 0 252 0 0 0 86 16 0 0 0 0 0 0 92 0 2 0 0 0 2 0 0 0 4 0 0 0 0 0 0 0 1 0 2 0 1 0 0 0 0 0 0 0 0 0 255 127 3 0 2 0 0 0 1 0 255 255 255 255 24 0 24 0 1 0 95 0 29 1 0 0 0 0 0 0 0 0 0 0 255 255 255 255 0 0 0 0 0 0 0 0 255 255 0 0 255 127 0 0 255 127 255 255 255 255 1 0 24 0 139 3 93 2 100 0 0 0 0 0 0 0 68 0 0 0 20 1 136 0 172 0 244 0 0 0 0 0 3 0 0 0 8 0 8 0 156 0 0 0 0 0 0 0 0 0 0 0 1 0 0 0 0 0 172 0 240 0 126 0 0 0 0 0 252 0 0 0 255 255 0 0 0 0 0 0 0 0 0 0 67 97 110 111 110 32 69 79 83 32 51 48 68 0 0 0 0 0 0 0 0 0 0 0 0 0 0 0 0 0 0 0 70 105 114 109 119 97 114 101 32 49 46 48 46 53 0 0 0 0 0 0 0 0 0 0 0 0 0 0 0 0 0 0 117 110 107 110 111 119 110 0 1 0 0 0 13 0 0 0 1 0 0 0 15 0 0 0 1 0 0 0 20 0 0 0 0 0 0 0 0 0 0 0 0 0 0 0 0 0 0 0 0 0 0 0 0 0 0 0 0 0 0 0 0 0 0 0 0 0 0 0 0 0 0 0 0 0 0 0 0 0 0 0 0 0 0 0 0 0 0 0 0 0 0 0 0 0 0 0 0 0 0 0 0 0 0 0 0 0 0 0 0 0 0 0 0 0 0 0 0 0 0 0 0 0 0 0 0 0 0 0 0 0 0 0 0 0 0 0 0 0 0 0 0 0 0 0 0 0 0 0 0 0 0 0 0 0 0 0 0 0 0 0 0 0 0 0 0 0 0 0 0 0 0 0 0 0 0 0 0 0 0 0 0 0 0 0 0 0 0 0 0 0 0 0 0 0 0 0 0 0 0 0 0 0 0 0 0 0 0 0 0 0 0 0 0 0 0 0 0 0 0 0 0 0 0 0 0 0 0 0 0 0 0 0 0 0 0 0 0 0 0 0 0 0 0 0 0 0 0 0 0 0 0 0 0 0 0 0 0 0 0 0 0 0 0 0 0 0 0 0 0 0 0 0 0 0 0 0 0 0 0 0 0 0 0 0 0 0 0 0 0 0 0 0 0 0 0 0 0 0 0 0 0 0 0 0 0 0 0 0 0 0 0 0 0 0 0 0 0 0 0 0 0 0 0 0 0 0 0 0 0 0 0 0 0 0 0 0 0 0 0 0 0 0 0 0 0 0 0 0 0 0 0 0 0 0 0 0 0 0 0 0 0 0 0 0 0 0 0 0 0 0 0 0 0 0 0 0 0 0 0 0 0 0 0 0 0 0 0 0 0 0 0 0 0 0 0 0 0 0 0 0 0 0 0 0 0 0 0 0 0 0 0 0 0 0 0 0 0 0 0 0 0 0 0 0 0 0 0 0 0 0 0 0 0 0 0 0 0 0 0 0 0 0 0 0 0 0 0 0 0 0 0 0 0 0 0 0 0 0 0 0 0 0 0 0 0 0 0 0 0 0 0 0 0 0 0 0 0 0 0 0 0 0 0 0 0 0 0 0 0 0 0 0 0 0 0 0 0 0 0 0 0 0 0 0 0 0 0 0 0 0 0 0 0 0 0 0 0 0 0 0 0 0 0 0 0 0 0 0 0 0 0 0 0 0 0 0 0 0 0 0 0 0 0 0 0 0 0 0 0 0 0 0 0 0 0 0 0 0 0 0 0 0 0 0 0 0 0 0 0 0 0 0 0 0 0 0 0 0 0 0 0 0 0 0 0 0 0 0 0 0 0 0 0 0 0 0 0 0 0 0 0 0 0 0 0 0 0 0 0 0 0 0 0 0 0 0 0 0 0 0 0 0 0 0 0 0 0 0 0 0 0 0 0 0 0 0 0 0 0 0 0 0 0 0 0 0 0 0 0 0 0 0 0 0 0 0 0 0 0 0 0 0 0 0 0 0 0 0 0 0 0 0 0 0 0 0 0 0 0 0 0 0 0 0 0 0 0 0 0 0 0 0 0 0 0 0 0 0 0 0 0 0 0 0 0 0 0 0 0 0 0 0 0 0 0 0 0 0 0 0 0 0 0 0 0 0 0 0 0 0 0 0 0 0 0 0 0 0 0 0 0 0 0 0 0 0 0 0 0 0 0 0 0 0 0 0 0 0 0 0 0 0 0 0 0 0 0 0 0 0 0 0 0 0 0 0 0 0 0 0 0 0 0 0 0 0 0 0 0 0 0 0 0 0 0 0 0 0 0 0 0 0 0 0 0 0 0 0 0 0 0 0 0 0 0 0 0 0 0 0 0 0 0 0 0 0 0 0 0 0 0 0 0 0 0 0 0 0 0 0 0 0 0 0 0 0 0 0 0 0 0 0 0 0 0 0 0 0 0 0 0 0 0 0 0 0 0 0 0 0 0 0 0 0 0 0 0 0 0 0 0 0 0 0 0 0 0 0 0 0 0 0 0 0 0 0 0 0 0 0 0 0 0 0 0 0 0 0 0 0 0 0 0 0 0 0 0 0 0 0 0 0 0 0 0 0 0 0 0 0 0 0 0 0 0 0 0 0 0 0 0 0 0 0 0 0 0 0 0 0 0 0 0 0 0 0 0 0 0 0 0 0 0 0 0 0 0 0 0 0 0 0 0 0 0 0 0 0 0 0 0 0 0 0 0 0 0 0 0 0 0 0 0 0 0 0 0 0 0 0 0 0 0 0 0 0 0 0 0 0 0 0 0 0 0 0 0 0 0 0 0 0 0 0 0 0 0 0 0 0 0 0 0 0 0 0 0 0 0 0 0 0 0 0 0 0 0 0 0 0 0 0 0 0 0 0 40 0 0 1 1 2 0 3 0 4 0 5 0 6 0 7 1 8 0 9 0 10 0 11 0 12 0 13 0 14 0 15 1 16 1 17 0 18 0 19 9 0 9 0 192 6 128 4 176 13 32 9 78 0 78 0 8 0 213 253 59 2 93 252 8 0 179 3 213 253 59 2 8 0 248 1 14 1 14 1 4 0 4 0 4 0 250 254 250 254 16 254 148 0 255 255 0 0 159 0 7 0 112 0 32 0 94 145 64 0 0 0 0 0 0 0 255 255 255 255 4 0 0 0 0 0 0 0 0 0 0 0 0 0 0 0 0 0 0 0 0 0 0 0 0 0 0 0 0 0 0 0 0 0 0 0 0 0 0 0 0 0 0 0 0 0 0 0 0 0 0 0 0 0 0 0 0 0 0 0 0 0 0 0 0 0 0 0 0 0 0 0 0 0 0 0 0 0 0 0 70 48 52 51 49 52 52 55 0 0 0 0 0 0 0 0 28 0 0 0 0 0 0 0 0 0 0 0 0 0 0 0 0 128 180 20 133 0 0 0 0 0 0 0 10 0 202 1 0 4 0 4 222 2 34 0 12 14 56 9 1 0 1 0 84 0 19 0 3 14 50 9 0 0 0 0 0 0 0 0 0 0 0 0 0 0 0 0 1 0 70 3 0 4 0 4 116 1 56 2 0 4 0 4 34 2 118 1 0 4 0 4 60 3 235 0 44 1 44 1 107 0 174 0 69 1 68 1 171 0 122 0 83 1 82 1 14 1 254 255 255 255 140 0 142 0 137 0 0 0 226 1 77 4 73 4 177 2 236 0 60 0 61 0 5 0 220 1 132 3 131 3 131 0 21 0 204 0 202 0 186 1 34 2 190 4 180 4 0 3 7 1 64 0 64 0 6 0 29 2 217 3 214 3 155 0 27 0 240 0 239 0 243 1 68 9 0 4 0 4 151 5 179 23 68 9 0 4 0 4 151 5 179 23 66 9 253 3 2 4 149 5 179 23 58 8 0 4 0 4 4 6 80 20 112 9 0 4 0 4 253 4 88 27 217 8 0 4 0 4 116 5 112 23 29 6 58 4 58 4 7 10 128 12 98 7 23 4 23 4 241 8 168 14 79 8 0 4 0 4 240 5 174 20 246 8 0 4 0 4 77 5 126 24 255 31 0 4 0 4 255 31 202 16 255 31 0 4 0 4 255 31 202 16 255 31 0 4 0 4 255 31 202 16 58 8 0 4 0 4 4 6 70 20 153 254 126 1 212 3 148 42 171 254 134 1 186 3 16 39 217 254 152 1 120 3 108 32 16 255 178 1 53 3 88 27 75 255 207 1 239 2 112 23 105 255 223 1 207 2 224 21 139 255 242 1 169 2 80 20 191 255 16 2 117 2 92 18 252 255 56 2 62 2 104 16 58 0 103 2 13 2 216 14 113 0 145 2 225 1 172 13 178 0 196 2 176 1 128 12 225 0 240 2 145 1 184 11 23 1 37 3 110 1 240 10 146 1 178 3 44 1 96 9 244 1 18 8 36 8 128 0 128 0 128 0 128 0 0 0 0 0 12 0 24 0 0 0 57 0 38 0 20 0 30 0 56 0 42 0 55 0 0 0 0 0 0 0 0 0 13 0 31 0 17 0 24 0 49 0 53 0 60 0 61 0 63 0 60 0 60 0 52 0 42 0 63 0 0 0 0 0 27 0 32 0 19 0 24 0 51 0 56 0 67 0 55 0 69 0 60 0 55 0 67 0 84 0 49 0 53 0 0 0 52 0 40 0 32 0 70 0 53 0 56 0 60 0 65 0 69 0 71 0 65 0 68 0 71 0 82 0 64 0 0 0 0 0 0 0 34 0 50 0 0 0 126 0 70 0 46 0 76 0 124 0 78 0 104 0 0 0 0 0 0 0 0 0 35 0 79 0 41 0 57 0 113 0 124 0 139 0 136 0 142 0 135 0 133 0 113 0 85 0 126 0 0 0 0 0 65 0 73 0 46 0 56 0 119 0 133 0 159 0 123 0 161 0 135 0 122 0 151 0 177 0 115 0 119 0 0 0 124 0 97 0 77 0 163 0 122 0 132 0 141 0 154 0 161 0 167 0 152 0 159 0 166 0 189 0 146 0 0 0 0 0 0 0 29 0 45 0 0 0 105 0 65 0 36 0 55 0 93 0 65 0 82 0 0 0 0 0 0 0 0 0 33 0 75 0 39 0 53 0 98 0 106 0 117 0 117 0 117 0 106 0 102 0 85 0 65 0 95 0 0 0 0 0 66 0 76 0 46 0 53 0 108 0 117 0 138 0 107 0 133 0 109 0 97 0 113 0 137 0 79 0 83 0 0 0 137 0 104 0 80 0 163 0 115 0 120 0 126 0 135 0 138 0 137 0 121 0 121 0 123 0 139 0 101 0 0 0 0 0 0 0 32 0 39 0 0 0 93 0 50 0 32 0 52 0 84 0 48 0 63 0 0 0 0 0 0 0 0 0 33 0 72 0 34 0 43 0 81 0 87 0 94 0 89 0 90 0 83 0 78 0 63 0 45 0 66 0 0 0 0 0 58 0 63 0 38 0 41 0 81 0 89 0 103 0 78 0 98 0 79 0 68 0 83 0 92 0 60 0 60 0 0 0 102 0 78 0 60 0 116 0 80 0 85 0 87 0 94 0 94 0 93 0 82 0 83 0 84 0 94 0 68 0 0 0 0 0 0 0 0 0 0 0 0 0 0 0 0 0 0 0 0 0 0 0 0 0 0 0 0 0 0 0 0 0 0 0 0 0 0 0 0 0 0 0 0 0 0 0 0 0 0 0 0 0 0 0 0 0 0 0 0 0 0 0 0 0 0 0 0 0 0 0 0 0 0 0 0 0 0 0 0 0 0 0 0 0 0 0 0 0 0 0 0 0 0 0 0 0 0 0 0 0 0 0 0 0 0 0 0 0 0 0 0 0 0 0 0 0 0 0 0 0 0 0 0 0 0 0 0 0 0 0 0 0 0 0 2 0 2 0 0 0 1 0 1 0 3 0 5 0 1 0 2 0 2 0 0 0 0 0 0 0 0 0 3 0 3 0 31 0 250 0 11 0 11 0 18 0 14 0 37 0 16 0 11 0 4 0 1 0 2 0 0 0 0 0 2 0 5 0 102 0 45 2 33 0 31 0 25 0 20 0 54 0 24 0 15 0 8 0 1 0 2 0 2 0 0 0 154 0 33 1 34 7 201 80 195 0 94 0 73 0 50 0 114 0 49 0 61 0 33 0 21 0 20 0 44 0 0 0 0 0 0 0 0 0 0 128 0 0 84 4 0 4 0 4 243 10 26 16 32 31 1 0 28 15 47 0 172 255 126 15 240 16 205 255 92 0 134 16 124 15 2 15 6 16 250 255 65 0 227 255 106 15 216 14 187 15 251 255 88 0 11 0 15 17 250 15 187 255 29 0 63 17 70 16 161 255 245 255 0 0 17 0 196 171 0 0 0 0 179 255 208 165 0 0 0 0 0 0 132 0 160 255 104 207 0 0 127 0 0 0 4 34 0 0 0 0 0 0 0 0 0 0 0 1 1 0 134 97 3 0 235 49 3 0 178 31 2 0 94 59 0 4 0 4 5 0 0 4 0 0 0 0 0 0 0 0 105 0 255 31 0 2 255 31 0 2 0 4 0 4 226 2 182 1 0 2 179 2 163 1 121 3 0 0 0 0 0 0 0 0 0 0 0 0 0 0 0 0 0 0 0 0 0 0 0 0 0 0 0 0 0 0 0 0 0 0 0 0 0 0 0 0 0 0 0 0 0 0 0 0 0 0 0 0 0 0 0 0 0 0 0 0 0 0 0 0 0 0 0 0 0 0 0 0 0 0 0 0 0 0 0 0 0 0 0 0 0 0 0 0 0 0 0 0 0 0 0 0 0 0 0 0 0 0 0 0 0 0 0 0 0 0 0 0 0 0 0 0 0 0 0 0 0 0 0 0 0 0 0 0 0 0 0 0 0 0 0 0 0 0 0 0 0 0 0 0 0 0 0 0 0 0 0 0 0 0 0 0 0 0 0 0 0 0 0 0 0 0 0 0 0 0 0 0 0 0 0 0 0 0 0 0 0 0 0 0 0 0 0 0 0 0 0 0 0 0 0 0 0 0 0 0 0 0 0 0 0 0 0 0 0 0 0 0 0 0 0 0 0 0 0 0 0 0 0 0 0 0 0 0 0 0 0 0 0 0 0 0 0 0 0 0 129 0 129 0 129 0 0 0 0 0 0 0 0 0 0 0 0 0 0 0 0 0 0 0 0 0 0 0 0 0 0 0 0 0 0 0 0 0 0 0 0 0 0 0 0 0 0 0 0 0 0 0 0 0 0 0 0 0 0 0 0 0 0 0 0 0 0 0 0 0 0 0 0 0 0 0 0 0 0 0 0 0 0 0 0 0 0 0 0 0 0 0 0 0 0 0 0 0 0 0 0 0 0 0 0 0 0 0 0 0 0 0 0 0 0 0 0 0 0 0 0 0 0 0 0 0 0 0 0 0 0 0 0 0 0 0 0 0 0 0 0 0 0 0 0 0 0 0 0 0 0 0 0 0 0 0 0 0 0 0 0 0 0 0 0 0 0 0 0 0 0 0 0 0 0 0 0 0 0 0 0 0 0 0 0 0 0 0 0 0 0 0 0 0 0 0 0 0 0 0 0 0 0 0 0 0 0 0 0 0 0 0 0 0 0 0 0 0 0 0 0 0 0 0 0 0 0 0 0 0 0 0 0 0 0 0 0 0 0 0 0 0 0 0 0 0 0 0 0 0 0 0 0 0 0 0 0 0 0 0 0 0 0 0 0 0 0 0 0 0 0 0 0 0 0 0 0 0 0 0 0 0 0 0 0 0 0 0 0 0 0 0 0 0 0 0
Exif.MakerNote.Offset                        Long        1  608  608
Exif.MakerNote.ByteOrder                     Ascii       3  II  II
Exif.CanonCs.Macro                           Short       1  2  Off
Exif.CanonCs.Selftimer                       Short       1  0  Off
Exif.CanonCs.Quality                         Short       1  2  Normal
Exif.CanonCs.FlashMode                       Short       1  0  Off
Exif.CanonCs.DriveMode                       Short       1  4  Continuous, low
Exif.CanonCs.FocusMode                       Short       1  0  One shot AF
Exif.CanonCs.RecordMode                      Short       1  1  JPEG
Exif.CanonCs.ImageSize                       Short       1  2  Small
Exif.CanonCs.EasyMode                        Short       1  1  Manual
Exif.CanonCs.DigitalZoom                     Short       1  0  None
Exif.CanonCs.Contrast                        Short       1  0  Normal
Exif.CanonCs.Saturation                      Short       1  0  Normal
Exif.CanonCs.Sharpness                       Short       1  0  Normal
Exif.CanonCs.ISOSpeed                        Short       1  32767  (32767)
Exif.CanonCs.MeteringMode                    Short       1  3  Evaluative
Exif.CanonCs.FocusType                       Short       1  2  Not known
Exif.CanonCs.AFPoint                         Short       1  0  (0)
Exif.CanonCs.ExposureProgram                 Short       1  1  Program (P)
Exif.CanonCs.LensType                        Short       1  65535  Canon EF-S 24mm f/2.8 STM
Exif.CanonCs.Lens                            Short       3  24 24 1  24.0 mm
Exif.CanonCs.MaxAperture                     Short       1  95  F2.8
Exif.CanonCs.MinAperture                     Short       1  285  F22
Exif.CanonCs.FlashActivity                   Short       1  0  Did not fire
Exif.CanonCs.FlashDetails                    Short       1  0  
Exif.CanonCs.FocusContinuous                 Short       1  0  Single
Exif.CanonCs.AESetting                       Short       1  65535  n/a
Exif.CanonCs.ImageStabilization              Short       1  65535  (65535)
Exif.CanonCs.DisplayAperture                 Short       1  0  0
Exif.CanonCs.ZoomSourceWidth                 Short       1  0  0
Exif.CanonCs.ZoomTargetWidth                 Short       1  0  0
Exif.CanonCs.SpotMeteringMode                Short       1  65535  n/a
Exif.CanonCs.PhotoEffect                     Short       1  0  Off
Exif.CanonCs.ManualFlashOutput               Short       1  32767  (32767)
Exif.CanonCs.ColorTone                       Short       1  0  0
Exif.Canon.FocalLength                       Short       4  1 24 907 605  24.0 mm
Exif.Canon.CanonFlashInfo                    Short       4  100 0 0 0  100 0 0 0
Exif.CanonSi.AutoISO                         Short       1  0  100
Exif.CanonSi.ISOSpeed                        Short       1  276  1269.92
Exif.CanonSi.MeasuredEV                      Short       1  136  9.25
Exif.CanonSi.TargetAperture                  Short       1  172  F6.3
Exif.CanonSi.TargetShutterSpeed              Short       1  244  1/203 s
Exif.CanonSi.ExposureCompensation            Short       1  0  0
Exif.CanonSi.WhiteBalance                    Short       1  0  Auto
Exif.CanonSi.SlowShutter                     Short       1  3  None
Exif.CanonSi.Sequence                        Short       1  0  0
Exif.CanonSi.OpticalZoomCode                 Short       1  8  8
Exif.CanonSi.CameraTemperature               Short       1  156  28 °C
Exif.CanonSi.FlashGuideNumber                Short       1  0  0
Exif.CanonSi.AFPointUsed                     Short       1  0  0 focus points; none used
Exif.CanonSi.FlashBias                       Short       1  0  0 EV
Exif.CanonSi.AutoExposureBracketing          Short       1  0  Off
Exif.CanonSi.AEBBracketValue                 Short       1  0  0
Exif.CanonSi.ControlMode                     Short       1  1  1
Exif.CanonSi.SubjectDistance                 Short       1  0  0 m
Exif.CanonSi.ApertureValue                   Short       1  172  F6.3
Exif.CanonSi.ShutterSpeedValue               Short       1  240  1/181 s
Exif.CanonSi.MeasuredEV2                     Short       1  126  9.75
Exif.CanonSi.BulbDuration                    Short       1  0  0
Exif.CanonSi.CameraType                      Short       1  252  EOS Mid-range
Exif.CanonSi.AutoRotate                      Short       1  0  None
Exif.CanonSi.NDFilter                        Short       1  65535  n/a
Exif.CanonSi.SelfTimer2                      Short       1  0  Selftimer 2s
Exif.CanonSi.FlashOutput                     Short       1  0  0
Exif.Canon.ImageType                         Ascii      32  Canon EOS 30D  Canon EOS 30D
Exif.Canon.FirmwareVersion                   Ascii      32  Firmware 1.0.5  Firmware 1.0.5
Exif.Canon.OwnerName                         Ascii      32  unknown  unknown
Exif.Canon.SerialNumber                      Long        1  1520906211  5aa712259
Exif.Canon.CameraInfo                        Undefined 1024  0 0 0 0 0 0 0 0 0 0 0 0 0 0 0 0 0 0 0 0 0 0 0 0 0 0 0 0 0 0 0 0 0 0 0 0 0 0 0 0 0 0 0 0 0 0 0 0 0 0 0 0 0 0 0 0 0 0 0 0 0 0 0 0 0 0 0 0 0 0 0 0 0 0 0 0 0 0 0 0 0 0 0 0 0 0 0 0 0 0 0 0 0 0 0 0 0 0 0 0 0 0 0 0 0 0 0 0 0 0 0 0 0 0 0 0 0 0 0 0 0 0 0 0 0 0 0 0 0 0 0 0 0 0 0 0 0 0 0 0 0 0 0 0 0 0 0 0 0 0 0 0 0 0 0 0 0 0 0 0 0 0 0 0 0 0 0 0 0 0 0 0 0 0 0 0 0 0 0 0 0 0 0 0 0 0 0 0 0 0 0 0 0 0 0 0 0 0 0 0 0 0 0 0 0 0 0 0 0 0 0 0 0 0 0 0 0 0 0 0 0 0 0 0 0 0 0 0 0 0 0 0 0 0 0 0 0 0 0 0 0 0 0 0 0 0 0 0 0 0 0 0 0 0 0 0 0 0 0 0 0 0 0 0 0 0 0 0 0 0 0 0 0 0 0 0 0 0 0 0 0 0 0 0 0 0 0 0 0 0 0 0 0 0 0 0 0 0 0 0 0 0 0 0 0 0 0 0 0 0 0 0 0 0 0 0 0 0 0 0 0 0 0 0 0 0 0 0 0 0 0 0 0 0 0 0 0 0 0 0 0 0 0 0 0 0 0 0 0 0 0 0 0 0 0 0 0 0 0 0 0 0 0 0 0 0 0 0 0 0 0 0 0 0 0 0 0 0 0 0 0 0 0 0 0 0 0 0 0 0 0 0 0 0 0 0 0 0 0 0 0 0 0 0 0 0 0 0 0 0 0 0 0 0 0 0 0 0 0 0 0 0 0 0 0 0 0 0 0 0 0 0 0 0 0 0 0 0 0 0 0 0 0 0 0 0 0 0 0 0 0 0 0 0 0 0 0 0 0 0 0 0 0 0 0 0 0 0 0 0 0 0 0 0 0 0 0 0 0 0 0 0 0 0 0 0 0 0 0 0 0 0 0 0 0 0 0 0 0 0 0 0 0 0 0 0 0 0 0 0 0 0 0 0 0 0 0 0 0 0 0 0 0 0 0 0 0 0 0 0 0 0 0 0 0 0 0 0 0 0 0 0 0 0 0 0 0 0 0 0 0 0 0 0 0 0 0 0 0 0 0 0 0 0 0 0 0 0 0 0 0 0 0 0 0 0 0 0 0 0 0 0 0 0 0 0 0 0 0 0 0 0 0 0 0 0 0 0 0 0 0 0 0 0 0 0 0 0 0 0 0 0 0 0 0 0 0 0 0 0 0 0 0 0 0 0 0 0 0 0 0 0 0 0 0 0 0 0 0 0 0 0 0 0 0 0 0 0 0 0 0 0 0 0 0 0 0 0 0 0 0 0 0 0 0 0 0 0 0 0 0 0 0 0 0 0 0 0 0 0 0 0 0 0 0 0 0 0 0 0 0 0 0 0 0 0 0 0 0 0 0 0 0 0 0 0 0 0 0 0 0 0 0 0 0 0 0 0 0 0 0 0 0 0 0 0 0 0 0 0 0 0 0 0 0 0 0 0 0 0 0 0 0 0 0 0 0 0 0 0 0 0 0 0 0 0 0 0 0 0 0 0 0 0 0 0 0 0 0 0 0 0 0 0 0 0 0 0 0 0 0 0 0 0 0 0 0 0 0 0 0 0 0 0 0 0 0 0 0 0 0 0 0 0 0 0 0 0 0 0 0 0 0 0 0 0 0 0 0 0 0 0 0 0 0 0 0 0 0 0 0 0 0 0 0 0 0 0 0 0 0 0 0 0 0 0 0 0 0 0 0 0 0 0 0 0 0 0 0 0 0 0 0 0 0 0 0 0 0 0 0 0 0 0 0 0 0 0 0 0 0 0 0 0 0 0 0 0 0 0 0 0 0 0 0 0 0 0 0 0 0 0 0 0 0 0 0 0 0 0 0 0 0 0 0 0 0 0 0 0 0 0 0 0 0 0 0 0 0 0 0 0 0 0 0 0 0 0 0 0 0 0 0 0 0 0 0 0 0 0 0 0 0 0 0 0 0 0 0 0 0 0 0 0 0 0 0 0 0 0 0 0 0 0 0 0 0 0 0 0 0 0 0 0 0 0 0 0 0 0 0 0 0 0 0 0 0 0 0 0 0 0 0 0 0 0 0 0 0 0 0 0 0 0 0 0 0 0 0 0 0 0 0 0  0 0 0 0 0 0 0 0 0 0 0 0 0 0 0 0 0 0 0 0 0 0 0 0 0 0 0 0 0 0 0 0 0 0 0 0 0 0 0 0 0 0 0 0 0 0 0 0 0 0 0 0 0 0 0 0 0 0 0 0 0 0 0 0 0 0 0 0 0 0 0 0 0 0 0 0 0 0 0 0 0 0 0 0 0 0 0 0 0 0 0 0 0 0 0 0 0 0 0 0 0 0 0 0 0 0 0 0 0 0 0 0 0 0 0 0 0 0 0 0 0 0 0 0 0 0 0 0 0 0 0 0 0 0 0 0 0 0 0 0 0 0 0 0 0 0 0 0 0 0 0 0 0 0 0 0 0 0 0 0 0 0 0 0 0 0 0 0 0 0 0 0 0 0 0 0 0 0 0 0 0 0 0 0 0 0 0 0 0 0 0 0 0 0 0 0 0 0 0 0 0 0 0 0 0 0 0 0 0 0 0 0 0 0 0 0 0 0 0 0 0 0 0 0 0 0 0 0 0 0 0 0 0 0 0 0 0 0 0 0 0 0 0 0 0 0 0 0 0 0 0 0 0 0 0 0 0 0 0 0 0 0 0 0 0 0 0 0 0 0 0 0 0 0 0 0 0 0 0 0 0 0 0 0 0 0 0 0 0 0 0 0 0 0 0 0 0 0 0 0 0 0 0 0 0 0 0 0 0 0 0 0 0 0 0 0 0 0 0 0 0 0 0 0 0 0 0 0 0 0 0 0 0 0 0 0 0 0 0 0 0 0 0 0 0 0 0 0 0 0 0 0 0 0 0 0 0 0 0 0 0 0 0 0 0 0 0 0 0 0 0 0 0 0 0 0 0 0 0 0 0 0 0 0 0 0 0 0 0 0 0 0 0 0 0 0 0 0 0 0 0 0 0 0 0 0 0 0 0 0 0 0 0 0 0 0 0 0 0 0 0 0 0 0 0 0 0 0 0 0 0 0 0 0 0 0 0 0 0 0 0 0 0 0 0 0 0 0 0 0 0 0 0 0 0 0 0 0 0 0 0 0 0 0 0 0 0 0 0 0 0 0 0 0 0 0 0 0 0 0 0 0 0 0 0 0 0 0 0 0 0 0 0 0 0 0 0 0 0 0 0 0 0 0 0 0 0 0 0 0 0 0 0 0 0 0 0 0 0 0 0 0 0 0 0 0 0 0 0 0 0 0 0 0 0 0 0 0 0 0 0 0 0 0 0 0 0 0 0 0 0 0 0 0 0 0 0 0 0 0 0 0 0 0 0 0 0 0 0 0 0 0 0 0 0 0 0 0 0 0 0 0 0 0 0 0 0 0 0 0 0 0 0 0 0 0 0 0 0 0 0 0 0 0 0 0 0 0 0 0 0 0 0 0 0 0 0 0 0 0 0 0 0 0 0 0 0 0 0 0 0 0 0 0 0 0 0 0 0 0 0 0 0 0 0 0 0 0 0 0 0 0 0 0 0 0 0 0 0 0 0 0 0 0 0 0 0 0 0 0 0 0 0 0 0 0 0 0 0 0 0 0 0 0 0 0 0 0 0 0 0 0 0 0 0 0 0 0 0 0 0 0 0 0 0 0 0 0 0 0 0 0 0 0 0 0 0 0 0 0 0 0 0 0 0 0 0 0 0 0 0 0 0 0 0 0 0 0 0 0 0 0 0 0 0 0 0 0 0 0 0 0 0 0 0 0 0 0 0 0 0 0 0 0 0 0 0 0 0 0 0 0 0 0 0 0 0 0 0 0 0 0 0 0 0 0 0 0 0 0 0 0 0 0 0 0 0 0 0 0 0 0 0 0 0 0 0 0 0 0 0 0 0 0 0 0 0 0 0 0 0 0 0 0 0 0 0 0 0 0 0 0 0 0 0 0 0 0 0 0 0 0 0 0 0 0 0 0 0 0 0 0 0 0 0 0 0 0 0 0 0 0 0 0 0 0 0 0 0 0 0 0 0 0 0 0 0 0 0 0 0 0 0 0 0 0 0 0 0 0 0 0 0 0 0 0 0 0 0 0 0 0 0 0 0 0 0 0 0 0 0 0 0 0 0 0 0 0 0 0 0 0 0 0 0 0 0 0 0 0 0 0 0 0 0 0 0 0 0 0 0 0 0 0 0 0 0 0 0 0 0 0 0 0 0 0 0 0 0 0 0 0 0 0 0 0 0 0 0 0 0 0 0 0 0 0 0 0 0 0 0 0 0 0 0 0 0 0 0 0 0 0 0 0 0 0 0 0 0 0 0 0 0 0 0 0 0 0 0 0 0 0 0 0 0 0 0 0 0 0 0 0 0 0
Exif.CanonCf.NoiseReduction                  Short       1  256  256
Exif.CanonCf.ShutterAeLock                   Short       1  513  513
Exif.CanonCf.MirrorLockup                    Short       1  768  768
Exif.CanonCf.ExposureLevelIncrements         Short       1  1024  1024
Exif.CanonCf.AFAssist                        Short       1  1280  1280
Exif.CanonCf.FlashSyncSpeedAv                Short       1  1536  1536
Exif.CanonCf.AEBSequence                     Short       1  1792  1792
Exif.CanonCf.ShutterCurtainSync              Short       1  2049  2049
Exif.CanonCf.LensAFStopButton                Short       1  2304  2304
Exif.CanonCf.FillFlashAutoReduction          Short       1  2560  2560
Exif.CanonCf.MenuButtonReturn                Short       1  2816  2816
Exif.CanonCf.SetButtonFunction               Short       1  3072  3072
Exif.CanonCf.SensorCleaning                  Short       1  3328  3328
Exif.CanonCf.SuperimposedDisplay             Short       1  3584  3584
Exif.CanonCf.ShutterReleaseNoCFCard          Short       1  3840  3840
Exif.Canon.ModelID                           Long        1  2147484212  EOS 30D
Exif.CanonPi.ImageWidth                      Short       1  1728  1728
Exif.CanonPi.ImageHeight                     Short       1  1152  1152
Exif.CanonPi.ImageWidthAsShot                Short       1  3504  3504
Exif.CanonPi.ImageHeightAsShot               Short       1  2336  2336
Exif.CanonPi.AFPointsUsed                    Short       1  4  bottom
Exif.CanonPi.AFPointsUsed20D                 Short       1  148  upper-right, center, lower-right
Exif.Canon.ThumbnailImageValidArea           Short       4  0 159 7 112  0 159 7 112
Exif.Canon.SerialNumberFormat                Long        1  2684354560  Format 2
Exif.Canon.OriginalDecisionDataOffset        Long        1  0  0
Exif.CanonFi.FileNumber                      Long        1  4231518  100-5604
Exif.CanonFi.BracketMode                     SShort      1  0  Off
Exif.CanonFi.BracketValue                    SShort      1  0  0
Exif.CanonFi.BracketShotNumber               SShort      1  0  0
Exif.CanonFi.RawJpgQuality                   SShort      1  -1  n/a
Exif.CanonFi.RawJpgSize                      SShort      1  -1  n/a
Exif.CanonFi.NoiseReduction                  SShort      1  4  Auto
Exif.CanonFi.WBBracketMode                   SShort      1  0  Off
Exif.CanonFi.WBBracketValueAB                SShort      1  0  0
Exif.CanonFi.WBBracketValueGM                SShort      1  0  0
Exif.CanonFi.FilterEffect                    SShort      1  0  None
Exif.CanonFi.ToningEffect                    SShort      1  0  None
Exif.Canon.LensModel                         Ascii      64    
Exif.Canon.InternalSerialNumber              Ascii      16  F0431447  F0431447
Exif.CanonPr.ToneCurve                       SShort      1  0  Standard
Exif.CanonPr.Sharpness                       SShort      1  0  0
Exif.CanonPr.SharpnessFrequency              SShort      1  0  n/a
Exif.CanonPr.SensorRedLevel                  SShort      1  0  0
Exif.CanonPr.SensorBlueLevel                 SShort      1  0  0
Exif.CanonPr.WhiteBalanceRed                 SShort      1  0  0
Exif.CanonPr.WhiteBalanceBlue                SShort      1  0  0
Exif.CanonPr.WhiteBalance                    SShort      1  -32768  (-32768)
Exif.CanonPr.ColorTemperature                SShort      1  5300  5300
Exif.CanonPr.PictureStyle                    SShort      1  133  Faithful
Exif.CanonPr.DigitalGain                     SShort      1  0  0
Exif.CanonPr.WBShiftAB                       SShort      1  0  0
Exif.CanonPr.WBShiftGM                       SShort      1  0  0
Exif.Canon.MeasuredColor                     Short       5  10 458 1024 1024 734  10 458 1024 1024 734
Exif.Canon.ColorSpace                        Short       1  1  sRGB
Exif.Canon.VRDOffset                         Long        1  0  0
Exif.Canon.SensorInfo                        Short      17  34 3596 2360 1 1 84 19 3587 2354 0 0 0 0 0 0 0 0  34 3596 2360 1 1 84 19 3587 2354 0 0 0 0 0 0 0 0
Exif.Canon.ColorData                         Short     796  1 838 1024 1024 372 568 1024 1024 546 374 1024 1024 828 235 300 300 107 174 325 324 171 122 339 338 270 65534 65535 140 142 137 0 482 1101 1097 689 236 60 61 5 476 900 899 131 21 204 202 442 546 1214 1204 768 263 64 64 6 541 985 982 155 27 240 239 499 2372 1024 1024 1431 6067 2372 1024 1024 1431 6067 2370 1021 1026 1429 6067 2106 1024 1024 1540 5200 2416 1024 1024 1277 7000 2265 1024 1024 1396 6000 1565 1082 1082 2567 3200 1890 1047 1047 2289 3752 2127 1024 1024 1520 5294 2294 1024 1024 1357 6270 8191 1024 1024 8191 4298 8191 1024 1024 8191 4298 8191 1024 1024 8191 4298 2106 1024 1024 1540 5190 65177 382 980 10900 65195 390 954 10000 65241 408 888 8300 65296 434 821 7000 65355 463 751 6000 65385 479 719 5600 65419 498 681 5200 65471 528 629 4700 65532 568 574 4200 58 615 525 3800 113 657 481 3500 178 708 432 3200 225 752 401 3000 279 805 366 2800 402 946 300 2400 500 2066 2084 128 128 128 128 0 0 12 24 0 57 38 20 30 56 42 55 0 0 0 0 13 31 17 24 49 53 60 61 63 60 60 52 42 63 0 0 27 32 19 24 51 56 67 55 69 60 55 67 84 49 53 0 52 40 32 70 53 56 60 65 69 71 65 68 71 82 64 0 0 0 34 50 0 126 70 46 76 124 78 104 0 0 0 0 35 79 41 57 113 124 139 136 142 135 133 113 85 126 0 0 65 73 46 56 119 133 159 123 161 135 122 151 177 115 119 0 124 97 77 163 122 132 141 154 161 167 152 159 166 189 146 0 0 0 29 45 0 105 65 36 55 93 65 82 0 0 0 0 33 75 39 53 98 106 117 117 117 106 102 85 65 95 0 0 66 76 46 53 108 117 138 107 133 109 97 113 137 79 83 0 137 104 80 163 115 120 126 135 138 137 121 121 123 139 101 0 0 0 32 39 0 93 50 32 52 84 48 63 0 0 0 0 33 72 34 43 81 87 94 89 90 83 78 63 45 66 0 0 58 63 38 41 81 89 103 78 98 79 68 83 92 60 60 0 102 78 60 116 80 85 87 94 94 93 82 83 84 94 68 0 0 0 0 0 0 0 0 0 0 0 0 0 0 0 0 0 0 0 0 0 0 0 0 0 0 0 0 0 0 0 0 0 0 0 0 0 0 0 0 0 0 0 0 0 0 0 0 0 0 0 0 0 0 0 0 0 0 0 0 0 0 0 0 0 0 0 2 2 0 1 1 3 5 1 2 2 0 0 0 0 3 3 31 250 11 11 18 14 37 16 11 4 1 2 0 0 2 5 102 557 33 31 25 20 54 24 15 8 1 2 2 0 154 289 1826 20681 195 94 73 50 114 49 61 33 21 20 44 0 0 0 0 32768 0 1108 1024 1024 2803 4122 7968 1 3868 47 65452 3966 4336 65485 92 4230 3964 3842 4102 65530 65 65507 3946 3800 4027 65531 88 11 4367 4090 65467 29 4415 4166 65441 65525 0 17 43972 0 0 65459 42448 0 0 0 132 65440 53096 0 127 0 8708 0 0 0 0 0 256 1 24966 3 12779 3 8114 2 15198 1024 1024 5 1024 0 0 0 0 105 8191 512 8191 512 1024 1024 738 438 512 691 419 889 0 0 0 0 0 0 0 0 0 0 0 0 0 0 0 0 0 0 0 0 0 0 0 0 0 0 0 0 0 0 0 0 0 0 0 0 0 0 0 0 0 0 0 0 0 0 0 0 0 0 0 0 0 0 0 0 0 0 0 0 0 0 0 0 0 0 0 0 0 0 0 0 0 0 0 0 0 0 0 0 0 0 0 0 0 0 0 0 0 0 0 0 0 0 0 0 0 0 0 0 0 0 0 0 0 0 0 0 0 0 0 0 0 0 0 0 0 0 0 0  1 838 1024 1024 372 568 1024 1024 546 374 1024 1024 828 235 300 300 107 174 325 324 171 122 339 338 270 65534 65535 140 142 137 0 482 1101 1097 689 236 60 61 5 476 900 899 131 21 204 202 442 546 1214 1204 768 263 64 64 6 541 985 982 155 27 240 239 499 2372 1024 1024 1431 6067 2372 1024 1024 1431 6067 2370 1021 1026 1429 6067 2106 1024 1024 1540 5200 2416 1024 1024 1277 7000 2265 1024 1024 1396 6000 1565 1082 1082 2567 3200 1890 1047 1047 2289 3752 2127 1024 1024 1520 5294 2294 1024 1024 1357 6270 8191 1024 1024 8191 4298 8191 1024 1024 8191 4298 8191 1024 1024 8191 4298 2106 1024 1024 1540 5190 65177 382 980 10900 65195 390 954 10000 65241 408 888 8300 65296 434 821 7000 65355 463 751 6000 65385 479 719 5600 65419 498 681 5200 65471 528 629 4700 65532 568 574 4200 58 615 525 3800 113 657 481 3500 178 708 432 3200 225 752 401 3000 279 805 366 2800 402 946 300 2400 500 2066 2084 128 128 128 128 0 0 12 24 0 57 38 20 30 56 42 55 0 0 0 0 13 31 17 24 49 53 60 61 63 60 60 52 42 63 0 0 27 32 19 24 51 56 67 55 69 60 55 67 84 49 53 0 52 40 32 70 53 56 60 65 69 71 65 68 71 82 64 0 0 0 34 50 0 126 70 46 76 124 78 104 0 0 0 0 35 79 41 57 113 124 139 136 142 135 133 113 85 126 0 0 65 73 46 56 119 133 159 123 161 135 122 151 177 115 119 0 124 97 77 163 122 132 141 154 161 167 152 159 166 189 146 0 0 0 29 45 0 105 65 36 55 93 65 82 0 0 0 0 33 75 39 53 98 106 117 117 117 106 102 85 65 95 0 0 66 76 46 53 108 117 138 107 133 109 97 113 137 79 83 0 137 104 80 163 115 120 126 135 138 137 121 121 123 139 101 0 0 0 32 39 0 93 50 32 52 84 48 63 0 0 0 0 33 72 34 43 81 87 94 89 90 83 78 63 45 66 0 0 58 63 38 41 81 89 103 78 98 79 68 83 92 60 60 0 102 78 60 116 80 85 87 94 94 93 82 83 84 94 68 0 0 0 0 0 0 0 0 0 0 0 0 0 0 0 0 0 0 0 0 0 0 0 0 0 0 0 0 0 0 0 0 0 0 0 0 0 0 0 0 0 0 0 0 0 0 0 0 0 0 0 0 0 0 0 0 0 0 0 0 0 0 0 0 0 0 0 2 2 0 1 1 3 5 1 2 2 0 0 0 0 3 3 31 250 11 11 18 14 37 16 11 4 1 2 0 0 2 5 102 557 33 31 25 20 54 24 15 8 1 2 2 0 154 289 1826 20681 195 94 73 50 114 49 61 33 21 20 44 0 0 0 0 32768 0 1108 1024 1024 2803 4122 7968 1 3868 47 65452 3966 4336 65485 92 4230 3964 3842 4102 65530 65 65507 3946 3800 4027 65531 88 11 4367 4090 65467 29 4415 4166 65441 65525 0 17 43972 0 0 65459 42448 0 0 0 132 65440 53096 0 127 0 8708 0 0 0 0 0 256 1 24966 3 12779 3 8114 2 15198 1024 1024 5 1024 0 0 0 0 105 8191 512 8191 512 1024 1024 738 438 512 691 419 889 0 0 0 0 0 0 0 0 0 0 0 0 0 0 0 0 0 0 0 0 0 0 0 0 0 0 0 0 0 0 0 0 0 0 0 0 0 0 0 0 0 0 0 0 0 0 0 0 0 0 0 0 0 0 0 0 0 0 0 0 0 0 0 0 0 0 0 0 0 0 0 0 0 0 0 0 0 0 0 0 0 0 0 0 0 0 0 0 0 0 0 0 0 0 0 0 0 0 0 0 0 0 0 0 0 0 0 0 0 0 0 0 0 0 0 0 0 0 0 0
Exif.Canon.PictureStyleUserDef               Short       3  129 129 129  Standard
Exif.Canon.CustomPictureStyleFileName        Ascii      32    
Exif.Photo.UserComment                       Undefined 264    
Exif.Photo.FlashpixVersion                   Undefined   4  48 49 48 48  1.00
Exif.Photo.ColorSpace                        Short       1  1  sRGB
Exif.Photo.PixelXDimension                   Short       1  1728  1728
Exif.Photo.PixelYDimension                   Short       1  1152  1152
Exif.Photo.InteroperabilityTag               Long        1  4714  4714
Exif.Iop.InteroperabilityIndex               Ascii       4  R98  R98
Exif.Iop.InteroperabilityVersion             Undefined   4  48 49 48 48  1.00
Exif.Photo.FocalPlaneXResolution             Rational    1  1728000/885  1952.54
Exif.Photo.FocalPlaneYResolution             Rational    1  1152000/590  1952.54
Exif.Photo.FocalPlaneResolutionUnit          Short       1  2  inch
Exif.Photo.CustomRendered                    Short       1  0  Normal process
Exif.Photo.ExposureMode                      Short       1  0  Auto
Exif.Photo.WhiteBalance                      Short       1  0  Auto
Exif.Photo.SceneCaptureType                  Short       1  0  Standard
Exif.Thumbnail.Compression                   Short       1  6  JPEG (old-style)
Exif.Thumbnail.XResolution                   Rational    1  72/1  72
Exif.Thumbnail.YResolution                   Rational    1  72/1  72
Exif.Thumbnail.ResolutionUnit                Short       1  2  inch
Exif.Thumbnail.JPEGInterchangeFormat         Long        1  4838  4838
Exif.Thumbnail.JPEGInterchangeFormatLength   Long        1  3518  3518
