Exif.Image.ImageDescription                  Ascii      11                        
Exif.Image.Make                              Ascii       6  NIKON  NIKON
Exif.Image.Model                             Ascii       5  E990  E990
Exif.Image.Orientation                       Short       1  1  top, left
Exif.Image.XResolution                       Rational    1  300/1  300
Exif.Image.YResolution                       Rational    1  300/1  300
Exif.Image.ResolutionUnit                    Short       1  2  inch
Exif.Image.Software                          Ascii       9  E990v1.0  E990v1.0
Exif.Image.DateTime                          Ascii      20  2000:05:06 14:06:45  2000:05:06 14:06:45
Exif.Image.YCbCrPositioning                  Short       1  2  Co-sited
Exif.Image.ExifTag                           Long        1  284  284
Exif.Photo.ExposureTime                      Rational    1  10/893  0.0111982 s
Exif.Photo.FNumber                           Rational    1  70/10  F7
Exif.Photo.ExposureProgram                   Short       1  3  Aperture priority
Exif.Photo.ISOSpeedRatings                   Short       1  100  100
Exif.Photo.ExifVersion                       Undefined   4  48 50 49 48  2.10
Exif.Photo.DateTimeOriginal                  Ascii      20  2000:05:06 14:06:45  2000:05:06 14:06:45
Exif.Photo.DateTimeDigitized                 Ascii      20  2000:05:06 14:06:45  2000:05:06 14:06:45
Exif.Photo.ComponentsConfiguration           Undefined   4  1 2 3 0  YCbCr
Exif.Photo.CompressedBitsPerPixel            Rational    1  3/1  3
Exif.Photo.ExposureBiasValue                 SRational   1  0/10  0 EV
Exif.Photo.MaxApertureValue                  Rational    1  35/10  F3.4
Exif.Photo.MeteringMode                      Short       1  2  Center weighted average
Exif.Photo.LightSource                       Short       1  0  Unknown
Exif.Photo.Flash                             Short       1  0  No flash
Exif.Photo.FocalLength                       Rational    1  82/10  8.2 mm
Exif.Photo.MakerNote                         Undefined 484  16 0 1 0 7 0 4 0 0 0 0 1 0 0 2 0 3 0 2 0 0 0 0 0 0 0 3 0 2 0 6 0 0 0 90 4 0 0 4 0 2 0 7 0 0 0 96 4 0 0 5 0 2 0 13 0 0 0 104 4 0 0 6 0 2 0 7 0 0 0 118 4 0 0 7 0 2 0 7 0 0 0 126 4 0 0 8 0 2 0 8 0 0 0 134 4 0 0 10 0 5 0 1 0 0 0 142 4 0 0 15 0 2 0 7 0 0 0 150 4 0 0 128 0 2 0 14 0 0 0 158 4 0 0 130 0 2 0 13 0 0 0 172 4 0 0 133 0 5 0 1 0 0 0 186 4 0 0 134 0 5 0 1 0 0 0 194 4 0 0 136 0 7 0 4 0 0 0 0 3 0 0 16 0 7 0 174 0 0 0 202 4 0 0 0 0 0 0 67 79 76 79 82 0 70 73 78 69 32 32 0 0 65 85 84 79 32 32 32 32 32 32 32 32 0 0 65 85 84 79 32 32 0 0 65 70 45 67 32 32 0 0 32 32 32 32 32 32 32 0 128 34 0 0 232 3 0 0 65 85 84 79 32 32 0 0 65 85 84 79 32 32 32 32 32 32 32 32 32 0 79 70 70 32 32 32 32 32 32 32 32 32 0 0 0 0 0 0 0 0 0 0 100 0 0 0 100 0 0 0 1 45 0 128 1 76 0 0 0 0 255 1 0 0 0 0 2 74 42 160 0 0 0 0 2 183 0 0 31 8 0 0 21 202 0 0 33 124 0 0 33 124 0 0 31 6 13 132 0 74 0 0 0 0 9 181 9 74 8 109 7 54 208 1 11 122 0 0 0 0 45 33 21 0 0 0 32 0 0 0 0 0 0 0 0 0 68 27 0 0 74 3 23 207 9 30 59 31 0 71 0 0 19 21 18 18 21 24 0 0 100 0 25 76 0 0 0 1 255 240 101 68 0 0 0 2 0 0 0 0 15 3 194 141 1 13 18 34 0 0 81 90 0 246 1 43 48 32 18 7 40 16 78 72 11 122 0 0 117 252 235 98 11 16 6 6 0 100 0 216 18 52 67 33  16 0 1 0 7 0 4 0 0 0 0 1 0 0 2 0 3 0 2 0 0 0 0 0 0 0 3 0 2 0 6 0 0 0 90 4 0 0 4 0 2 0 7 0 0 0 96 4 0 0 5 0 2 0 13 0 0 0 104 4 0 0 6 0 2 0 7 0 0 0 118 4 0 0 7 0 2 0 7 0 0 0 126 4 0 0 8 0 2 0 8 0 0 0 134 4 0 0 10 0 5 0 1 0 0 0 142 4 0 0 15 0 2 0 7 0 0 0 150 4 0 0 128 0 2 0 14 0 0 0 158 4 0 0 130 0 2 0 13 0 0 0 172 4 0 0 133 0 5 0 1 0 0 0 186 4 0 0 134 0 5 0 1 0 0 0 194 4 0 0 136 0 7 0 4 0 0 0 0 3 0 0 16 0 7 0 174 0 0 0 202 4 0 0 0 0 0 0 67 79 76 79 82 0 70 73 78 69 32 32 0 0 65 85 84 79 32 32 32 32 32 32 32 32 0 0 65 85 84 79 32 32 0 0 65 70 45 67 32 32 0 0 32 32 32 32 32 32 32 0 128 34 0 0 232 3 0 0 65 85 84 79 32 32 0 0 65 85 84 79 32 32 32 32 32 32 32 32 32 0 79 70 70 32 32 32 32 32 32 32 32 32 0 0 0 0 0 0 0 0 0 0 100 0 0 0 100 0 0 0 1 45 0 128 1 76 0 0 0 0 255 1 0 0 0 0 2 74 42 160 0 0 0 0 2 183 0 0 31 8 0 0 21 202 0 0 33 124 0 0 33 124 0 0 31 6 13 132 0 74 0 0 0 0 9 181 9 74 8 109 7 54 208 1 11 122 0 0 0 0 45 33 21 0 0 0 32 0 0 0 0 0 0 0 0 0 68 27 0 0 74 3 23 207 9 30 59 31 0 71 0 0 19 21 18 18 21 24 0 0 100 0 25 76 0 0 0 1 255 240 101 68 0 0 0 2 0 0 0 0 15 3 194 141 1 13 18 34 0 0 81 90 0 246 1 43 48 32 18 7 40 16 78 72 11 122 0 0 117 252 235 98 11 16 6 6 0 100 0 216 18 52 67 33
Exif.MakerNote.Offset                        Long        1  916  916
Exif.MakerNote.ByteOrder                     Ascii       3  II  II
Exif.Nikon1.Version                          Undefined   4  0 1 0 0  0 1 0 0
Exif.Nikon1.ISOSpeed                         Short       2  0 0  0
Exif.Nikon1.ColorMode                        Ascii       6  COLOR  COLOR
Exif.Nikon1.Quality                          Ascii       7  FINE    FINE  
Exif.Nikon1.WhiteBalance                     Ascii      13  AUTO          AUTO        
Exif.Nikon1.Sharpening                       Ascii       7  AUTO    AUTO  
Exif.Nikon1.Focus                            Ascii       7  AF-C    Continuous autofocus
Exif.Nikon1.FlashSetting                     Ascii       8                  
Exif.Nikon1.ISOSelection                     Ascii       7  AUTO    AUTO  
Exif.Nikon1.ImageAdjustment                  Ascii      14  AUTO           AUTO         
Exif.Nikon1.AuxiliaryLens                    Ascii      13  OFF           OFF         
Exif.Nikon1.FocusDistance                    Rational    1  0/0  Unknown
Exif.Nikon1.DigitalZoom                      Rational    1  100/100  1.0x
Exif.Nikon1.AFFocusPos                       Undefined   4  0 3 0 0  Single area; Left
Exif.Nikon1.DataDump                         Undefined 174  1 45 0 128 1 76 0 0 0 0 255 1 0 0 0 0 2 74 42 160 0 0 0 0 2 183 0 0 31 8 0 0 21 202 0 0 33 124 0 0 33 124 0 0 31 6 13 132 0 74 0 0 0 0 9 181 9 74 8 109 7 54 208 1 11 122 0 0 0 0 45 33 21 0 0 0 32 0 0 0 0 0 0 0 0 0 68 27 0 0 74 3 23 207 9 30 59 31 0 71 0 0 19 21 18 18 21 24 0 0 100 0 25 76 0 0 0 1 255 240 101 68 0 0 0 2 0 0 0 0 15 3 194 141 1 13 18 34 0 0 81 90 0 246 1 43 48 32 18 7 40 16 78 72 11 122 0 0 117 252 235 98 11 16 6 6 0 100 0 216 18 52 67 33  1 45 0 128 1 76 0 0 0 0 255 1 0 0 0 0 2 74 42 160 0 0 0 0 2 183 0 0 31 8 0 0 21 202 0 0 33 124 0 0 33 124 0 0 31 6 13 132 0 74 0 0 0 0 9 181 9 74 8 109 7 54 208 1 11 122 0 0 0 0 45 33 21 0 0 0 32 0 0 0 0 0 0 0 0 0 68 27 0 0 74 3 23 207 9 30 59 31 0 71 0 0 19 21 18 18 21 24 0 0 100 0 25 76 0 0 0 1 255 240 101 68 0 0 0 2 0 0 0 0 15 3 194 141 1 13 18 34 0 0 81 90 0 246 1 43 48 32 18 7 40 16 78 72 11 122 0 0 117 252 235 98 11 16 6 6 0 100 0 216 18 52 67 33
Exif.Photo.UserComment                       Undefined 125                                                                                                                                                                                                                                              
Exif.Photo.FlashpixVersion                   Undefined   4  48 49 48 48  1.00
Exif.Photo.ColorSpace                        Short       1  1  sRGB
Exif.Photo.PixelXDimension                   Long        1  2048  2048
Exif.Photo.PixelYDimension                   Long        1  1536  1536
Exif.Photo.InteroperabilityTag               Long        1  886  886
Exif.Iop.InteroperabilityIndex               Ascii       4  R98  R98
Exif.Iop.InteroperabilityVersion             Undefined   4  48 49 48 48  1.00
Exif.Photo.FileSource                        Undefined   1  3  Digital still camera
Exif.Photo.SceneType                         Undefined   1  1  Directly photographed
Exif.Thumbnail.Compression                   Short       1  6  JPEG (old-style)
Exif.Thumbnail.XResolution                   Rational    1  300/1  300
Exif.Thumbnail.YResolution                   Rational    1  300/1  300
Exif.Thumbnail.ResolutionUnit                Short       1  2  inch
Exif.Thumbnail.JPEGInterchangeFormat         Long        1  4084  4084
Exif.Thumbnail.JPEGInterchangeFormatLength   Long        1  7829  7829
