Xmp.tiff.Make                                XmpText     5  Canon  Canon
Xmp.tiff.Model                               XmpText    13  MG3500 series  MG3500 series
Xmp.tiff.Compression                         XmpText     1  5  5
Xmp.tiff.Orientation                         XmpText     1  1  top, left
Xmp.xmp.CreatorTool                          XmpText    19  Apple Image Capture  Apple Image Capture
