Exif.Image.Make                              Ascii       6  Apple  Apple
Exif.Image.Model                             Ascii      10  iPhone XR  iPhone XR
Exif.Image.Orientation                       Short       1  1  top, left
Exif.Image.XResolution                       Rational    1  72/1  72
Exif.Image.YResolution                       Rational    1  72/1  72
Exif.Image.ResolutionUnit                    Short       1  2  inch
Exif.Image.Software                          Ascii       7  13.4.1  13.4.1
Exif.Image.DateTime                          Ascii      20  2020:04:17 10:03:40  2020:04:17 10:03:40
Exif.Image.YCbCrPositioning                  Short       1  1  Centered
Exif.Image.ExifTag                           Long        1  194  194
Exif.Photo.ExposureTime                      Rational    1  1/60  1/60 s
Exif.Photo.FNumber                           Rational    1  9/5  F1.8
Exif.Photo.ExposureProgram                   Short       1  2  Auto
Exif.Photo.ISOSpeedRatings                   Short       1  320  320
Exif.Photo.ExifVersion                       Undefined   4  48 50 51 49  2.31
Exif.Photo.DateTimeOriginal                  Ascii      20  2020:04:17 10:03:40  2020:04:17 10:03:40
Exif.Photo.DateTimeDigitized                 Ascii      20  2020:04:17 10:03:40  2020:04:17 10:03:40
Exif.Photo.OffsetTime                        Ascii       7  -06:00  -06:00
Exif.Photo.OffsetTimeOriginal                Ascii       7  -06:00  -06:00
Exif.Photo.OffsetTimeDigitized               Ascii       7  -06:00  -06:00
Exif.Photo.ComponentsConfiguration           Undefined   4  1 2 3 0  YCbCr
Exif.Photo.ShutterSpeedValue                 SRational   1  105577/17871  1/60 s
Exif.Photo.ApertureValue                     Rational    1  54823/32325  F1.8
Exif.Photo.BrightnessValue                   SRational   1  43879/30303  1.44801
Exif.Photo.ExposureBiasValue                 SRational   1  0/1  0 EV
Exif.Photo.MeteringMode                      Short       1  5  Multi-segment
Exif.Photo.Flash                             Short       1  16  No, compulsory
Exif.Photo.FocalLength                       Rational    1  17/4  4.2 mm
Exif.Photo.SubjectArea                       Short       4  2013 1511 2217 1330  2013 1511 2217 1330
Exif.Photo.MakerNote                         Undefined 1178  65 112 112 108 101 32 105 79 83 0 0 1 77 77 0 26 0 1 0 9 0 0 0 1 0 0 0 11 0 2 0 7 0 0 2 46 0 0 1 76 0 3 0 7 0 0 0 104 0 0 3 122 0 4 0 9 0 0 0 1 0 0 0 1 0 5 0 9 0 0 0 1 0 0 0 181 0 6 0 9 0 0 0 1 0 0 0 188 0 7 0 9 0 0 0 1 0 0 0 1 0 8 0 10 0 0 0 3 0 0 3 226 0 12 0 10 0 0 0 2 0 0 3 250 0 13 0 9 0 0 0 1 0 0 0 13 0 14 0 9 0 0 0 1 0 0 0 0 0 16 0 9 0 0 0 1 0 0 0 1 0 20 0 9 0 0 0 1 0 0 0 10 0 21 0 2 0 0 0 37 0 0 4 10 0 23 0 9 0 0 0 1 0 208 32 0 0 25 0 9 0 0 0 1 0 0 0 2 0 26 0 2 0 0 0 6 0 0 4 48 0 31 0 9 0 0 0 1 0 0 0 0 0 32 0 2 0 0 0 37 0 0 4 54 0 33 0 10 0 0 0 1 0 0 4 92 0 35 0 9 0 0 0 2 0 0 4 100 0 37 0 9 0 0 0 1 0 0 1 138 0 38 0 9 0 0 0 1 0 0 0 3 0 39 0 10 0 0 0 1 0 0 4 108 0 40 0 9 0 0 0 1 0 0 0 1 0 43 0 2 0 0 0 37 0 0 4 116 0 0 0 0 98 112 108 105 115 116 48 48 79 17 2 0 111 2 116 2 121 2 139 2 151 2 138 2 121 2 145 2 159 2 150 2 152 2 149 2 141 2 146 2 154 2 138 2 98 2 111 1 159 1 169 1 109 1 101 1 107 1 103 1 100 1 98 1 90 1 83 1 76 1 75 1 69 1 189 1 30 2 68 0 86 0 131 0 202 0 154 0 123 0 124 0 81 0 92 0 100 0 153 0 134 0 241 0 8 1 40 1 2 2 74 0 90 0 156 0 44 1 218 0 168 0 169 0 96 0 113 0 121 0 203 0 174 0 73 1 112 1 44 1 225 1 75 0 88 0 158 0 39 1 214 0 167 0 168 0 95 0 111 0 119 0 201 0 175 0 64 1 110 1 30 1 195 1 147 0 172 0 91 0 81 0 74 0 119 0 120 0 56 0 56 0 103 0 234 0 211 0 210 0 242 0 244 0 161 1 219 0 252 0 118 0 104 0 89 0 166 0 167 0 57 0 56 0 133 0 98 1 63 1 49 1 107 1 13 1 126 1 228 0 249 0 112 0 102 0 88 0 164 0 165 0 55 0 56 0 130 0 94 1 66 1 38 1 104 1 1 1 89 1 56 0 61 0 83 0 114 0 88 0 84 0 85 0 192 0 0 1 161 0 139 0 133 0 123 0 147 0 160 0 63 1 58 0 60 0 116 0 174 0 124 0 101 0 101 0 87 1 223 1 10 1 162 0 156 0 140 0 174 0 151 0 42 1 57 0 58 0 117 0 170 0 120 0 99 0 99 0 80 1 214 1 9 1 161 0 157 0 134 0 170 0 135 0 32 1 23 1 4 1 150 0 193 0 137 0 123 0 119 0 148 0 206 0 129 0 89 0 88 0 68 0 81 0 76 0 50 1 167 2 147 2 58 1 163 1 22 1 0 1 5 1 117 0 156 0 101 0 73 0 73 0 27 0 25 0 32 0 36 1 121 2 96 2 20 1 120 1 248 0 245 0 10 1 115 0 148 0 97 0 72 0 72 0 27 0 24 0 27 0 227 0 84 1 60 1 153 0 214 0 151 0 165 0 175 0 75 0 99 0 70 0 53 0 53 0 24 0 22 0 26 0 18 1 192 0 149 0 138 0 140 0 138 0 131 0 125 0 121 0 119 0 115 0 115 0 124 0 110 0 98 0 80 0 0 8 0 0 0 0 0 0 2 1 0 0 0 0 0 0 0 1 0 0 0 0 0 0 0 0 0 0 0 0 0 0 2 12 98 112 108 105 115 116 48 48 212 1 2 3 4 5 6 7 8 85 102 108 97 103 115 85 118 97 108 117 101 89 116 105 109 101 115 99 97 108 101 85 101 112 111 99 104 16 1 19 0 1 158 198 177 89 250 67 18 59 154 202 0 16 0 8 17 23 29 39 45 47 56 61 0 0 0 0 0 0 1 1 0 0 0 0 0 0 0 9 0 0 0 0 0 0 0 0 0 0 0 0 0 0 0 63 255 255 195 38 0 2 33 255 255 255 241 133 0 2 225 34 255 255 148 221 0 0 108 1 0 0 4 31 0 0 0 64 0 0 20 235 0 0 1 0 68 49 66 66 53 50 56 68 45 51 69 56 57 45 52 68 65 57 45 65 48 54 56 45 69 67 66 66 65 53 67 70 67 56 51 55 0 0 113 57 48 48 110 0 51 49 56 52 56 67 67 52 45 67 55 70 65 45 52 48 56 67 45 57 68 50 51 45 48 52 54 49 56 65 51 48 56 66 55 55 0 0 0 0 0 0 0 0 0 1 0 0 0 19 16 0 0 66 0 2 119 51 0 0 19 57 67 66 70 49 49 66 50 53 45 66 53 51 50 45 52 68 49 49 45 65 52 53 68 45 54 65 52 65 55 53 57 54 53 65 56 65 0 0  65 112 112 108 101 32 105 79 83 0 0 1 77 77 0 26 0 1 0 9 0 0 0 1 0 0 0 11 0 2 0 7 0 0 2 46 0 0 1 76 0 3 0 7 0 0 0 104 0 0 3 122 0 4 0 9 0 0 0 1 0 0 0 1 0 5 0 9 0 0 0 1 0 0 0 181 0 6 0 9 0 0 0 1 0 0 0 188 0 7 0 9 0 0 0 1 0 0 0 1 0 8 0 10 0 0 0 3 0 0 3 226 0 12 0 10 0 0 0 2 0 0 3 250 0 13 0 9 0 0 0 1 0 0 0 13 0 14 0 9 0 0 0 1 0 0 0 0 0 16 0 9 0 0 0 1 0 0 0 1 0 20 0 9 0 0 0 1 0 0 0 10 0 21 0 2 0 0 0 37 0 0 4 10 0 23 0 9 0 0 0 1 0 208 32 0 0 25 0 9 0 0 0 1 0 0 0 2 0 26 0 2 0 0 0 6 0 0 4 48 0 31 0 9 0 0 0 1 0 0 0 0 0 32 0 2 0 0 0 37 0 0 4 54 0 33 0 10 0 0 0 1 0 0 4 92 0 35 0 9 0 0 0 2 0 0 4 100 0 37 0 9 0 0 0 1 0 0 1 138 0 38 0 9 0 0 0 1 0 0 0 3 0 39 0 10 0 0 0 1 0 0 4 108 0 40 0 9 0 0 0 1 0 0 0 1 0 43 0 2 0 0 0 37 0 0 4 116 0 0 0 0 98 112 108 105 115 116 48 48 79 17 2 0 111 2 116 2 121 2 139 2 151 2 138 2 121 2 145 2 159 2 150 2 152 2 149 2 141 2 146 2 154 2 138 2 98 2 111 1 159 1 169 1 109 1 101 1 107 1 103 1 100 1 98 1 90 1 83 1 76 1 75 1 69 1 189 1 30 2 68 0 86 0 131 0 202 0 154 0 123 0 124 0 81 0 92 0 100 0 153 0 134 0 241 0 8 1 40 1 2 2 74 0 90 0 156 0 44 1 218 0 168 0 169 0 96 0 113 0 121 0 203 0 174 0 73 1 112 1 44 1 225 1 75 0 88 0 158 0 39 1 214 0 167 0 168 0 95 0 111 0 119 0 201 0 175 0 64 1 110 1 30 1 195 1 147 0 172 0 91 0 81 0 74 0 119 0 120 0 56 0 56 0 103 0 234 0 211 0 210 0 242 0 244 0 161 1 219 0 252 0 118 0 104 0 89 0 166 0 167 0 57 0 56 0 133 0 98 1 63 1 49 1 107 1 13 1 126 1 228 0 249 0 112 0 102 0 88 0 164 0 165 0 55 0 56 0 130 0 94 1 66 1 38 1 104 1 1 1 89 1 56 0 61 0 83 0 114 0 88 0 84 0 85 0 192 0 0 1 161 0 139 0 133 0 123 0 147 0 160 0 63 1 58 0 60 0 116 0 174 0 124 0 101 0 101 0 87 1 223 1 10 1 162 0 156 0 140 0 174 0 151 0 42 1 57 0 58 0 117 0 170 0 120 0 99 0 99 0 80 1 214 1 9 1 161 0 157 0 134 0 170 0 135 0 32 1 23 1 4 1 150 0 193 0 137 0 123 0 119 0 148 0 206 0 129 0 89 0 88 0 68 0 81 0 76 0 50 1 167 2 147 2 58 1 163 1 22 1 0 1 5 1 117 0 156 0 101 0 73 0 73 0 27 0 25 0 32 0 36 1 121 2 96 2 20 1 120 1 248 0 245 0 10 1 115 0 148 0 97 0 72 0 72 0 27 0 24 0 27 0 227 0 84 1 60 1 153 0 214 0 151 0 165 0 175 0 75 0 99 0 70 0 53 0 53 0 24 0 22 0 26 0 18 1 192 0 149 0 138 0 140 0 138 0 131 0 125 0 121 0 119 0 115 0 115 0 124 0 110 0 98 0 80 0 0 8 0 0 0 0 0 0 2 1 0 0 0 0 0 0 0 1 0 0 0 0 0 0 0 0 0 0 0 0 0 0 2 12 98 112 108 105 115 116 48 48 212 1 2 3 4 5 6 7 8 85 102 108 97 103 115 85 118 97 108 117 101 89 116 105 109 101 115 99 97 108 101 85 101 112 111 99 104 16 1 19 0 1 158 198 177 89 250 67 18 59 154 202 0 16 0 8 17 23 29 39 45 47 56 61 0 0 0 0 0 0 1 1 0 0 0 0 0 0 0 9 0 0 0 0 0 0 0 0 0 0 0 0 0 0 0 63 255 255 195 38 0 2 33 255 255 255 241 133 0 2 225 34 255 255 148 221 0 0 108 1 0 0 4 31 0 0 0 64 0 0 20 235 0 0 1 0 68 49 66 66 53 50 56 68 45 51 69 56 57 45 52 68 65 57 45 65 48 54 56 45 69 67 66 66 65 53 67 70 67 56 51 55 0 0 113 57 48 48 110 0 51 49 56 52 56 67 67 52 45 67 55 70 65 45 52 48 56 67 45 57 68 50 51 45 48 52 54 49 56 65 51 48 56 66 55 55 0 0 0 0 0 0 0 0 0 1 0 0 0 19 16 0 0 66 0 2 119 51 0 0 19 57 67 66 70 49 49 66 50 53 45 66 53 51 50 45 52 68 49 49 45 65 52 53 68 45 54 65 52 65 55 53 57 54 53 65 56 65 0 0
Exif.Photo.SubSecTimeOriginal                Ascii       4  031  031
Exif.Photo.SubSecTimeDigitized               Ascii       4  031  031
Exif.Photo.FlashpixVersion                   Undefined   4  48 49 48 48  1.00
Exif.Photo.ColorSpace                        Short       1  65535  Uncalibrated
Exif.Photo.PixelXDimension                   Long        1  4032  4032
Exif.Photo.PixelYDimension                   Long        1  3024  3024
Exif.Photo.SensingMethod                     Short       1  2  One-chip color area
Exif.Photo.SceneType                         Undefined   1  1  Directly photographed
Exif.Photo.ExposureMode                      Short       1  0  Auto
Exif.Photo.WhiteBalance                      Short       1  0  Auto
Exif.Photo.FocalLengthIn35mmFilm             Short       1  26  26.0 mm
Exif.Photo.SceneCaptureType                  Short       1  0  Standard
Exif.Photo.LensSpecification                 Rational    4  17/4 17/4 9/5 9/5  4.25mm F1.8
Exif.Photo.LensMake                          Ascii       6  Apple  Apple
Exif.Photo.LensModel                         Ascii      35  iPhone XR back camera 4.25mm f/1.8  iPhone XR back camera 4.25mm f/1.8
Exif.Photo.CompositeImage                    Short       1  2  GeneralComposite
