Exif.Image.Orientation                       Short       1  1  top, left
Exif.Image.XResolution                       Rational    1  720000/10000  72
Exif.Image.YResolution                       Rational    1  720000/10000  72
Exif.Image.ResolutionUnit                    Short       1  2  inch
Exif.Image.Software                          Ascii      30  Adobe Photoshop CS3 Macintosh  Adobe Photoshop CS3 Macintosh
Exif.Image.DateTime                          Ascii      20  2009:06:03 17:02:22  2009:06:03 17:02:22
Exif.Image.ExifTag                           Long        1  164  164
Exif.Photo.ColorSpace                        Short       1  65535  Uncalibrated
Exif.Photo.PixelXDimension                   Long        1  420  420
Exif.Photo.PixelYDimension                   Long        1  300  300
Exif.Thumbnail.Compression                   Short       1  6  JPEG (old-style)
Exif.Thumbnail.XResolution                   Rational    1  72/1  72
Exif.Thumbnail.YResolution                   Rational    1  72/1  72
Exif.Thumbnail.ResolutionUnit                Short       1  2  inch
Exif.Thumbnail.JPEGInterchangeFormat         Long        1  302  302
Exif.Thumbnail.JPEGInterchangeFormatLength   Long        1  938  938
Iptc.Application2.RecordVersion              Short       1  0  0
Iptc.Application2.Credit                     String     16  This is a credit  This is a credit
Xmp.xmp.CreateDate                           XmpText    25  2009-06-03T17:02:22+02:00  2009-06-03T17:02:22+02:00
Xmp.xmp.ModifyDate                           XmpText    25  2009-06-03T17:02:22+02:00  2009-06-03T17:02:22+02:00
Xmp.xmp.MetadataDate                         XmpText    25  2009-06-03T17:02:22+02:00  2009-06-03T17:02:22+02:00
Xmp.xmp.CreatorTool                          XmpText    29  Adobe Photoshop CS3 Macintosh  Adobe Photoshop CS3 Macintosh
Xmp.dc.format                                XmpText    10  image/jpeg  image/jpeg
Xmp.photoshop.ColorMode                      XmpText     1  3  3
Xmp.photoshop.History                        XmpText     0  
Xmp.xmpMM.InstanceID                         XmpText    37  uuid:6E0DE597F251DE119368FCA8AE42D1CE  uuid:6E0DE597F251DE119368FCA8AE42D1CE
Xmp.xmpMM.DocumentID                         XmpText    37  uuid:6D0DE597F251DE119368FCA8AE42D1CE  uuid:6D0DE597F251DE119368FCA8AE42D1CE
Xmp.xmpMM.DerivedFrom                        XmpText     0  type="Struct"
Xmp.tiff.Orientation                         XmpText     1  1  top, left
Xmp.tiff.XResolution                         XmpText    12  720000/10000  72
Xmp.tiff.YResolution                         XmpText    12  720000/10000  72
Xmp.tiff.ResolutionUnit                      XmpText     1  2  inch
Xmp.tiff.NativeDigest                        XmpText   134  256,257,258,259,262,274,277,284,530,531,282,283,296,301,318,319,529,532,306,270,271,272,305,315,33432;A50D672D77BFA6B1794A470713D72F1B  256,257,258,259,262,274,277,284,530,531,282,283,296,301,318,319,529,532,306,270,271,272,305,315,33432;A50D672D77BFA6B1794A470713D72F1B
Xmp.exif.PixelXDimension                     XmpText     3  420  420
Xmp.exif.PixelYDimension                     XmpText     3  300  300
Xmp.exif.ColorSpace                          XmpText     2  -1  (-1)
Xmp.exif.NativeDigest                        XmpText   414  36864,40960,40961,37121,37122,40962,40963,37510,40964,36867,36868,33434,33437,34850,34852,34855,34856,37377,37378,37379,37380,37381,37382,37383,37384,37385,37386,37396,41483,41484,41486,41487,41488,41492,41493,41495,41728,41729,41730,41985,41986,41987,41988,41989,41990,41991,41992,41993,41994,41995,41996,42016,0,2,4,5,6,7,8,9,10,11,12,13,14,15,16,17,18,20,22,23,24,25,26,27,28,30;994BCC01E43CFBC321A79B1A803AAF9B  36864,40960,40961,37121,37122,40962,40963,37510,40964,36867,36868,33434,33437,34850,34852,34855,34856,37377,37378,37379,37380,37381,37382,37383,37384,37385,37386,37396,41483,41484,41486,41487,41488,41492,41493,41495,41728,41729,41730,41985,41986,41987,41988,41989,41990,41991,41992,41993,41994,41995,41996,42016,0,2,4,5,6,7,8,9,10,11,12,13,14,15,16,17,18,20,22,23,24,25,26,27,28,30;994BCC01E43CFBC321A79B1A803AAF9B
