Warning: Directory Nikon3, entry 0x002b has unknown Exif (TIFF) type 64002; setting type size 1.
Exif.Image.ImageWidth                        Long        1  1200  1200
Exif.Image.ImageLength                       Long        1  800  800
Exif.Image.BitsPerSample                     Short       3  8 8 8  8 8 8
Exif.Image.ImageDescription                  Ascii      37                                                                            
Exif.Image.Make                              Ascii      18  NIKON CORPORATION  NIKON CORPORATION
Exif.Image.Model                             Ascii      12  NIKON D5300  NIKON D5300
Exif.Image.Orientation                       Short       1  1  top, left
Exif.Image.XResolution                       Rational    1  300/1  300
Exif.Image.YResolution                       Rational    1  300/1  300
Exif.Image.ResolutionUnit                    Short       1  2  inch
Exif.Image.Software                          Ascii      11  GIMP 2.9.5  GIMP 2.9.5
Exif.Image.DateTime                          Ascii      20  2016:08:13 10:54:16  2016:08:13 10:54:16
Exif.Image.YCbCrPositioning                  Short       1  1  Centered
Exif.Image.ExifTag                           Long        1  304  304
Exif.Photo.ExposureTime                      Rational    1  10/4000  1/400 s
Exif.Photo.FNumber                           Rational    1  100/10  F10
Exif.Photo.ExposureProgram                   Short       1  0  Not defined
Exif.Photo.ISOSpeedRatings                   Short       1  200  200
Exif.Photo.SensitivityType                   Short       1  2  2
Exif.Photo.ExifVersion                       Undefined   4  48 50 51 48  2.30
Exif.Photo.DateTimeOriginal                  Ascii      20  2015:07:16 15:38:54  2015:07:16 15:38:54
Exif.Photo.DateTimeDigitized                 Ascii      20  2015:07:16 15:38:54  2015:07:16 15:38:54
Exif.Photo.ComponentsConfiguration           Undefined   4  1 2 3 0  YCbCr
Exif.Photo.CompressedBitsPerPixel            Rational    1  2/1  2
Exif.Photo.ExposureBiasValue                 SRational   1  0/6  0 EV
Exif.Photo.MaxApertureValue                  Rational    1  43/10  F4.4
Exif.Photo.MeteringMode                      Short       1  5  Multi-segment
Exif.Photo.LightSource                       Short       1  0  Unknown
Exif.Photo.Flash                             Short       1  16  No, compulsory
Exif.Photo.FocalLength                       Rational    1  440/10  44.0 mm
Exif.Photo.MakerNote                         Undefined 3826  78 105 107 111 110 0 2 16 0 0 73 73 42 0 8 0 0 0 57 0 43 0 2 250 36 0 0 0 186 2 0 0 44 0 2 0 133 4 0 0 222 2 0 0 45 0 2 0 8 0 0 0 100 7 0 0 50 0 2 0 20 0 0 0 108 7 0 0 53 0 2 0 16 0 0 0 128 7 0 0 59 0 2 0 32 0 0 0 144 7 0 0 60 0 2 0 2 0 0 0 49 0 0 0 157 0 2 0 2 0 0 0 48 0 0 0 163 0 1 0 1 0 0 0 0 0 0 0 182 0 2 0 16 0 0 0 176 7 0 0 187 0 2 0 26 0 0 0 192 7 0 0 191 0 2 0 2 0 0 0 48 0 0 0 192 0 2 0 21 0 0 0 218 7 0 0 34 0 3 0 1 0 0 0 255 255 0 0 138 0 3 0 1 0 0 0 1 0 0 0 30 0 3 0 1 0 0 0 1 0 0 0 27 0 3 0 7 0 0 0 240 7 0 0 25 0 10 0 1 0 0 0 254 7 0 0 14 0 7 0 4 0 0 0 0 1 12 0 28 0 3 0 3 0 0 0 6 8 0 0 24 0 7 0 4 0 0 0 0 1 6 0 18 0 7 0 4 0 0 0 0 1 6 0 9 0 2 0 20 0 0 0 12 8 0 0 23 0 7 0 4 0 0 0 0 1 6 0 168 0 7 0 49 0 0 0 32 8 0 0 135 0 1 0 1 0 0 0 0 0 0 0 8 0 2 0 13 0 0 0 82 8 0 0 7 0 2 0 7 0 0 0 96 8 0 0 177 0 3 0 1 0 0 0 4 0 0 0 19 0 3 0 2 0 0 0 0 0 200 0 2 0 3 0 2 0 0 0 0 0 200 0 22 0 3 0 4 0 0 0 104 8 0 0 162 0 4 0 1 0 0 0 208 51 94 0 132 0 5 0 4 0 0 0 112 8 0 0 139 0 7 0 4 0 0 0 55 1 12 0 131 0 1 0 1 0 0 0 14 0 0 0 149 0 2 0 5 0 0 0 144 8 0 0 13 0 7 0 4 0 0 0 0 1 6 0 4 0 2 0 8 0 0 0 150 8 0 0 158 0 3 0 10 0 0 0 158 8 0 0 29 0 2 0 8 0 0 0 178 8 0 0 137 0 3 0 1 0 0 0 0 0 0 0 167 0 4 0 1 0 0 0 136 37 0 0 171 0 2 0 16 0 0 0 186 8 0 0 1 0 7 0 4 0 0 0 48 50 49 49 12 0 5 0 4 0 0 0 202 8 0 0 5 0 2 0 13 0 0 0 234 8 0 0 11 0 8 0 2 0 0 0 0 0 0 0 183 0 7 0 30 0 0 0 248 8 0 0 151 0 7 0 164 4 0 0 22 9 0 0 184 0 7 0 172 0 0 0 186 13 0 0 37 0 7 0 14 0 0 0 102 14 0 0 152 0 7 0 33 0 0 0 116 14 0 0 176 0 7 0 16 0 0 0 150 14 0 0 35 0 7 0 58 0 0 0 166 14 0 0 31 0 7 0 8 0 0 0 224 14 0 0 36 0 7 0 4 0 0 0 0 0 1 0 0 0 0 0 52 56 32 52 57 32 52 56 32 52 56 32 48 32 48 32 50 32 48 32 48 32 48 32 48 32 48 32 48 32 48 32 48 32 48 0 52 56 32 52 57 32 52 56 32 52 57 32 51 53 32 48 32 49 50 56 32 50 32 49 55 48 32 49 32 48 32 48 32 48 32 48 32 48 32 48 32 48 32 48 32 48 32 48 32 48 32 48 32 48 32 48 32 48 32 48 32 48 32 48 32 48 32 48 32 48 32 48 32 48 32 48 32 48 32 48 32 48 32 48 32 48 32 48 32 48 32 48 32 48 32 48 32 48 32 48 32 48 32 48 32 48 32 48 32 48 32 48 32 48 32 48 32 48 32 48 32 48 32 48 32 48 32 48 32 48 32 48 32 48 32 48 32 48 32 48 32 48 32 48 32 48 32 48 32 48 32 48 32 48 32 48 32 48 32 48 32 48 32 48 32 48 32 48 32 48 32 48 32 48 32 48 32 48 32 48 32 48 32 48 32 48 32 48 32 48 32 48 32 48 32 48 32 48 32 48 32 48 32 48 32 48 32 48 32 48 32 48 32 48 32 48 32 48 32 48 32 48 32 48 32 48 32 48 32 48 32 48 32 48 32 48 32 48 32 48 32 48 32 48 32 48 32 48 32 48 32 48 32 48 32 48 32 48 32 48 32 48 32 48 32 48 32 48 32 48 32 48 32 48 32 48 32 48 32 48 32 48 32 48 32 48 32 48 32 48 32 48 32 48 32 48 32 48 32 48 32 48 32 48 32 48 32 48 32 48 32 48 32 48 32 48 32 48 32 48 32 48 32 48 32 48 32 48 32 48 32 48 32 48 32 48 32 48 32 48 32 48 32 48 32 48 32 48 32 48 32 48 32 48 32 48 32 48 32 48 32 48 32 48 32 48 32 48 32 48 32 48 32 48 32 48 32 48 32 48 32 48 32 48 32 48 32 48 32 48 32 48 32 48 32 48 32 48 32 48 32 48 32 48 32 48 32 48 32 48 32 48 32 48 32 48 32 48 32 48 32 48 32 48 32 48 32 48 32 48 32 48 32 48 32 48 32 48 32 48 32 48 32 48 32 48 32 48 32 48 32 48 32 48 32 48 32 48 32 48 32 48 32 48 32 48 32 48 32 48 32 48 32 48 32 48 32 48 32 48 32 48 32 48 32 48 32 48 32 48 32 48 32 48 32 48 32 48 32 48 32 48 32 48 32 48 32 48 32 48 32 48 32 48 32 48 32 48 32 48 32 48 32 48 32 48 32 48 32 48 32 48 32 48 32 48 32 48 32 48 32 48 32 48 32 48 32 48 32 48 32 48 32 48 32 48 32 48 32 48 32 48 32 48 32 48 32 48 32 48 32 48 32 48 32 48 32 48 32 48 32 48 32 48 32 48 32 48 32 48 32 48 32 48 32 48 32 48 32 48 32 48 32 48 32 48 32 48 32 48 32 48 32 48 32 48 32 48 32 48 32 48 32 48 32 48 32 48 32 48 32 48 32 48 32 48 32 48 32 48 32 48 32 48 32 48 32 48 32 48 32 48 32 48 32 48 32 48 32 48 32 48 32 48 32 48 32 48 32 48 32 48 32 48 32 48 32 48 32 48 32 48 32 48 32 48 32 48 32 48 32 48 32 48 32 48 32 48 32 48 32 48 32 48 32 48 32 48 32 48 32 48 32 48 32 48 32 48 32 48 32 48 32 48 32 48 32 48 32 48 32 48 32 48 32 48 32 48 32 48 32 48 32 161 32 48 32 48 32 48 32 48 32 48 32 48 32 48 32 48 32 48 32 48 32 48 32 48 32 48 32 48 32 48 32 48 32 48 32 48 32 48 32 48 32 48 32 48 32 48 32 48 32 48 32 48 32 48 32 48 32 48 32 48 32 48 32 48 32 48 32 48 32 48 32 48 32 48 32 48 32 48 32 48 32 48 32 48 32 48 32 48 32 48 32 48 32 48 32 48 32 48 32 48 32 48 32 48 32 48 32 48 32 48 32 48 32 48 32 48 32 48 32 48 32 48 32 48 32 48 32 48 32 48 32 48 32 48 32 48 32 48 32 48 32 48 32 48 32 48 32 48 32 48 32 48 32 48 32 48 32 48 32 48 32 48 32 48 32 48 32 48 32 48 32 48 32 48 32 48 32 48 32 48 32 48 32 48 32 48 32 48 32 48 32 48 32 48 32 48 32 48 32 48 32 48 32 48 32 48 32 48 32 48 32 48 32 48 32 48 32 48 32 48 32 48 32 48 32 48 32 48 32 48 32 48 32 48 32 48 32 48 32 48 32 48 32 48 32 48 32 48 32 48 32 48 32 48 32 48 32 48 32 48 32 48 32 48 32 48 32 48 32 48 32 48 32 48 32 48 32 48 32 48 32 48 32 48 32 48 32 48 32 48 32 48 32 48 32 48 32 48 32 48 32 48 32 48 32 48 32 48 32 48 32 48 32 48 32 48 32 48 32 48 32 48 32 48 32 48 32 48 32 48 32 48 32 48 32 48 32 48 32 48 32 48 32 48 32 48 32 48 32 48 32 48 32 48 32 48 32 48 32 48 32 48 32 48 32 48 32 48 32 48 32 48 32 48 32 48 32 48 32 48 32 48 32 48 32 48 32 48 32 48 32 48 32 48 32 48 32 48 32 48 32 48 32 48 32 48 32 48 32 48 32 48 0 0 53 49 50 32 48 32 48 0 52 56 32 52 57 32 52 56 32 52 56 32 49 32 48 32 48 32 48 0 52 56 32 53 48 32 52 56 32 52 56 32 48 32 48 0 50 53 54 47 50 53 54 32 50 53 54 47 50 53 54 32 50 53 54 47 50 53 54 32 50 53 54 47 50 53 54 0 48 32 48 32 48 32 48 32 48 32 48 32 48 32 48 0 52 56 32 53 48 32 52 56 32 52 56 32 50 53 53 32 50 53 53 32 50 53 53 32 48 0 54 48 32 49 32 49 50 32 48 32 49 52 52 32 49 32 49 50 32 48 0 0 0 0 128 23 176 15 128 23 176 15 0 0 0 0 0 0 0 0 6 0 0 0 0 0 1 0 6 0 32 32 32 32 32 32 32 32 32 32 32 32 32 32 32 32 32 32 32 0 48 49 48 54 0 0 0 0 0 0 0 0 0 0 0 0 0 0 0 0 0 0 0 0 0 0 0 0 0 0 0 0 0 0 0 0 0 0 0 0 0 0 0 0 0 0 0 0 0 0 32 32 32 32 32 32 32 32 32 32 32 32 0 0 65 70 45 65 32 32 0 0 0 0 0 0 112 23 160 15 180 0 0 0 10 0 0 0 196 9 0 0 10 0 0 0 35 0 0 0 10 0 0 0 63 0 0 0 10 0 0 0 79 70 70 32 0 0 78 79 82 77 65 76 32 0 0 0 0 0 0 0 0 0 0 0 0 0 0 0 0 0 0 0 0 0 50 53 54 55 56 48 54 0 65 85 84 79 40 70 76 65 83 72 32 79 70 70 41 0 26 2 0 0 0 1 0 0 98 1 0 0 0 1 0 0 0 1 0 0 0 1 0 0 0 1 0 0 0 1 0 0 65 85 84 79 32 32 32 32 32 32 32 32 0 0 48 49 48 48 0 8 3 11 105 5 128 0 16 0 0 0 0 0 0 0 0 0 0 0 0 0 0 0 0 0 48 50 49 57 175 100 85 136 19 240 236 87 159 239 50 169 21 141 234 145 1 58 188 135 155 248 158 141 197 70 16 35 127 36 18 73 201 146 164 255 163 144 198 69 13 30 120 27 7 60 186 129 17 106 140 119 171 40 238 253 85 246 224 19 143 84 98 185 89 66 116 239 179 192 22 181 157 206 72 11 23 108 10 241 33 154 75 229 225 211 254 237 97 166 153 188 97 4 235 86 222 141 147 96 177 112 9 90 197 254 49 68 166 28 219 225 181 202 172 215 75 8 14 93 245 214 0 115 53 54 130 24 249 35 246 78 251 93 158 232 149 83 192 150 155 77 6 80 237 123 80 198 91 56 80 204 164 134 241 99 30 100 208 139 139 208 92 62 129 207 147 154 205 94 47 91 199 124 109 193 82 42 79 183 107 104 185 61 22 54 162 83 77 148 36 249 6 130 48 47 107 0 210 245 69 14 11 75 212 172 206 49 249 218 29 165 121 158 225 169 161 230 119 67 88 196 115 109 86 49 27 234 156 63 238 101 125 191 248 56 175 209 10 175 121 154 243 136 38 200 15 28 53 151 224 51 159 244 79 38 57 226 212 15 95 97 114 213 130 110 168 43 119 12 70 16 29 56 188 134 155 249 158 140 197 70 16 35 127 36 18 73 201 146 164 255 163 144 198 69 13 30 135 100 7 61 186 128 145 235 115 116 171 40 234 253 85 246 224 23 143 84 98 185 89 66 116 235 179 192 22 181 157 206 72 15 129 108 17 240 1 154 250 152 79 166 88 108 108 167 62 253 118 123 129 41 233 243 196 223 67 240 230 37 173 126 88 251 167 156 90 97 176 74 44 83 203 140 142 217 117 82 128 247 175 180 2 153 121 162 11 203 44 223 182 149 6 209 68 232 52 207 170 209 65 250 252 71 232 186 222 77 5 6 80 227 191 230 82 9 9 82 228 191 227 82 6 5 77 222 184 37 184 2 7 68 249 170 204 55 235 232 46 189 182 182 64 211 207 21 162 120 152 3 148 87 243 128 86 189 221 143 132 75 87 108 78 181 101 90 156 39 244 15 105 45 37 110 240 195 223 68 242 233 41 186 132 159 3 176 166 229 109 54 88 187 103 220 154 161 240 10 108 23 11 72 206 157 181 22 192 179 239 116 66 89 185 98 84 143 12 224 233 85 226 238 55 171 119 140 234 145 129 186 60 7 24 120 28 13 69 198 145 163 254 164 147 201 73 18 36 127 35 16 71 197 140 158 248 155 135 188 59 1 16 106 32 246 49 170 110 124 183 119 43 147 68 212 169 57 217 194 176 111 51 64 150 53 29 78 200 139 151 236 138 113 161 26 221 231 38 216 191 237 120 38 50 131 29 4 51 169 116 114 198 95 65 112 228 165 178 254 135 123 167 28 218 225 49 202 172 215 74 8 15 93 245 214 0 115 47 52 131 25 248 34 148 79 83 160 55 21 60 174 104 107 183 77 42 80 193 123 124 199 91 56 94 205 133 134 208 99 63 100 210 137 137 210 100 63 99 208 134 133 205 94 57 91 218 124 123 193 76 42 79 183 104 104 175 61 8 54 163 83 77 148 32 249 6 130 43 47 115 0 214 245 93 14 8 75 214 172 203 49 225 218 28 167 123 152 255 173 164 230 112 67 95 196 115 105 168 50 4 31 131 49 38 100 237 191 216 59 231 220 26 161 113 138 236 151 139 200 78 29 53 150 64 51 111 244 194 217 57 226 212 15 136 96 118 213 102 110 171 43 244 12 106 17 26 58 184 135 153 248 156 141 205 70 15 35 127 36 18 73 200 146 164 255 163 144 199 69 12 30 120 27 7 60 186 129 145 234 141 119 171 40 239 253 84 246 224 19 143 85 98 184 89 67 116 239 179 192 22 181 157 206 72 11 23 108 10 241 33 154 92 103 187 88 62 109 229 166 176 3 159 132 178 41 233 242 68 223 195 240 102 37 45 126 28 251 35 156 88 97 177 74 44 87 75 136 142 221 116 86 128 243 175 180 3 153 120 162 20 207 211 32 182 149 189 46 233 235 54 204 171 209 64 250 252 71 219 185 222 76 5 7 80 227 191 228 82 9 9 82 228 191 227 80 6 5 77 222 184 219 71 252 250 65 209 170 204 55 235 232 46 189 149 182 32 211 207 20 162 121 153 2 176 175 247 128 84 117 221 142 136 203 215 44 74 177 96 90 156 39 251 24 127 45 36 102 240 195 223 68 242 233 41 178 133 159 2 176 167 229 108 62 88 187 103 93 154 32 241 11 108 23 11 72 206 157 181 22 192 179 239 116 66 89 185 98 84 143 19 224 246 85 253 238 40 171 119 140 234 145 129 186 60 7 27 120 30 13 69 198 148 163 251 164 144 201 73 18 36 127 163 16 70 197 139 158 81 0 0 0 0 0 0 0 0 0 0 0 0 0 0 0 0 0 0 0 0 0 0 0 0 0 0 0 0 0 0 0 0 0 0 0 0 0 0 0 0 0 0 0 0 0 0 0 0 0 0 0 0 0 0 0 0 0 0 0 0 0 0 0 0 0 0 0 0 0 0 0 0 0 0 0 0 0 0 0 0 0 0 0 0 0 0 0 0 0 0 0 0 0 0 0 0 0 0 0 0 0 0 0 0 0 0 0 0 0 0 0 0 0 0 0 0 0 0 0 0 0 0 0 0 0 0 0 0 0 0 0 0 0 0 0 0 0 0 0 0 0 0 0 0 0 0 0 0 0 0 0 0 0 0 0 0 0 0 0 0 0 0 0 0 0 0 0 0 0 0 0 0 0 0 0 0 0 0 0 0 0 0 0 0 0 0 0 0 0 0 0 0 0 0 0 0 0 0 0 0 0 0 0 0 0 0 0 0 0 0 0 0 0 0 0 0 0 0 0 0 0 0 0 0 0 0 0 0 0 0 0 0 0 0 0 0 0 0 0 0 0 0 0 0 0 0 0 0 0 0 0 0 0 0 0 0 0 0 0 0 0 0 0 0 0 0 0 0 0 0 0 0 0 0 0 0 0 0 0 0 0 0 0 0 0 0 0 0 0 0 0 0 0 0 0 0 0 0 0 0 0 0 0 0 0 0 0 0 0 0 0 0 0 0 0 0 0 0 0 0 0 0 0 0 0 0 0 0 0 0 0 0 0 0 0 0 0 0 0 0 0 0 0 0 0 0 0 0 0 0 0 0 0 0 0 0 0 0 0 0 0 0 0 0 0 0 0 0 0 0 0 0 0 0 0 0 0 0 0 0 0 0 0 0 0 0 0 0 0 0 0 0 0 0 0 0 0 0 0 0 0 0 0 0 0 0 0 0 0 0 0 0 0 0 0 0 0 0 0  78 105 107 111 110 0 2 16 0 0 73 73 42 0 8 0 0 0 57 0 43 0 2 250 36 0 0 0 186 2 0 0 44 0 2 0 133 4 0 0 222 2 0 0 45 0 2 0 8 0 0 0 100 7 0 0 50 0 2 0 20 0 0 0 108 7 0 0 53 0 2 0 16 0 0 0 128 7 0 0 59 0 2 0 32 0 0 0 144 7 0 0 60 0 2 0 2 0 0 0 49 0 0 0 157 0 2 0 2 0 0 0 48 0 0 0 163 0 1 0 1 0 0 0 0 0 0 0 182 0 2 0 16 0 0 0 176 7 0 0 187 0 2 0 26 0 0 0 192 7 0 0 191 0 2 0 2 0 0 0 48 0 0 0 192 0 2 0 21 0 0 0 218 7 0 0 34 0 3 0 1 0 0 0 255 255 0 0 138 0 3 0 1 0 0 0 1 0 0 0 30 0 3 0 1 0 0 0 1 0 0 0 27 0 3 0 7 0 0 0 240 7 0 0 25 0 10 0 1 0 0 0 254 7 0 0 14 0 7 0 4 0 0 0 0 1 12 0 28 0 3 0 3 0 0 0 6 8 0 0 24 0 7 0 4 0 0 0 0 1 6 0 18 0 7 0 4 0 0 0 0 1 6 0 9 0 2 0 20 0 0 0 12 8 0 0 23 0 7 0 4 0 0 0 0 1 6 0 168 0 7 0 49 0 0 0 32 8 0 0 135 0 1 0 1 0 0 0 0 0 0 0 8 0 2 0 13 0 0 0 82 8 0 0 7 0 2 0 7 0 0 0 96 8 0 0 177 0 3 0 1 0 0 0 4 0 0 0 19 0 3 0 2 0 0 0 0 0 200 0 2 0 3 0 2 0 0 0 0 0 200 0 22 0 3 0 4 0 0 0 104 8 0 0 162 0 4 0 1 0 0 0 208 51 94 0 132 0 5 0 4 0 0 0 112 8 0 0 139 0 7 0 4 0 0 0 55 1 12 0 131 0 1 0 1 0 0 0 14 0 0 0 149 0 2 0 5 0 0 0 144 8 0 0 13 0 7 0 4 0 0 0 0 1 6 0 4 0 2 0 8 0 0 0 150 8 0 0 158 0 3 0 10 0 0 0 158 8 0 0 29 0 2 0 8 0 0 0 178 8 0 0 137 0 3 0 1 0 0 0 0 0 0 0 167 0 4 0 1 0 0 0 136 37 0 0 171 0 2 0 16 0 0 0 186 8 0 0 1 0 7 0 4 0 0 0 48 50 49 49 12 0 5 0 4 0 0 0 202 8 0 0 5 0 2 0 13 0 0 0 234 8 0 0 11 0 8 0 2 0 0 0 0 0 0 0 183 0 7 0 30 0 0 0 248 8 0 0 151 0 7 0 164 4 0 0 22 9 0 0 184 0 7 0 172 0 0 0 186 13 0 0 37 0 7 0 14 0 0 0 102 14 0 0 152 0 7 0 33 0 0 0 116 14 0 0 176 0 7 0 16 0 0 0 150 14 0 0 35 0 7 0 58 0 0 0 166 14 0 0 31 0 7 0 8 0 0 0 224 14 0 0 36 0 7 0 4 0 0 0 0 0 1 0 0 0 0 0 52 56 32 52 57 32 52 56 32 52 56 32 48 32 48 32 50 32 48 32 48 32 48 32 48 32 48 32 48 32 48 32 48 32 48 0 52 56 32 52 57 32 52 56 32 52 57 32 51 53 32 48 32 49 50 56 32 50 32 49 55 48 32 49 32 48 32 48 32 48 32 48 32 48 32 48 32 48 32 48 32 48 32 48 32 48 32 48 32 48 32 48 32 48 32 48 32 48 32 48 32 48 32 48 32 48 32 48 32 48 32 48 32 48 32 48 32 48 32 48 32 48 32 48 32 48 32 48 32 48 32 48 32 48 32 48 32 48 32 48 32 48 32 48 32 48 32 48 32 48 32 48 32 48 32 48 32 48 32 48 32 48 32 48 32 48 32 48 32 48 32 48 32 48 32 48 32 48 32 48 32 48 32 48 32 48 32 48 32 48 32 48 32 48 32 48 32 48 32 48 32 48 32 48 32 48 32 48 32 48 32 48 32 48 32 48 32 48 32 48 32 48 32 48 32 48 32 48 32 48 32 48 32 48 32 48 32 48 32 48 32 48 32 48 32 48 32 48 32 48 32 48 32 48 32 48 32 48 32 48 32 48 32 48 32 48 32 48 32 48 32 48 32 48 32 48 32 48 32 48 32 48 32 48 32 48 32 48 32 48 32 48 32 48 32 48 32 48 32 48 32 48 32 48 32 48 32 48 32 48 32 48 32 48 32 48 32 48 32 48 32 48 32 48 32 48 32 48 32 48 32 48 32 48 32 48 32 48 32 48 32 48 32 48 32 48 32 48 32 48 32 48 32 48 32 48 32 48 32 48 32 48 32 48 32 48 32 48 32 48 32 48 32 48 32 48 32 48 32 48 32 48 32 48 32 48 32 48 32 48 32 48 32 48 32 48 32 48 32 48 32 48 32 48 32 48 32 48 32 48 32 48 32 48 32 48 32 48 32 48 32 48 32 48 32 48 32 48 32 48 32 48 32 48 32 48 32 48 32 48 32 48 32 48 32 48 32 48 32 48 32 48 32 48 32 48 32 48 32 48 32 48 32 48 32 48 32 48 32 48 32 48 32 48 32 48 32 48 32 48 32 48 32 48 32 48 32 48 32 48 32 48 32 48 32 48 32 48 32 48 32 48 32 48 32 48 32 48 32 48 32 48 32 48 32 48 32 48 32 48 32 48 32 48 32 48 32 48 32 48 32 48 32 48 32 48 32 48 32 48 32 48 32 48 32 48 32 48 32 48 32 48 32 48 32 48 32 48 32 48 32 48 32 48 32 48 32 48 32 48 32 48 32 48 32 48 32 48 32 48 32 48 32 48 32 48 32 48 32 48 32 48 32 48 32 48 32 48 32 48 32 48 32 48 32 48 32 48 32 48 32 48 32 48 32 48 32 48 32 48 32 48 32 48 32 48 32 48 32 48 32 48 32 48 32 48 32 48 32 48 32 48 32 48 32 48 32 48 32 48 32 48 32 48 32 48 32 48 32 48 32 48 32 48 32 48 32 48 32 48 32 48 32 48 32 48 32 48 32 48 32 48 32 48 32 48 32 48 32 48 32 48 32 48 32 48 32 48 32 48 32 48 32 48 32 48 32 48 32 48 32 48 32 48 32 48 32 48 32 48 32 48 32 48 32 48 32 48 32 48 32 48 32 48 32 48 32 48 32 48 32 48 32 48 32 48 32 48 32 48 32 48 32 48 32 48 32 48 32 48 32 48 32 48 32 48 32 48 32 48 32 48 32 48 32 48 32 48 32 161 32 48 32 48 32 48 32 48 32 48 32 48 32 48 32 48 32 48 32 48 32 48 32 48 32 48 32 48 32 48 32 48 32 48 32 48 32 48 32 48 32 48 32 48 32 48 32 48 32 48 32 48 32 48 32 48 32 48 32 48 32 48 32 48 32 48 32 48 32 48 32 48 32 48 32 48 32 48 32 48 32 48 32 48 32 48 32 48 32 48 32 48 32 48 32 48 32 48 32 48 32 48 32 48 32 48 32 48 32 48 32 48 32 48 32 48 32 48 32 48 32 48 32 48 32 48 32 48 32 48 32 48 32 48 32 48 32 48 32 48 32 48 32 48 32 48 32 48 32 48 32 48 32 48 32 48 32 48 32 48 32 48 32 48 32 48 32 48 32 48 32 48 32 48 32 48 32 48 32 48 32 48 32 48 32 48 32 48 32 48 32 48 32 48 32 48 32 48 32 48 32 48 32 48 32 48 32 48 32 48 32 48 32 48 32 48 32 48 32 48 32 48 32 48 32 48 32 48 32 48 32 48 32 48 32 48 32 48 32 48 32 48 32 48 32 48 32 48 32 48 32 48 32 48 32 48 32 48 32 48 32 48 32 48 32 48 32 48 32 48 32 48 32 48 32 48 32 48 32 48 32 48 32 48 32 48 32 48 32 48 32 48 32 48 32 48 32 48 32 48 32 48 32 48 32 48 32 48 32 48 32 48 32 48 32 48 32 48 32 48 32 48 32 48 32 48 32 48 32 48 32 48 32 48 32 48 32 48 32 48 32 48 32 48 32 48 32 48 32 48 32 48 32 48 32 48 32 48 32 48 32 48 32 48 32 48 32 48 32 48 32 48 32 48 32 48 32 48 32 48 32 48 32 48 32 48 32 48 32 48 32 48 32 48 32 48 32 48 32 48 32 48 32 48 32 48 32 48 32 48 32 48 0 0 53 49 50 32 48 32 48 0 52 56 32 52 57 32 52 56 32 52 56 32 49 32 48 32 48 32 48 0 52 56 32 53 48 32 52 56 32 52 56 32 48 32 48 0 50 53 54 47 50 53 54 32 50 53 54 47 50 53 54 32 50 53 54 47 50 53 54 32 50 53 54 47 50 53 54 0 48 32 48 32 48 32 48 32 48 32 48 32 48 32 48 0 52 56 32 53 48 32 52 56 32 52 56 32 50 53 53 32 50 53 53 32 50 53 53 32 48 0 54 48 32 49 32 49 50 32 48 32 49 52 52 32 49 32 49 50 32 48 0 0 0 0 128 23 176 15 128 23 176 15 0 0 0 0 0 0 0 0 6 0 0 0 0 0 1 0 6 0 32 32 32 32 32 32 32 32 32 32 32 32 32 32 32 32 32 32 32 0 48 49 48 54 0 0 0 0 0 0 0 0 0 0 0 0 0 0 0 0 0 0 0 0 0 0 0 0 0 0 0 0 0 0 0 0 0 0 0 0 0 0 0 0 0 0 0 0 0 0 32 32 32 32 32 32 32 32 32 32 32 32 0 0 65 70 45 65 32 32 0 0 0 0 0 0 112 23 160 15 180 0 0 0 10 0 0 0 196 9 0 0 10 0 0 0 35 0 0 0 10 0 0 0 63 0 0 0 10 0 0 0 79 70 70 32 0 0 78 79 82 77 65 76 32 0 0 0 0 0 0 0 0 0 0 0 0 0 0 0 0 0 0 0 0 0 50 53 54 55 56 48 54 0 65 85 84 79 40 70 76 65 83 72 32 79 70 70 41 0 26 2 0 0 0 1 0 0 98 1 0 0 0 1 0 0 0 1 0 0 0 1 0 0 0 1 0 0 0 1 0 0 65 85 84 79 32 32 32 32 32 32 32 32 0 0 48 49 48 48 0 8 3 11 105 5 128 0 16 0 0 0 0 0 0 0 0 0 0 0 0 0 0 0 0 0 48 50 49 57 175 100 85 136 19 240 236 87 159 239 50 169 21 141 234 145 1 58 188 135 155 248 158 141 197 70 16 35 127 36 18 73 201 146 164 255 163 144 198 69 13 30 120 27 7 60 186 129 17 106 140 119 171 40 238 253 85 246 224 19 143 84 98 185 89 66 116 239 179 192 22 181 157 206 72 11 23 108 10 241 33 154 75 229 225 211 254 237 97 166 153 188 97 4 235 86 222 141 147 96 177 112 9 90 197 254 49 68 166 28 219 225 181 202 172 215 75 8 14 93 245 214 0 115 53 54 130 24 249 35 246 78 251 93 158 232 149 83 192 150 155 77 6 80 237 123 80 198 91 56 80 204 164 134 241 99 30 100 208 139 139 208 92 62 129 207 147 154 205 94 47 91 199 124 109 193 82 42 79 183 107 104 185 61 22 54 162 83 77 148 36 249 6 130 48 47 107 0 210 245 69 14 11 75 212 172 206 49 249 218 29 165 121 158 225 169 161 230 119 67 88 196 115 109 86 49 27 234 156 63 238 101 125 191 248 56 175 209 10 175 121 154 243 136 38 200 15 28 53 151 224 51 159 244 79 38 57 226 212 15 95 97 114 213 130 110 168 43 119 12 70 16 29 56 188 134 155 249 158 140 197 70 16 35 127 36 18 73 201 146 164 255 163 144 198 69 13 30 135 100 7 61 186 128 145 235 115 116 171 40 234 253 85 246 224 23 143 84 98 185 89 66 116 235 179 192 22 181 157 206 72 15 129 108 17 240 1 154 250 152 79 166 88 108 108 167 62 253 118 123 129 41 233 243 196 223 67 240 230 37 173 126 88 251 167 156 90 97 176 74 44 83 203 140 142 217 117 82 128 247 175 180 2 153 121 162 11 203 44 223 182 149 6 209 68 232 52 207 170 209 65 250 252 71 232 186 222 77 5 6 80 227 191 230 82 9 9 82 228 191 227 82 6 5 77 222 184 37 184 2 7 68 249 170 204 55 235 232 46 189 182 182 64 211 207 21 162 120 152 3 148 87 243 128 86 189 221 143 132 75 87 108 78 181 101 90 156 39 244 15 105 45 37 110 240 195 223 68 242 233 41 186 132 159 3 176 166 229 109 54 88 187 103 220 154 161 240 10 108 23 11 72 206 157 181 22 192 179 239 116 66 89 185 98 84 143 12 224 233 85 226 238 55 171 119 140 234 145 129 186 60 7 24 120 28 13 69 198 145 163 254 164 147 201 73 18 36 127 35 16 71 197 140 158 248 155 135 188 59 1 16 106 32 246 49 170 110 124 183 119 43 147 68 212 169 57 217 194 176 111 51 64 150 53 29 78 200 139 151 236 138 113 161 26 221 231 38 216 191 237 120 38 50 131 29 4 51 169 116 114 198 95 65 112 228 165 178 254 135 123 167 28 218 225 49 202 172 215 74 8 15 93 245 214 0 115 47 52 131 25 248 34 148 79 83 160 55 21 60 174 104 107 183 77 42 80 193 123 124 199 91 56 94 205 133 134 208 99 63 100 210 137 137 210 100 63 99 208 134 133 205 94 57 91 218 124 123 193 76 42 79 183 104 104 175 61 8 54 163 83 77 148 32 249 6 130 43 47 115 0 214 245 93 14 8 75 214 172 203 49 225 218 28 167 123 152 255 173 164 230 112 67 95 196 115 105 168 50 4 31 131 49 38 100 237 191 216 59 231 220 26 161 113 138 236 151 139 200 78 29 53 150 64 51 111 244 194 217 57 226 212 15 136 96 118 213 102 110 171 43 244 12 106 17 26 58 184 135 153 248 156 141 205 70 15 35 127 36 18 73 200 146 164 255 163 144 199 69 12 30 120 27 7 60 186 129 145 234 141 119 171 40 239 253 84 246 224 19 143 85 98 184 89 67 116 239 179 192 22 181 157 206 72 11 23 108 10 241 33 154 92 103 187 88 62 109 229 166 176 3 159 132 178 41 233 242 68 223 195 240 102 37 45 126 28 251 35 156 88 97 177 74 44 87 75 136 142 221 116 86 128 243 175 180 3 153 120 162 20 207 211 32 182 149 189 46 233 235 54 204 171 209 64 250 252 71 219 185 222 76 5 7 80 227 191 228 82 9 9 82 228 191 227 80 6 5 77 222 184 219 71 252 250 65 209 170 204 55 235 232 46 189 149 182 32 211 207 20 162 121 153 2 176 175 247 128 84 117 221 142 136 203 215 44 74 177 96 90 156 39 251 24 127 45 36 102 240 195 223 68 242 233 41 178 133 159 2 176 167 229 108 62 88 187 103 93 154 32 241 11 108 23 11 72 206 157 181 22 192 179 239 116 66 89 185 98 84 143 19 224 246 85 253 238 40 171 119 140 234 145 129 186 60 7 27 120 30 13 69 198 148 163 251 164 144 201 73 18 36 127 163 16 70 197 139 158 81 0 0 0 0 0 0 0 0 0 0 0 0 0 0 0 0 0 0 0 0 0 0 0 0 0 0 0 0 0 0 0 0 0 0 0 0 0 0 0 0 0 0 0 0 0 0 0 0 0 0 0 0 0 0 0 0 0 0 0 0 0 0 0 0 0 0 0 0 0 0 0 0 0 0 0 0 0 0 0 0 0 0 0 0 0 0 0 0 0 0 0 0 0 0 0 0 0 0 0 0 0 0 0 0 0 0 0 0 0 0 0 0 0 0 0 0 0 0 0 0 0 0 0 0 0 0 0 0 0 0 0 0 0 0 0 0 0 0 0 0 0 0 0 0 0 0 0 0 0 0 0 0 0 0 0 0 0 0 0 0 0 0 0 0 0 0 0 0 0 0 0 0 0 0 0 0 0 0 0 0 0 0 0 0 0 0 0 0 0 0 0 0 0 0 0 0 0 0 0 0 0 0 0 0 0 0 0 0 0 0 0 0 0 0 0 0 0 0 0 0 0 0 0 0 0 0 0 0 0 0 0 0 0 0 0 0 0 0 0 0 0 0 0 0 0 0 0 0 0 0 0 0 0 0 0 0 0 0 0 0 0 0 0 0 0 0 0 0 0 0 0 0 0 0 0 0 0 0 0 0 0 0 0 0 0 0 0 0 0 0 0 0 0 0 0 0 0 0 0 0 0 0 0 0 0 0 0 0 0 0 0 0 0 0 0 0 0 0 0 0 0 0 0 0 0 0 0 0 0 0 0 0 0 0 0 0 0 0 0 0 0 0 0 0 0 0 0 0 0 0 0 0 0 0 0 0 0 0 0 0 0 0 0 0 0 0 0 0 0 0 0 0 0 0 0 0 0 0 0 0 0 0 0 0 0 0 0 0 0 0 0 0 0 0 0 0 0 0 0 0 0 0 0 0 0 0 0 0 0 0 0 0 0 0 0 0 0 0 0
Exif.MakerNote.Offset                        Long        1  890  890
Exif.MakerNote.ByteOrder                     Ascii       3  II  II
Exif.Nikon3.ActiveDLighting                  Short       1  65535  Auto
Exif.Nikon3.AutoBracketRelease               Short       1  1  Auto release
Exif.Nikon3.ColorSpace                       Short       1  1  sRGB
Exif.Nikon3.CropHiSpeed                      Short       7  0 6016 4016 6016 4016 0 0  0 6016 4016 6016 4016 0 0
Exif.Nikon3.ExposureBracketComp              SRational   1  0/6  0/6
Exif.Nikon3.ExposureDiff                     Undefined   4  0 1 12 0  0.0 EV
Exif.Nikon3.ExposureTuning                   Short       3  0 1 6  0 1 6
Exif.Nikon3.FlashBracketComp                 Undefined   4  0 1 6 0  0.0 EV
Exif.Nikon3.FlashComp                        Undefined   4  0 1 6 0  0.0 EV
Exif.Nikon3.FlashDevice                      Ascii      20                                          
Exif.Nikon3.FlashExposureComp                Undefined   4  0 1 6 0  0.0 EV
Exif.NikonFl6.Version                        Undefined   4  48 49 48 54  1.06
Exif.NikonFl6.FlashSource                    Byte        1  0  None
Exif.NikonFl6.ExternalFlashFirmware          Short       1  0  n/a
Exif.NikonFl6.ExternalFlashData1             Byte        1  0  Did not fire
Exif.NikonFl6.ExternalFlashData2             Byte        1  0  External flash off
Exif.NikonFl6.FlashCompensationMaster        Byte        1  0  n/a
Exif.NikonFl6.FlashFocalLength               Byte        1  0  n/a
Exif.NikonFl6.RepeatingFlashRate             Byte        1  0  n/a
Exif.NikonFl6.RepeatingFlashCount            Byte        1  0  n/a
Exif.NikonFl6.FlashGNDistance                Byte        1  0  n/a
Exif.NikonFl6.FlashColorFilter               Byte        1  0  None
Exif.NikonFl6.FlashGroupAControlData         Byte        1  0  Off
Exif.NikonFl6.FlashGroupBCControlData        Byte        1  0  Off, Off
Exif.NikonFl6.FlashCompensationGroupA        Byte        1  0  n/a
Exif.NikonFl6.FlashCompensationGroupB        Byte        1  0  n/a
Exif.NikonFl6.FlashCompensationGroupC        Byte        1  0  n/a
Exif.NikonFl6.CameraExposureCompensation     Byte        1  0  0.0 EV
Exif.NikonFl6.CameraFlashCompensation        Byte        1  0  0.0 EV
Exif.NikonFl6.FlashMasterOutput              Byte        1  0  n/a
Exif.NikonFl6.FlashGroupAOutput              Byte        1  0  n/a
Exif.NikonFl6.FlashGroupBOutput              Byte        1  0  n/a
Exif.NikonFl6.FlashGroupCOutput              Byte        1  0  n/a
Exif.Nikon3.FlashMode                        Byte        1  0  Did not fire
Exif.Nikon3.FlashSetting                     Ascii      13                            
Exif.Nikon3.Focus                            Ascii       7  AF-A    Automatic
Exif.Nikon3.HighISONoiseReduction            Short       1  4  Normal
Exif.Nikon3.ISOSettings                      Short       2  0 200  200
Exif.Nikon3.ISOSpeed                         Short       2  0 200  200
Exif.Nikon3.ImageBoundary                    Short       4  0 0 6000 4000  0 0 6000 4000
Exif.Nikon3.ImageDataSize                    Long        1  6173648  6173648
Exif.Nikon3.Lens                             Rational    4  180/10 2500/10 35/10 63/10  18-250mm F3.5-6.3
Exif.Nikon3.LensFStops                       Undefined   4  55 1 12 0  4.58333
Exif.Nikon3.LensType                         Byte        1  14  D G VR
Exif.Nikon3.NoiseReduction                   Ascii       5  OFF   OFF 
Exif.Nikon3.ProgramShift                     Undefined   4  0 1 6 0  0.0 EV
Exif.Nikon3.Quality                          Ascii       8  NORMAL   NORMAL 
Exif.Nikon3.RetouchHistory                   Short      10  0 0 0 0 0 0 0 0 0 0  None
Exif.Nikon3.SerialNumber                     Ascii       8  2567806  2567806
Exif.Nikon3.ShootingMode                     Short       1  0  Single-frame
Exif.Nikon3.ShutterCount                     Long        1  9608  9608
Exif.Nikon3.VariProgram                      Ascii      16  AUTO(FLASH OFF)  AUTO(FLASH OFF)
Exif.Nikon3.Version                          Undefined   4  48 50 49 49  2.11
Exif.Nikon3.WB_RBLevels                      Rational    4  538/256 354/256 256/256 256/256  538/256 354/256 256/256 256/256
Exif.Nikon3.WhiteBalance                     Ascii      13  AUTO          AUTO        
Exif.Nikon3.WhiteBalanceBias                 SShort      2  0 0  0 0
Exif.NikonAf2.Version                        Undefined   4  48 49 48 48  1.00
Exif.NikonAf2.ContrastDetectAF               Byte        1  0  Off
Exif.NikonAf2.AFAreaMode                     Byte        1  8  8
Exif.NikonAf2.PhaseDetectAF                  Byte        1  3  On (39-point)
Exif.NikonAf2.PrimaryAFPoint                 Byte        1  11  11
Exif.NikonAf2.AFPointsUsed                   Byte        7  105 5 128 0 16 0 0  105 5 128 0 16 0 0
Exif.NikonAf2.AFImageWidth                   Short       1  0  0
Exif.NikonAf2.AFImageHeight                  Short       1  0  0
Exif.NikonAf2.AFAreaXPosition                Short       1  0  0
Exif.NikonAf2.AFAreaYPosition                Short       1  0  0
Exif.NikonAf2.AFAreaWidth                    Short       1  0  0
Exif.NikonAf2.AFAreaHeight                   Short       1  0  0
Exif.NikonAf2.ContrastDetectAFInFocus        Byte        1  0  No
Exif.NikonCb2b.Version                       Undefined   4  48 50 49 57  2.19
Exif.NikonCb2b.WB_RGGBLevels                 Short       4  7396 31796 21644 7380  7396 31796 21644 7380
Exif.NikonFi.Version                         Undefined   4  0 0 0 0  ()
Exif.NikonFi.DirectoryNumber                 Short       1  0  0
Exif.NikonFi.FileNumber                      Short       1  0  0
Exif.NikonIi.ISO                             Byte        1  0  3
Exif.NikonIi.ISOExpansion                    Short       1  0  Off
Exif.NikonIi.ISO2                            Byte        1  0  3
Exif.NikonIi.ISOExpansion2                   Short       1  0  Off
Exif.Nikon3.LensData                         Undefined  33  0 0 0 0 0 0 0 0 0 0 0 0 0 0 0 0 0 0 0 0 0 0 0 0 0 0 0 0 0 0 0 0 0  0 0 0 0 0 0 0 0 0 0 0 0 0 0 0 0 0 0 0 0 0 0 0 0 0 0 0 0 0 0 0 0 0
Exif.NikonMe.Version                         Undefined   4  0 0 0 0  ()
Exif.NikonMe.MultiExposureMode               Long        1  0  Off
Exif.NikonMe.MultiExposureShots              Long        1  0  0
Exif.NikonMe.MultiExposureAutoGain           Long        1  0  Off
Exif.NikonPc.Version                         Undefined   4  0 0 0 0  ()
Exif.NikonPc.Name                            Ascii      20    
Exif.NikonPc.Base                            Ascii      20    
Exif.NikonPc.Adjust                          Byte        1  0  Default Settings
Exif.NikonPc.QuickAdjust                     Byte        1  0  Auto
Exif.NikonPc.Sharpness                       Byte        1  0  Auto
Exif.NikonPc.Contrast                        Byte        1  0  Auto
Exif.NikonPc.Brightness                      Byte        1  0  Auto
Exif.NikonPc.Saturation                      Byte        1  0  Auto
Exif.NikonPc.HueAdjustment                   Byte        1  0  Auto
Exif.NikonPc.FilterEffect                    Byte        1  0  (0)
Exif.NikonPc.ToningEffect                    Byte        1  0  (0)
Exif.NikonPc.ToningSaturation                Byte        1  0  Auto
Exif.NikonVr.Version                         Undefined   4  0 0 0 0  ()
Exif.NikonVr.VibrationReduction              Byte        3  0 0 0  (0)
Exif.NikonWt.Timezone                        SShort      1  0  UTC +00:00
Exif.NikonWt.DaylightSavings                 Byte        1  1  Yes
Exif.NikonWt.DateDisplayFormat               Byte        1  0  Y/M/D
Exif.Photo.UserComment                       Undefined  36  charset=Unicode binary comment  charset=Unicode binary comment
Exif.Photo.SubSecTime                        Ascii       3  w0  w0
Exif.Photo.SubSecTimeOriginal                Ascii       3  00  00
Exif.Photo.SubSecTimeDigitized               Ascii       3  00  00
Exif.Photo.FlashpixVersion                   Undefined   4  48 49 48 48  1.00
Exif.Photo.ColorSpace                        Short       1  1  sRGB
Exif.Photo.PixelXDimension                   Long        1  6000  6000
Exif.Photo.PixelYDimension                   Long        1  4000  4000
Exif.Photo.SensingMethod                     Short       0  
Exif.Photo.FileSource                        Undefined   1  3  Digital still camera
Exif.Photo.SceneType                         Undefined   1  1  Directly photographed
Exif.Photo.CFAPattern                        Undefined   8  0 0 0 0 0 0 0 0  0 0 0 0 0 0 0 0
Exif.Photo.CustomRendered                    Short       1  0  Normal process
Exif.Photo.ExposureMode                      Short       1  0  Auto
Exif.Photo.WhiteBalance                      Short       1  0  Auto
Exif.Photo.DigitalZoomRatio                  Rational    1  0/0  Digital zoom not used
Exif.Photo.FocalLengthIn35mmFilm             Short       1  66  66.0 mm
Exif.Photo.SceneCaptureType                  Short       1  0  Standard
Exif.Photo.GainControl                       Short       1  0  None
Exif.Photo.Contrast                          Short       1  0  Normal
Exif.Photo.Saturation                        Short       1  0  Normal
Exif.Photo.Sharpness                         Short       1  0  Normal
Exif.Photo.SubjectDistanceRange              Short       1  0  Unknown
Exif.Photo.ImageUniqueID                     Ascii       0  
Xmp.tiff.ImageWidth                          XmpText     4  1200  1200
Xmp.tiff.ImageLength                         XmpText     3  800  800
Xmp.tiff.Orientation                         XmpText     1  1  top, left
Xmp.tiff.YCbCrPositioning                    XmpText     1  1  Centered
Xmp.tiff.XResolution                         XmpText     5  300/1  300
Xmp.tiff.YResolution                         XmpText     5  300/1  300
Xmp.tiff.ResolutionUnit                      XmpText     1  2  inch
Xmp.tiff.Make                                XmpText    17  NIKON CORPORATION  NIKON CORPORATION
Xmp.tiff.Model                               XmpText    11  NIKON D5300  NIKON D5300
Xmp.tiff.Software                            XmpText    10  GIMP 2.9.5  GIMP 2.9.5
Xmp.tiff.BitsPerSample                       XmpSeq      1  8 8 8  8 8 8
Xmp.xmp.ModifyDate                           XmpText    19  2016-08-13T10:54:16  2016-08-13T10:54:16
Xmp.xmp.CreateDate                           XmpText    22  2015-07-16T15:38:54.00  2015-07-16T15:38:54.00
Xmp.exif.ExifVersion                         XmpText     4  0230  2.30
Xmp.exif.FlashpixVersion                     XmpText     4  0100  1.00
Xmp.exif.ColorSpace                          XmpText     1  1  sRGB
Xmp.exif.CompressedBitsPerPixel              XmpText     3  2/1  2/1
Xmp.exif.PixelXDimension                     XmpText     4  6000  6000
Xmp.exif.PixelYDimension                     XmpText     4  4000  4000
Xmp.exif.ExposureTime                        XmpText     7  10/4000  10/4000
Xmp.exif.FNumber                             XmpText     6  100/10  F10
Xmp.exif.ExposureProgram                     XmpText     1  0  Not defined
Xmp.exif.ExposureBiasValue                   XmpText     3  0/6  0 EV
Xmp.exif.MaxApertureValue                    XmpText     5  43/10  43/10
Xmp.exif.MeteringMode                        XmpText     1  5  Multi-segment
Xmp.exif.LightSource                         XmpText     1  0  Unknown
Xmp.exif.FocalLength                         XmpText     6  440/10  44.0 mm
Xmp.exif.SensingMethod                       XmpText     0  
Xmp.exif.FileSource                          XmpText     1  3  Digital still camera
Xmp.exif.SceneType                           XmpText     1  1  Directly photographed
Xmp.exif.CFAPattern                          XmpText    15  0 0 0 0 0 0 0 0  0 0 0 0 0 0 0 0
Xmp.exif.CustomRendered                      XmpText     1  0  Normal process
Xmp.exif.ExposureMode                        XmpText     1  0  Auto
Xmp.exif.WhiteBalance                        XmpText     1  0  Auto
Xmp.exif.DigitalZoomRatio                    XmpText     3  0/0  0/0
Xmp.exif.FocalLengthIn35mmFilm               XmpText     2  66  66
Xmp.exif.SceneCaptureType                    XmpText     1  0  Standard
Xmp.exif.GainControl                         XmpText     1  0  None
Xmp.exif.Contrast                            XmpText     1  0  Normal
Xmp.exif.Saturation                          XmpText     1  0  Normal
Xmp.exif.Sharpness                           XmpText     1  0  Normal
Xmp.exif.SubjectDistanceRange                XmpText     1  0  Unknown
Xmp.exif.ImageUniqueID                       XmpText     0  
Xmp.exif.ComponentsConfiguration             XmpSeq      4  1, 2, 3, 0  YCbCr
Xmp.exif.UserComment                         LangAlt     1  lang="x-default" binary comment  lang="x-default" binary comment
Xmp.exif.ISOSpeedRatings                     XmpSeq      1  200  200
Xmp.exif.Flash                               XmpText     0  type="Struct"
Xmp.exif.Flash/exif:Fired                    XmpText     5  False  False
Xmp.exif.Flash/exif:Return                   XmpText     1  0  0
Xmp.exif.Flash/exif:Mode                     XmpText     1  2  2
Xmp.exif.Flash/exif:Function                 XmpText     5  False  False
Xmp.exif.Flash/exif:RedEyeMode               XmpText     5  False  False
Xmp.photoshop.DateCreated                    XmpText    22  2015-07-16T15:38:54.00  2015-07-16T15:38:54.00
Xmp.dc.description                           LangAlt     1  lang="x-default"                                       lang="x-default"                                     
