Exif.Thumbnail.Compression                   Short       1  6  JPEG (old-style)
Exif.Thumbnail.JPEGInterchangeFormat         Long        1  0  0
Exif.Thumbnail.JPEGInterchangeFormatLength   Long        1  4418  4418
Exif.Photo.PixelXDimension                   Long        1  2272  2272
Exif.Canon.FileNumber                        Long        1  1303050  130-3050
Exif.Photo.DateTimeOriginal                  Ascii      20  2005:04:24 01:54:36  2005:04:24 01:54:36
Exif.Canon.ImageType                         Ascii       2  I  I
Exif.Canon.OwnerName                         Ascii       0  
Exif.Canon.FocalLength                       Short       4  2 227 286 215  2 227 286 215
Exif.CanonSi.AutoISO                         Short       1  0  100
Exif.CanonSi.ISOSpeed                        Short       1  513  209285
Exif.CanonSi.MeasuredEV                      Short       1  1027  37.09
Exif.CanonSi.TargetAperture                  Short       1  1541  F1.8e+07
Exif.CanonSi.TargetShutterSpeed              Short       1  2055  1 s
Exif.CanonSi.ExposureCompensation            Short       1  2569  2569
Exif.CanonSi.WhiteBalance                    Short       1  65291  (65291)
Exif.CanonSi.SlowShutter                     Short       1  196  (196)
Exif.CanonSi.Sequence                        Short       1  4277  4277
Exif.CanonSi.OpticalZoomCode                 Short       1  512  512
Exif.CanonSi.CameraTemperature               Short       1  515  387 Â°C
Exif.CanonSi.FlashGuideNumber                Short       1  772  24
Exif.CanonSi.AFPointUsed                     Short       1  1285  0 focus points; left, right used
Exif.CanonSi.FlashBias                       Short       1  1028  (1028)
Exif.CanonSi.AutoExposureBracketing          Short       1  0  Off
Exif.CanonSi.AEBBracketValue                 Short       1  32001  32001
Exif.CanonSi.ControlMode                     Short       1  513  513
Exif.CanonSi.SubjectDistance                 Short       1  3  0.03 m
Exif.CanonSi.ApertureValue                   Short       1  4613  F5e+21
Exif.CanonSi.ShutterSpeedValue               Short       1  12577  1 s
Exif.CanonSi.MeasuredEV2                     Short       1  1601  194.12
Exif.CanonSi.BulbDuration                    Short       1  20755  2075
Exif.CanonSi.CameraType                      Short       1  28962  (28962)
Exif.CanonSi.AutoRotate                      Short       1  12820  (12820)
Exif.CanonSi.NDFilter                        Short       1  37249  (37249)
Exif.CanonSi.SelfTimer2                      Short       1  2209  (2209)
Exif.CanonSi.FlashOutput                     Short       1  61649  61649
Exif.Photo.FNumber                           Rational    1  1/0  (1/0)
Exif.Photo.ExposureTime                      Rational    1  1/1  1 s
