Warning: Directory Thumbnail, entry 0x1000 has unknown Exif (TIFF) type 28928; setting type size 1.
