Exif.Image.ImageDescription                  Ascii      32                                                                  
Exif.Image.Make                              Ascii      18  NIKON CORPORATION  NIKON CORPORATION
Exif.Image.Model                             Ascii      10  NIKON D1   NIKON D1 
Exif.Image.XResolution                       Rational    1  300/1  300
Exif.Image.YResolution                       Rational    1  300/1  300
Exif.Image.ResolutionUnit                    Short       1  2  inch
Exif.Image.Software                          Ascii      10  Ver.1.05  Ver.1.05
Exif.Image.DateTime                          Ascii      20  2005:12:16 08:25:45  2005:12:16 08:25:45
Exif.Image.YCbCrPositioning                  Short       1  2  Co-sited
Exif.Image.ExifTag                           Long        1  240  240
Exif.Photo.ExposureTime                      Rational    1  10/1250  1/125 s
Exif.Photo.FNumber                           Rational    1  53/10  F5.3
Exif.Photo.ExposureProgram                   Short       1  2  Auto
Exif.Photo.ExifVersion                       Undefined   4  48 50 49 48  2.10
Exif.Photo.DateTimeOriginal                  Ascii      20  2005:12:16 08:25:45  2005:12:16 08:25:45
Exif.Photo.DateTimeDigitized                 Ascii      20  2005:12:16 08:25:45  2005:12:16 08:25:45
Exif.Photo.ComponentsConfiguration           Undefined   4  1 2 3 0  YCbCr
Exif.Photo.CompressedBitsPerPixel            Rational    1  2/1  2
Exif.Photo.ExposureBiasValue                 SRational   1  0/6  0 EV
Exif.Photo.MaxApertureValue                  Rational    1  43/10  F4.4
Exif.Photo.MeteringMode                      Short       1  5  Multi-segment
Exif.Photo.FocalLength                       Rational    1  780/10  78.0 mm
Exif.Photo.MakerNote                         Undefined 400  21 0 1 0 7 0 4 0 0 0 48 49 48 48 2 0 3 0 2 0 0 0 0 0 144 1 3 0 2 0 6 0 0 0 136 3 0 0 4 0 2 0 8 0 0 0 142 3 0 0 5 0 2 0 13 0 0 0 150 3 0 0 6 0 2 0 7 0 0 0 164 3 0 0 7 0 2 0 7 0 0 0 172 3 0 0 8 0 2 0 13 0 0 0 180 3 0 0 9 0 2 0 9 0 0 0 194 3 0 0 11 0 8 0 1 0 0 0 0 0 0 0 12 0 5 0 4 0 0 0 204 3 0 0 13 0 7 0 4 0 0 0 0 1 3 0 14 0 7 0 4 0 0 0 0 1 12 0 129 0 2 0 9 0 0 0 236 3 0 0 131 0 1 0 1 0 0 0 0 0 0 0 132 0 5 0 4 0 0 0 246 3 0 0 135 0 1 0 1 0 0 0 0 0 0 0 136 0 7 0 4 0 0 0 1 0 1 0 137 0 1 0 1 0 0 0 0 0 0 0 138 0 3 0 1 0 0 0 2 0 0 0 139 0 7 0 4 0 0 0 64 1 12 0 0 0 0 0 67 79 76 79 82 0 78 79 82 77 65 76 32 0 65 85 84 79 32 32 32 32 32 32 32 32 0 0 78 79 82 77 65 76 0 0 65 70 45 67 32 32 0 0 32 32 32 32 32 32 32 32 32 32 32 32 0 0 32 32 32 32 32 32 32 32 0 0 179 1 0 0 0 1 0 0 138 1 0 0 0 1 0 0 0 1 0 0 0 1 0 0 0 1 0 0 0 1 0 0 72 73 71 72 32 32 32 32 0 0 24 1 0 0 10 0 0 0 26 4 0 0 10 0 0 0 35 0 0 0 10 0 0 0 45 0 0 0 10 0 0 0  21 0 1 0 7 0 4 0 0 0 48 49 48 48 2 0 3 0 2 0 0 0 0 0 144 1 3 0 2 0 6 0 0 0 136 3 0 0 4 0 2 0 8 0 0 0 142 3 0 0 5 0 2 0 13 0 0 0 150 3 0 0 6 0 2 0 7 0 0 0 164 3 0 0 7 0 2 0 7 0 0 0 172 3 0 0 8 0 2 0 13 0 0 0 180 3 0 0 9 0 2 0 9 0 0 0 194 3 0 0 11 0 8 0 1 0 0 0 0 0 0 0 12 0 5 0 4 0 0 0 204 3 0 0 13 0 7 0 4 0 0 0 0 1 3 0 14 0 7 0 4 0 0 0 0 1 12 0 129 0 2 0 9 0 0 0 236 3 0 0 131 0 1 0 1 0 0 0 0 0 0 0 132 0 5 0 4 0 0 0 246 3 0 0 135 0 1 0 1 0 0 0 0 0 0 0 136 0 7 0 4 0 0 0 1 0 1 0 137 0 1 0 1 0 0 0 0 0 0 0 138 0 3 0 1 0 0 0 2 0 0 0 139 0 7 0 4 0 0 0 64 1 12 0 0 0 0 0 67 79 76 79 82 0 78 79 82 77 65 76 32 0 65 85 84 79 32 32 32 32 32 32 32 32 0 0 78 79 82 77 65 76 0 0 65 70 45 67 32 32 0 0 32 32 32 32 32 32 32 32 32 32 32 32 0 0 32 32 32 32 32 32 32 32 0 0 179 1 0 0 0 1 0 0 138 1 0 0 0 1 0 0 0 1 0 0 0 1 0 0 0 1 0 0 0 1 0 0 72 73 71 72 32 32 32 32 0 0 24 1 0 0 10 0 0 0 26 4 0 0 10 0 0 0 35 0 0 0 10 0 0 0 45 0 0 0 10 0 0 0
Exif.MakerNote.Offset                        Long        1  646  646
Exif.MakerNote.ByteOrder                     Ascii       3  II  II
Exif.Nikon1.Version                          Undefined   4  48 49 48 48  48 49 48 48
Exif.Nikon1.ISOSpeed                         Short       2  0 400  400
Exif.Nikon1.ColorMode                        Ascii       6  COLOR  COLOR
Exif.Nikon1.Quality                          Ascii       8  NORMAL   NORMAL 
Exif.Nikon1.WhiteBalance                     Ascii      13  AUTO          AUTO        
Exif.Nikon1.Sharpening                       Ascii       7  NORMAL  NORMAL
Exif.Nikon1.Focus                            Ascii       7  AF-C    Continuous autofocus
Exif.Nikon1.FlashSetting                     Ascii      13                            
Exif.Nikon1.AFFocusPos                       Undefined   4  1 0 1 0  Dynamic area; Center
Exif.Photo.UserComment                       Undefined  48    
Exif.Photo.SubSecTime                        Ascii       3  10  10
Exif.Photo.SubSecTimeOriginal                Ascii       3  10  10
Exif.Photo.SubSecTimeDigitized               Ascii       3  10  10
Exif.Photo.FlashpixVersion                   Undefined   4  48 49 48 48  1.00
Exif.Photo.ColorSpace                        Short       1  1  sRGB
Exif.Photo.PixelXDimension                   Short       1  2000  2000
Exif.Photo.PixelYDimension                   Short       1  1312  1312
Exif.Photo.InteroperabilityTag               Long        1  1102  1102
Exif.Iop.InteroperabilityIndex               Ascii       4  R98  R98
Exif.Iop.InteroperabilityVersion             Undefined   4  48 49 48 48  1.00
Exif.Photo.SensingMethod                     Short       1  2  One-chip color area
Exif.Photo.FileSource                        Undefined   1  3  Digital still camera
Exif.Photo.SceneType                         Undefined   1  1  Directly photographed
Exif.Photo.CFAPattern                        Undefined   8  0 2 0 2 2 1 1 0  0 2 0 2 2 1 1 0
Exif.Thumbnail.Compression                   Short       1  6  JPEG (old-style)
Exif.Thumbnail.XResolution                   Rational    1  300/1  300
Exif.Thumbnail.YResolution                   Rational    1  300/1  300
Exif.Thumbnail.ResolutionUnit                Short       1  2  inch
Exif.Thumbnail.JPEGInterchangeFormat         Long        1  1238  1238
Exif.Thumbnail.JPEGInterchangeFormatLength   Long        1  5281  5281
Exif.Thumbnail.YCbCrPositioning              Short       1  2  Co-sited
