Exif.Image.ImageDescription                  Ascii      32  OLYMPUS DIGITAL CAMERA           OLYMPUS DIGITAL CAMERA         
Exif.Image.Make                              Ascii      24  OLYMPUS CORPORATION      OLYMPUS CORPORATION    
Exif.Image.Model                             Ascii      17  u10D,S300D,u300D  u10D,S300D,u300D
Exif.Image.Orientation                       Short       1  1  top, left
Exif.Image.XResolution                       Rational    1  144/1  144
Exif.Image.YResolution                       Rational    1  144/1  144
Exif.Image.ResolutionUnit                    Short       1  2  inch
Exif.Image.Software                          Ascii      32  22-1014                          22-1014                        
Exif.Image.DateTime                          Ascii      20  2010:06:11 14:36:49  2010:06:11 14:36:49
Exif.Image.YCbCrPositioning                  Short       1  2  Co-sited
Exif.Image.ExifTag                           Long        1  544  544
Exif.Photo.ExposureTime                      Rational    1  1/30  1/30 s
Exif.Photo.FNumber                           Rational    1  31/10  F3.1
Exif.Photo.ExposureProgram                   Short       1  2  Auto
Exif.Photo.ISOSpeedRatings                   Short       1  80  80
Exif.Photo.ExifVersion                       Undefined   4  48 50 50 48  2.20
Exif.Photo.DateTimeOriginal                  Ascii      20  2010:06:11 14:36:49  2010:06:11 14:36:49
Exif.Photo.DateTimeDigitized                 Ascii      20  2010:06:11 14:36:49  2010:06:11 14:36:49
Exif.Photo.ComponentsConfiguration           Undefined   4  1 2 3 0  YCbCr
Exif.Photo.ExposureBiasValue                 SRational   1  0/10  0 EV
Exif.Photo.MaxApertureValue                  Rational    1  326/100  F3.1
Exif.Photo.MeteringMode                      Short       1  5  Multi-segment
Exif.Photo.LightSource                       Short       1  0  Unknown
Exif.Photo.Flash                             Short       1  25  Yes, auto
Exif.Photo.FocalLength                       Rational    1  580/100  5.8 mm
Exif.Photo.MakerNote                         Undefined 3898  79 76 89 77 80 0 1 0 62 0 0 2 4 0 3 0 0 0 224 6 0 0 1 2 3 0 1 0 0 0 2 0 0 0 2 2 3 0 1 0 0 0 0 0 0 0 3 2 3 0 1 0 0 0 0 0 0 0 4 2 5 0 1 0 0 0 236 6 0 0 5 2 5 0 1 0 0 0 244 6 0 0 6 2 8 0 6 0 0 0 252 6 0 0 7 2 2 0 6 0 0 0 8 7 0 0 9 2 7 0 32 0 0 0 14 7 0 0 0 16 10 0 1 0 0 0 46 7 0 0 1 16 10 0 1 0 0 0 54 7 0 0 2 16 10 0 1 0 0 0 62 7 0 0 3 16 10 0 1 0 0 0 70 7 0 0 4 16 3 0 1 0 0 0 0 0 0 0 5 16 3 0 2 0 0 0 0 0 0 0 6 16 10 0 1 0 0 0 78 7 0 0 9 16 3 0 1 0 0 0 0 0 0 0 10 16 3 0 1 0 0 0 0 0 0 0 11 16 3 0 1 0 0 0 0 0 0 0 12 16 5 0 1 0 0 0 86 7 0 0 13 16 3 0 1 0 0 0 1 0 0 0 14 16 3 0 1 0 0 0 82 1 0 0 15 16 3 0 1 0 0 0 0 0 0 0 16 16 3 0 1 0 0 0 0 0 0 0 17 16 3 0 9 0 0 0 94 7 0 0 18 16 3 0 4 0 0 0 112 7 0 0 19 16 3 0 1 0 0 0 0 0 0 0 20 16 3 0 1 0 0 0 0 0 0 0 21 16 3 0 2 0 0 0 1 0 0 0 22 16 3 0 1 0 0 0 0 0 0 0 23 16 3 0 2 0 0 0 126 1 64 0 24 16 3 0 2 0 0 0 80 1 64 0 26 16 2 0 32 0 0 0 120 7 0 0 27 16 4 0 1 0 0 0 0 0 0 0 28 16 4 0 1 0 0 0 0 0 0 0 29 16 4 0 1 0 0 0 110 2 0 0 30 16 4 0 1 0 0 0 0 0 0 0 31 16 4 0 1 0 0 0 0 0 0 0 32 16 4 0 1 0 0 0 0 0 0 0 33 16 4 0 1 0 0 0 230 1 0 0 34 16 4 0 1 0 0 0 0 0 0 0 35 16 10 0 1 0 0 0 152 7 0 0 36 16 3 0 1 0 0 0 75 0 0 0 37 16 10 0 1 0 0 0 160 7 0 0 38 16 3 0 1 0 0 0 0 0 0 0 39 16 3 0 1 0 0 0 0 0 0 0 40 16 3 0 1 0 0 0 0 0 0 0 41 16 3 0 1 0 0 0 1 0 0 0 42 16 3 0 1 0 0 0 80 2 0 0 43 16 3 0 6 0 0 0 168 7 0 0 44 16 3 0 2 0 0 0 10 0 0 0 45 16 3 0 1 0 0 0 128 8 0 0 46 16 4 0 1 0 0 0 0 8 0 0 47 16 4 0 1 0 0 0 0 6 0 0 48 16 3 0 1 0 0 0 5 0 0 0 49 16 4 0 8 0 0 0 180 7 0 0 51 16 4 0 208 2 0 0 212 7 0 0 56 16 3 0 1 0 0 0 0 0 0 0 59 16 3 0 1 0 0 0 76 1 0 0 60 16 3 0 1 0 0 0 162 1 0 0 61 16 10 0 1 0 0 0 20 19 0 0 62 16 10 0 1 0 0 0 28 19 0 0 0 0 0 0 0 0 0 0 0 0 0 0 0 0 0 0 100 0 0 0 100 0 0 0 203 2 0 0 100 0 0 0 64 255 140 254 81 254 79 255 167 254 112 254 68 52 49 50 50 0 79 76 89 77 80 85 83 32 68 73 71 73 84 65 76 32 67 65 77 69 82 65 32 32 32 32 32 32 32 32 32 0 0 5 0 0 0 1 0 0 0 5 0 0 0 1 0 0 80 3 0 0 0 1 0 0 146 1 0 0 0 1 0 0 0 0 0 0 0 1 0 0 0 0 0 0 10 0 0 0 100 1 134 255 16 0 206 255 118 1 182 255 250 255 126 255 134 1 15 0 17 0 15 0 17 0 49 50 53 57 52 53 57 55 49 32 32 32 32 32 32 32 32 32 32 32 32 32 32 32 32 32 32 32 32 32 32 0 0 0 0 0 0 1 0 0 0 0 0 0 0 1 0 0 24 0 0 4 0 3 0 4 16 0 0 1 63 254 3 0 229 127 158 231 254 225 31 254 103 254 230 127 0 0 0 96 0 0 0 0 0 0 0 0 0 0 0 0 246 31 0 0 152 12 0 0 40 1 0 0 44 2 0 0 80 3 0 0 116 4 0 0 162 4 0 0 232 4 0 0 110 4 0 0 100 4 0 0 204 3 0 0 50 3 0 0 190 23 0 0 118 9 0 0 14 1 0 0 72 2 0 0 216 2 0 0 150 4 0 0 162 4 0 0 192 4 0 0 108 4 0 0 74 4 0 0 128 3 0 0 182 3 0 0 50 3 0 0 56 2 0 0 188 0 0 0 74 2 0 0 172 2 0 0 28 3 0 0 232 2 0 0 124 4 0 0 14 4 0 0 170 3 0 0 166 3 0 0 106 3 0 0 106 2 0 0 14 2 0 0 188 0 0 0 152 2 0 0 144 2 0 0 212 0 0 0 114 0 0 0 20 3 0 0 238 2 0 0 96 2 0 0 180 2 0 0 186 2 0 0 36 2 0 0 228 2 0 0 206 1 0 0 90 4 0 0 142 3 0 0 146 2 0 0 164 0 0 0 226 1 0 0 250 1 0 0 194 1 0 0 228 1 0 0 44 2 0 0 54 2 0 0 232 2 0 0 102 1 0 0 134 4 0 0 146 3 0 0 80 2 0 0 244 0 0 0 226 1 0 0 190 2 0 0 14 3 0 0 26 2 0 0 92 2 0 0 146 1 0 0 212 1 0 0 232 0 0 0 8 5 0 0 236 2 0 0 42 2 0 0 158 1 0 0 206 1 0 0 42 3 0 0 248 2 0 0 26 2 0 0 14 3 0 0 242 0 0 0 4 1 0 0 172 2 0 0 196 3 0 0 146 1 0 0 130 1 0 0 248 1 0 0 234 0 0 0 108 2 0 0 228 1 0 0 38 2 0 0 28 3 0 0 224 0 0 0 26 4 0 0 62 4 0 0 210 1 0 0 112 2 0 0 4 1 0 0 94 1 0 0 170 0 0 0 52 1 0 0 6 2 0 0 222 1 0 0 200 2 0 0 156 3 0 0 138 4 0 0 140 3 0 0 244 0 0 0 96 1 0 0 42 1 0 0 242 0 0 0 138 0 0 0 84 0 0 0 152 1 0 0 228 0 0 0 52 1 0 0 180 2 0 0 170 2 0 0 140 2 0 0 140 0 0 0 98 0 0 0 172 0 0 0 234 0 0 0 106 0 0 0 120 0 0 0 66 2 0 0 246 1 0 0 106 1 0 0 10 2 0 0 202 0 0 0 6 1 0 0 2 1 0 0 88 0 0 0 82 0 0 0 74 0 0 0 88 0 0 0 18 1 0 0 104 2 0 0 186 1 0 0 122 1 0 0 0 0 0 0 0 0 0 0 0 0 0 0 0 0 0 0 0 0 0 0 0 0 0 0 0 0 0 0 0 0 0 0 0 0 0 0 0 0 0 0 0 0 0 0 0 0 0 0 0 0 0 0 0 0 0 0 0 0 0 0 0 0 0 0 0 0 0 0 0 0 0 0 0 0 0 0 0 0 0 0 0 0 0 0 0 0 0 0 0 0 0 0 0 0 0 0 0 0 0 0 0 0 0 0 0 0 0 0 0 0 0 0 0 0 0 0 0 0 0 0 0 0 0 0 0 0 0 0 0 0 0 0 0 0 0 0 0 0 0 0 0 0 0 0 0 0 0 0 0 0 0 0 0 0 0 0 0 0 0 0 0 0 0 0 0 0 0 0 0 0 0 0 0 0 0 0 0 0 0 0 0 0 0 0 0 0 0 0 0 0 0 0 0 0 0 0 0 0 0 0 0 0 0 0 0 0 0 0 0 0 0 0 0 0 0 0 0 0 0 0 0 0 0 0 0 0 0 0 0 0 0 0 0 0 0 0 0 0 0 0 0 0 0 0 0 0 0 0 0 0 0 0 0 0 0 0 0 0 0 0 0 0 0 0 0 0 0 0 0 0 0 0 0 0 0 0 0 0 0 0 0 0 0 0 0 0 0 0 0 0 0 0 0 0 0 0 0 0 0 0 0 0 0 0 0 0 0 0 0 0 0 0 0 0 0 0 0 0 0 0 0 0 0 0 0 0 0 0 0 0 0 0 0 0 0 0 0 0 0 0 0 0 0 0 0 0 0 0 0 0 0 0 0 0 0 0 0 0 0 0 0 0 0 0 0 0 0 0 0 0 0 0 0 0 0 0 0 0 0 0 0 0 0 0 0 0 0 0 0 0 0 0 0 0 0 0 0 0 0 0 0 0 0 0 0 0 0 0 0 0 0 0 0 0 0 0 0 0 0 0 0 0 0 0 0 0 0 0 0 0 0 0 0 0 0 0 0 0 0 0 0 0 0 0 0 0 0 0 0 0 0 0 0 0 0 0 0 0 0 0 0 0 0 0 0 0 0 0 0 0 0 0 0 0 0 0 0 0 0 0 0 0 0 0 0 0 0 0 0 0 0 0 0 0 0 0 0 0 0 0 0 0 0 0 0 0 0 0 0 0 0 0 0 0 0 0 0 0 0 0 0 0 0 0 0 0 0 0 0 0 0 0 0 0 0 0 0 0 0 0 0 0 0 0 0 0 0 0 0 0 0 0 0 0 0 0 0 0 0 0 0 0 0 0 0 0 0 0 0 0 0 0 0 0 0 0 0 0 0 0 0 0 0 0 0 0 0 0 0 0 0 0 0 0 0 0 0 0 0 0 0 0 0 0 0 0 0 0 0 0 0 0 0 0 0 0 0 0 0 0 0 0 0 0 0 0 0 0 0 0 0 0 0 0 0 0 0 0 0 0 0 0 0 0 0 0 0 0 0 0 0 0 0 0 0 0 0 0 0 0 0 0 0 0 0 0 0 0 0 0 0 0 0 0 0 0 0 0 0 0 0 0 0 0 0 0 0 0 0 0 0 0 0 0 0 0 0 0 0 0 0 0 0 0 0 0 0 0 0 0 0 0 0 0 0 0 0 0 0 0 0 0 0 0 0 0 0 0 0 0 0 0 0 0 0 0 0 0 0 0 0 0 0 0 0 0 0 0 0 0 0 0 0 0 0 0 0 0 0 0 0 0 0 0 0 0 0 0 0 0 0 0 0 0 0 0 0 0 0 0 0 0 0 0 0 0 0 0 0 0 0 0 0 0 0 0 0 0 0 0 0 0 0 0 0 0 0 0 0 0 0 0 0 0 0 0 0 0 0 0 0 0 0 0 0 0 0 0 0 0 0 0 0 0 0 0 0 0 0 0 0 0 0 0 0 0 0 0 0 0 0 0 0 0 0 0 0 0 0 0 0 0 0 0 0 0 0 0 0 0 0 0 0 0 0 0 0 0 0 0 0 0 0 0 0 0 0 0 0 0 0 0 0 0 0 0 0 0 0 0 0 0 0 0 0 0 0 0 0 0 0 0 0 0 0 0 0 0 0 0 0 0 0 0 0 0 0 0 0 0 0 0 0 0 0 0 0 0 0 0 0 0 0 0 0 0 0 0 0 0 0 0 0 0 0 0 0 0 0 0 0 0 0 0 0 0 0 0 0 0 0 0 0 0 0 0 0 0 0 0 0 0 0 0 0 0 0 0 0 0 0 0 0 0 0 0 0 0 0 0 0 0 0 0 0 0 0 0 0 0 0 0 0 0 0 0 0 0 0 0 0 0 0 0 0 0 0 0 0 0 0 0 0 0 0 0 0 0 0 0 0 0 0 0 0 0 0 0 0 0 0 0 0 0 0 0 0 0 0 0 0 0 0 0 0 0 0 0 0 0 0 0 0 0 0 0 0 0 0 0 0 0 0 0 0 0 0 0 0 0 0 0 0 0 0 0 0 0 0 0 0 0 0 0 0 0 0 0 0 0 0 0 0 0 0 0 0 0 0 0 0 0 0 0 0 0 0 0 0 0 0 0 0 0 0 0 0 0 0 0 0 0 0 0 0 0 0 0 0 0 0 0 0 0 0 0 30 0 0 0 167 1 0 0 146 1 0 0 86 2 0 0 194 2 0 0 22 3 0 0 145 3 0 0 116 3 0 0 174 3 0 0 88 3 0 0 181 2 0 0 42 0 0 0 50 0 0 0 113 1 0 0 131 1 0 0 240 1 0 0 191 2 0 0 7 3 0 0 66 3 0 0 66 3 0 0 111 3 0 0 242 2 0 0 244 2 0 0 138 0 0 0 69 0 0 0 238 0 0 0 99 1 0 0 126 1 0 0 230 1 0 0 221 1 0 0 2 3 0 0 248 2 0 0 254 2 0 0 241 2 0 0 160 2 0 0 149 0 0 0 181 0 0 0 202 0 0 0 50 1 0 0 30 1 0 0 96 0 0 0 83 0 0 0 46 2 0 0 112 2 0 0 64 2 0 0 126 2 0 0 84 2 0 0 138 0 0 0 176 0 0 0 167 0 0 0 79 2 0 0 61 2 0 0 81 1 0 0 6 1 0 0 4 2 0 0 14 2 0 0 2 2 0 0 8 2 0 0 7 2 0 0 131 0 0 0 228 0 0 0 110 0 0 0 111 2 0 0 16 3 0 0 125 1 0 0 71 2 0 0 212 2 0 0 187 2 0 0 215 2 0 0 53 2 0 0 197 1 0 0 42 0 0 0 108 0 0 0 65 0 0 0 196 1 0 0 1 2 0 0 89 1 0 0 222 1 0 0 242 2 0 0 83 3 0 0 149 3 0 0 108 2 0 0 101 2 0 0 43 0 0 0 53 0 0 0 140 0 0 0 28 1 0 0 63 1 0 0 136 1 0 0 117 2 0 0 242 1 0 0 15 3 0 0 165 2 0 0 29 2 0 0 125 2 0 0 42 0 0 0 197 0 0 0 9 1 0 0 237 0 0 0 107 1 0 0 35 2 0 0 235 1 0 0 62 1 0 0 80 2 0 0 20 2 0 0 46 2 0 0 195 2 0 0 181 0 0 0 89 1 0 0 12 1 0 0 140 0 0 0 28 1 0 0 194 1 0 0 58 1 0 0 55 1 0 0 174 0 0 0 158 1 0 0 20 1 0 0 71 2 0 0 226 0 0 0 74 1 0 0 39 1 0 0 109 0 0 0 140 0 0 0 52 1 0 0 120 1 0 0 48 1 0 0 155 0 0 0 164 1 0 0 137 1 0 0 251 1 0 0 33 1 0 0 228 0 0 0 154 0 0 0 5 1 0 0 119 0 0 0 200 0 0 0 150 0 0 0 40 1 0 0 206 1 0 0 145 1 0 0 43 1 0 0 49 1 0 0 0 0 0 0 0 0 0 0 0 0 0 0 0 0 0 0 0 0 0 0 0 0 0 0 0 0 0 0 0 0 0 0 0 0 0 0 0 0 0 0 0 0 0 0 0 0 0 0 0 0 0 0 0 0 0 0 0 0 0 0 0 0 0 0 0 0 0 0 0 0 0 0 0 0 0 0 0 0 0 0 0 0 0 0 0 0 0 0 0 0 0 0 0 0 0 0 0 0 0 0 0 0 0 0 0 0 0 0 0 0 0 0 0 0 0 0 0 0 0 0 0 0 0 0 0 0 0 0 0 0 0 0 0 0 0 0 0 0 0 0 0 0 0 0 0 0 0 0 0 0 0 0 0 0 0 0 0 0 0 0 0 0 0 0 0 0 0 0 0 0 0 0 0 0 0 0 0 0 0 0 0 0 0 0 0 0 0 0 0 0 0 0 0 0 0 0 0 0 0 0 0 0 0 0 0 0 0 0 0 0 0 0 0 0 0 0 0 0 0 0 0 0 0 0 0 0 0 0 0 0 0 0 0 0 0 0 0 0 0 0 0 0 0 0 0 0 0 0 0 0 0 0 0 0 0 0 0 0 0 0 0 0 0 0 0 0 0 0 0 0 0 0 0 0 0 0 0 0 0 0 0 0 0 0 0 0 0 0 0 0 0 0 0 0 0 0 0 0 0 0 0 0 0 0 0 0 0 0 0 0 0 0 0 0 0 0 0 0 0 0 0 0 0 0 0 0 0 0 0 0 0 0 0 0 0 0 0 0 0 0 0 0 0 0 0 0 0 0 0 0 0 0 0 0 0 0 0 0 0 0 0 0 0 0 0 0 0 0 0 0 0 0 0 0 0 0 0 0 0 0 0 0 0 0 0 0 0 0 0 0 0 0 0 0 0 0 0 0 0 0 0 0 0 0 0 0 0 0 0 0 0 0 0 0 0 0 0 0 0 0 0 0 0 0 0 0 0 0 0 0 0 0 0 0 0 0 0 0 0 0 0 0 0 0 0 0 0 0 0 0 0 0 0 0 0 0 0 0 0 0 0 0 0 0 0 0 0 0 0 0 0 0 0 0 0 0 0 0 0 0 0 0 0 0 0 0 0 0 0 0 0 0 0 0 0 0 0 0 0 0 0 0 0 0 0 0 0 0 0 0 0 0 0 0 0 0 0 0 0 0 0 0 0 0 0 0 0 0 0 0 0 0 0 0 0 0 0 0 0 0 0 0 0 0 0 0 0 0 0 0 0 0 0 0 0 0 0 0 0 0 0 0 0 0 0 0 0 0 0 0 0 0 0 0 0 0 114 1 0 0 0 1 0 0 196 1 0 0 0 1 0 0  79 76 89 77 80 0 1 0 62 0 0 2 4 0 3 0 0 0 224 6 0 0 1 2 3 0 1 0 0 0 2 0 0 0 2 2 3 0 1 0 0 0 0 0 0 0 3 2 3 0 1 0 0 0 0 0 0 0 4 2 5 0 1 0 0 0 236 6 0 0 5 2 5 0 1 0 0 0 244 6 0 0 6 2 8 0 6 0 0 0 252 6 0 0 7 2 2 0 6 0 0 0 8 7 0 0 9 2 7 0 32 0 0 0 14 7 0 0 0 16 10 0 1 0 0 0 46 7 0 0 1 16 10 0 1 0 0 0 54 7 0 0 2 16 10 0 1 0 0 0 62 7 0 0 3 16 10 0 1 0 0 0 70 7 0 0 4 16 3 0 1 0 0 0 0 0 0 0 5 16 3 0 2 0 0 0 0 0 0 0 6 16 10 0 1 0 0 0 78 7 0 0 9 16 3 0 1 0 0 0 0 0 0 0 10 16 3 0 1 0 0 0 0 0 0 0 11 16 3 0 1 0 0 0 0 0 0 0 12 16 5 0 1 0 0 0 86 7 0 0 13 16 3 0 1 0 0 0 1 0 0 0 14 16 3 0 1 0 0 0 82 1 0 0 15 16 3 0 1 0 0 0 0 0 0 0 16 16 3 0 1 0 0 0 0 0 0 0 17 16 3 0 9 0 0 0 94 7 0 0 18 16 3 0 4 0 0 0 112 7 0 0 19 16 3 0 1 0 0 0 0 0 0 0 20 16 3 0 1 0 0 0 0 0 0 0 21 16 3 0 2 0 0 0 1 0 0 0 22 16 3 0 1 0 0 0 0 0 0 0 23 16 3 0 2 0 0 0 126 1 64 0 24 16 3 0 2 0 0 0 80 1 64 0 26 16 2 0 32 0 0 0 120 7 0 0 27 16 4 0 1 0 0 0 0 0 0 0 28 16 4 0 1 0 0 0 0 0 0 0 29 16 4 0 1 0 0 0 110 2 0 0 30 16 4 0 1 0 0 0 0 0 0 0 31 16 4 0 1 0 0 0 0 0 0 0 32 16 4 0 1 0 0 0 0 0 0 0 33 16 4 0 1 0 0 0 230 1 0 0 34 16 4 0 1 0 0 0 0 0 0 0 35 16 10 0 1 0 0 0 152 7 0 0 36 16 3 0 1 0 0 0 75 0 0 0 37 16 10 0 1 0 0 0 160 7 0 0 38 16 3 0 1 0 0 0 0 0 0 0 39 16 3 0 1 0 0 0 0 0 0 0 40 16 3 0 1 0 0 0 0 0 0 0 41 16 3 0 1 0 0 0 1 0 0 0 42 16 3 0 1 0 0 0 80 2 0 0 43 16 3 0 6 0 0 0 168 7 0 0 44 16 3 0 2 0 0 0 10 0 0 0 45 16 3 0 1 0 0 0 128 8 0 0 46 16 4 0 1 0 0 0 0 8 0 0 47 16 4 0 1 0 0 0 0 6 0 0 48 16 3 0 1 0 0 0 5 0 0 0 49 16 4 0 8 0 0 0 180 7 0 0 51 16 4 0 208 2 0 0 212 7 0 0 56 16 3 0 1 0 0 0 0 0 0 0 59 16 3 0 1 0 0 0 76 1 0 0 60 16 3 0 1 0 0 0 162 1 0 0 61 16 10 0 1 0 0 0 20 19 0 0 62 16 10 0 1 0 0 0 28 19 0 0 0 0 0 0 0 0 0 0 0 0 0 0 0 0 0 0 100 0 0 0 100 0 0 0 203 2 0 0 100 0 0 0 64 255 140 254 81 254 79 255 167 254 112 254 68 52 49 50 50 0 79 76 89 77 80 85 83 32 68 73 71 73 84 65 76 32 67 65 77 69 82 65 32 32 32 32 32 32 32 32 32 0 0 5 0 0 0 1 0 0 0 5 0 0 0 1 0 0 80 3 0 0 0 1 0 0 146 1 0 0 0 1 0 0 0 0 0 0 0 1 0 0 0 0 0 0 10 0 0 0 100 1 134 255 16 0 206 255 118 1 182 255 250 255 126 255 134 1 15 0 17 0 15 0 17 0 49 50 53 57 52 53 57 55 49 32 32 32 32 32 32 32 32 32 32 32 32 32 32 32 32 32 32 32 32 32 32 0 0 0 0 0 0 1 0 0 0 0 0 0 0 1 0 0 24 0 0 4 0 3 0 4 16 0 0 1 63 254 3 0 229 127 158 231 254 225 31 254 103 254 230 127 0 0 0 96 0 0 0 0 0 0 0 0 0 0 0 0 246 31 0 0 152 12 0 0 40 1 0 0 44 2 0 0 80 3 0 0 116 4 0 0 162 4 0 0 232 4 0 0 110 4 0 0 100 4 0 0 204 3 0 0 50 3 0 0 190 23 0 0 118 9 0 0 14 1 0 0 72 2 0 0 216 2 0 0 150 4 0 0 162 4 0 0 192 4 0 0 108 4 0 0 74 4 0 0 128 3 0 0 182 3 0 0 50 3 0 0 56 2 0 0 188 0 0 0 74 2 0 0 172 2 0 0 28 3 0 0 232 2 0 0 124 4 0 0 14 4 0 0 170 3 0 0 166 3 0 0 106 3 0 0 106 2 0 0 14 2 0 0 188 0 0 0 152 2 0 0 144 2 0 0 212 0 0 0 114 0 0 0 20 3 0 0 238 2 0 0 96 2 0 0 180 2 0 0 186 2 0 0 36 2 0 0 228 2 0 0 206 1 0 0 90 4 0 0 142 3 0 0 146 2 0 0 164 0 0 0 226 1 0 0 250 1 0 0 194 1 0 0 228 1 0 0 44 2 0 0 54 2 0 0 232 2 0 0 102 1 0 0 134 4 0 0 146 3 0 0 80 2 0 0 244 0 0 0 226 1 0 0 190 2 0 0 14 3 0 0 26 2 0 0 92 2 0 0 146 1 0 0 212 1 0 0 232 0 0 0 8 5 0 0 236 2 0 0 42 2 0 0 158 1 0 0 206 1 0 0 42 3 0 0 248 2 0 0 26 2 0 0 14 3 0 0 242 0 0 0 4 1 0 0 172 2 0 0 196 3 0 0 146 1 0 0 130 1 0 0 248 1 0 0 234 0 0 0 108 2 0 0 228 1 0 0 38 2 0 0 28 3 0 0 224 0 0 0 26 4 0 0 62 4 0 0 210 1 0 0 112 2 0 0 4 1 0 0 94 1 0 0 170 0 0 0 52 1 0 0 6 2 0 0 222 1 0 0 200 2 0 0 156 3 0 0 138 4 0 0 140 3 0 0 244 0 0 0 96 1 0 0 42 1 0 0 242 0 0 0 138 0 0 0 84 0 0 0 152 1 0 0 228 0 0 0 52 1 0 0 180 2 0 0 170 2 0 0 140 2 0 0 140 0 0 0 98 0 0 0 172 0 0 0 234 0 0 0 106 0 0 0 120 0 0 0 66 2 0 0 246 1 0 0 106 1 0 0 10 2 0 0 202 0 0 0 6 1 0 0 2 1 0 0 88 0 0 0 82 0 0 0 74 0 0 0 88 0 0 0 18 1 0 0 104 2 0 0 186 1 0 0 122 1 0 0 0 0 0 0 0 0 0 0 0 0 0 0 0 0 0 0 0 0 0 0 0 0 0 0 0 0 0 0 0 0 0 0 0 0 0 0 0 0 0 0 0 0 0 0 0 0 0 0 0 0 0 0 0 0 0 0 0 0 0 0 0 0 0 0 0 0 0 0 0 0 0 0 0 0 0 0 0 0 0 0 0 0 0 0 0 0 0 0 0 0 0 0 0 0 0 0 0 0 0 0 0 0 0 0 0 0 0 0 0 0 0 0 0 0 0 0 0 0 0 0 0 0 0 0 0 0 0 0 0 0 0 0 0 0 0 0 0 0 0 0 0 0 0 0 0 0 0 0 0 0 0 0 0 0 0 0 0 0 0 0 0 0 0 0 0 0 0 0 0 0 0 0 0 0 0 0 0 0 0 0 0 0 0 0 0 0 0 0 0 0 0 0 0 0 0 0 0 0 0 0 0 0 0 0 0 0 0 0 0 0 0 0 0 0 0 0 0 0 0 0 0 0 0 0 0 0 0 0 0 0 0 0 0 0 0 0 0 0 0 0 0 0 0 0 0 0 0 0 0 0 0 0 0 0 0 0 0 0 0 0 0 0 0 0 0 0 0 0 0 0 0 0 0 0 0 0 0 0 0 0 0 0 0 0 0 0 0 0 0 0 0 0 0 0 0 0 0 0 0 0 0 0 0 0 0 0 0 0 0 0 0 0 0 0 0 0 0 0 0 0 0 0 0 0 0 0 0 0 0 0 0 0 0 0 0 0 0 0 0 0 0 0 0 0 0 0 0 0 0 0 0 0 0 0 0 0 0 0 0 0 0 0 0 0 0 0 0 0 0 0 0 0 0 0 0 0 0 0 0 0 0 0 0 0 0 0 0 0 0 0 0 0 0 0 0 0 0 0 0 0 0 0 0 0 0 0 0 0 0 0 0 0 0 0 0 0 0 0 0 0 0 0 0 0 0 0 0 0 0 0 0 0 0 0 0 0 0 0 0 0 0 0 0 0 0 0 0 0 0 0 0 0 0 0 0 0 0 0 0 0 0 0 0 0 0 0 0 0 0 0 0 0 0 0 0 0 0 0 0 0 0 0 0 0 0 0 0 0 0 0 0 0 0 0 0 0 0 0 0 0 0 0 0 0 0 0 0 0 0 0 0 0 0 0 0 0 0 0 0 0 0 0 0 0 0 0 0 0 0 0 0 0 0 0 0 0 0 0 0 0 0 0 0 0 0 0 0 0 0 0 0 0 0 0 0 0 0 0 0 0 0 0 0 0 0 0 0 0 0 0 0 0 0 0 0 0 0 0 0 0 0 0 0 0 0 0 0 0 0 0 0 0 0 0 0 0 0 0 0 0 0 0 0 0 0 0 0 0 0 0 0 0 0 0 0 0 0 0 0 0 0 0 0 0 0 0 0 0 0 0 0 0 0 0 0 0 0 0 0 0 0 0 0 0 0 0 0 0 0 0 0 0 0 0 0 0 0 0 0 0 0 0 0 0 0 0 0 0 0 0 0 0 0 0 0 0 0 0 0 0 0 0 0 0 0 0 0 0 0 0 0 0 0 0 0 0 0 0 0 0 0 0 0 0 0 0 0 0 0 0 0 0 0 0 0 0 0 0 0 0 0 0 0 0 0 0 0 0 0 0 0 0 0 0 0 0 0 0 0 0 0 0 0 0 0 0 0 0 0 0 0 0 0 0 0 0 0 0 0 0 0 0 0 0 0 0 0 0 0 0 0 0 0 0 0 0 0 0 0 0 0 0 0 0 0 0 0 0 0 0 0 0 0 0 0 0 0 0 0 0 0 0 0 0 0 0 0 0 0 0 0 0 0 0 0 0 0 0 0 0 0 0 0 0 0 0 0 0 0 0 0 0 0 0 0 0 0 0 0 0 0 0 0 0 0 0 0 0 0 0 0 0 0 0 0 0 0 0 0 0 0 0 0 0 0 0 0 0 0 0 0 0 0 0 0 0 0 0 0 0 0 0 0 0 0 0 0 0 0 0 0 0 0 0 0 0 0 0 0 0 0 0 0 0 0 0 0 0 0 0 0 0 0 0 0 0 0 0 0 0 0 0 0 0 0 0 0 0 0 0 0 0 0 0 0 0 0 0 0 0 0 0 0 0 0 0 0 0 0 0 0 0 0 0 0 0 0 0 0 0 0 0 0 0 0 0 0 0 0 0 0 0 0 0 0 0 0 0 0 0 0 0 0 0 0 0 0 0 0 0 0 0 0 0 0 0 0 0 0 0 0 0 0 0 0 0 0 0 0 0 0 0 0 0 0 0 0 0 0 0 0 0 0 0 0 0 0 0 0 0 0 0 0 0 0 0 0 0 0 0 0 0 0 0 0 0 0 0 0 0 0 0 0 0 0 0 0 0 0 0 0 0 0 0 0 0 0 0 0 0 0 0 0 0 0 0 0 0 0 0 0 0 0 0 0 0 0 0 0 0 0 0 0 0 0 0 0 0 0 0 0 0 0 0 0 0 0 0 0 0 0 0 0 0 0 0 0 0 0 0 0 0 0 0 0 0 0 0 0 0 0 0 0 0 0 0 0 0 0 0 0 0 0 0 0 0 0 0 0 0 0 0 0 0 0 0 30 0 0 0 167 1 0 0 146 1 0 0 86 2 0 0 194 2 0 0 22 3 0 0 145 3 0 0 116 3 0 0 174 3 0 0 88 3 0 0 181 2 0 0 42 0 0 0 50 0 0 0 113 1 0 0 131 1 0 0 240 1 0 0 191 2 0 0 7 3 0 0 66 3 0 0 66 3 0 0 111 3 0 0 242 2 0 0 244 2 0 0 138 0 0 0 69 0 0 0 238 0 0 0 99 1 0 0 126 1 0 0 230 1 0 0 221 1 0 0 2 3 0 0 248 2 0 0 254 2 0 0 241 2 0 0 160 2 0 0 149 0 0 0 181 0 0 0 202 0 0 0 50 1 0 0 30 1 0 0 96 0 0 0 83 0 0 0 46 2 0 0 112 2 0 0 64 2 0 0 126 2 0 0 84 2 0 0 138 0 0 0 176 0 0 0 167 0 0 0 79 2 0 0 61 2 0 0 81 1 0 0 6 1 0 0 4 2 0 0 14 2 0 0 2 2 0 0 8 2 0 0 7 2 0 0 131 0 0 0 228 0 0 0 110 0 0 0 111 2 0 0 16 3 0 0 125 1 0 0 71 2 0 0 212 2 0 0 187 2 0 0 215 2 0 0 53 2 0 0 197 1 0 0 42 0 0 0 108 0 0 0 65 0 0 0 196 1 0 0 1 2 0 0 89 1 0 0 222 1 0 0 242 2 0 0 83 3 0 0 149 3 0 0 108 2 0 0 101 2 0 0 43 0 0 0 53 0 0 0 140 0 0 0 28 1 0 0 63 1 0 0 136 1 0 0 117 2 0 0 242 1 0 0 15 3 0 0 165 2 0 0 29 2 0 0 125 2 0 0 42 0 0 0 197 0 0 0 9 1 0 0 237 0 0 0 107 1 0 0 35 2 0 0 235 1 0 0 62 1 0 0 80 2 0 0 20 2 0 0 46 2 0 0 195 2 0 0 181 0 0 0 89 1 0 0 12 1 0 0 140 0 0 0 28 1 0 0 194 1 0 0 58 1 0 0 55 1 0 0 174 0 0 0 158 1 0 0 20 1 0 0 71 2 0 0 226 0 0 0 74 1 0 0 39 1 0 0 109 0 0 0 140 0 0 0 52 1 0 0 120 1 0 0 48 1 0 0 155 0 0 0 164 1 0 0 137 1 0 0 251 1 0 0 33 1 0 0 228 0 0 0 154 0 0 0 5 1 0 0 119 0 0 0 200 0 0 0 150 0 0 0 40 1 0 0 206 1 0 0 145 1 0 0 43 1 0 0 49 1 0 0 0 0 0 0 0 0 0 0 0 0 0 0 0 0 0 0 0 0 0 0 0 0 0 0 0 0 0 0 0 0 0 0 0 0 0 0 0 0 0 0 0 0 0 0 0 0 0 0 0 0 0 0 0 0 0 0 0 0 0 0 0 0 0 0 0 0 0 0 0 0 0 0 0 0 0 0 0 0 0 0 0 0 0 0 0 0 0 0 0 0 0 0 0 0 0 0 0 0 0 0 0 0 0 0 0 0 0 0 0 0 0 0 0 0 0 0 0 0 0 0 0 0 0 0 0 0 0 0 0 0 0 0 0 0 0 0 0 0 0 0 0 0 0 0 0 0 0 0 0 0 0 0 0 0 0 0 0 0 0 0 0 0 0 0 0 0 0 0 0 0 0 0 0 0 0 0 0 0 0 0 0 0 0 0 0 0 0 0 0 0 0 0 0 0 0 0 0 0 0 0 0 0 0 0 0 0 0 0 0 0 0 0 0 0 0 0 0 0 0 0 0 0 0 0 0 0 0 0 0 0 0 0 0 0 0 0 0 0 0 0 0 0 0 0 0 0 0 0 0 0 0 0 0 0 0 0 0 0 0 0 0 0 0 0 0 0 0 0 0 0 0 0 0 0 0 0 0 0 0 0 0 0 0 0 0 0 0 0 0 0 0 0 0 0 0 0 0 0 0 0 0 0 0 0 0 0 0 0 0 0 0 0 0 0 0 0 0 0 0 0 0 0 0 0 0 0 0 0 0 0 0 0 0 0 0 0 0 0 0 0 0 0 0 0 0 0 0 0 0 0 0 0 0 0 0 0 0 0 0 0 0 0 0 0 0 0 0 0 0 0 0 0 0 0 0 0 0 0 0 0 0 0 0 0 0 0 0 0 0 0 0 0 0 0 0 0 0 0 0 0 0 0 0 0 0 0 0 0 0 0 0 0 0 0 0 0 0 0 0 0 0 0 0 0 0 0 0 0 0 0 0 0 0 0 0 0 0 0 0 0 0 0 0 0 0 0 0 0 0 0 0 0 0 0 0 0 0 0 0 0 0 0 0 0 0 0 0 0 0 0 0 0 0 0 0 0 0 0 0 0 0 0 0 0 0 0 0 0 0 0 0 0 0 0 0 0 0 0 0 0 0 0 0 0 0 0 0 0 0 0 0 0 0 0 0 0 0 0 0 0 0 0 0 0 0 0 0 0 0 0 0 0 0 0 0 0 0 0 0 0 0 0 0 0 0 0 0 0 0 0 0 0 0 0 0 0 0 0 0 0 0 0 0 0 0 0 0 0 0 0 0 0 0 0 0 0 114 1 0 0 0 1 0 0 196 1 0 0 0 1 0 0
Exif.MakerNote.Offset                        Long        1  1002  1002
Exif.MakerNote.ByteOrder                     Ascii       3  II  II
Exif.Olympus.SpecialMode                     Long        3  0 0 0  Normal
Exif.Olympus.Quality                         Short       1  2  High Quality (HQ)
Exif.Olympus.Macro                           Short       1  0  Off
Exif.Olympus.BWMode                          Short       1  0  Off
Exif.Olympus.DigitalZoom                     Rational    1  100/100  None
Exif.Olympus.FocalPlaneDiagonal              Rational    1  715/100  715/100
Exif.Olympus.LensDistortionParams            SShort      6  -192 -372 -431 -177 -345 -400  -192 -372 -431 -177 -345 -400
Exif.Olympus.CameraType                      Ascii       6  D4122  D4122
Exif.Olympus.CameraID                        Undefined  32  79 76 89 77 80 85 83 32 68 73 71 73 84 65 76 32 67 65 77 69 82 65 32 32 32 32 32 32 32 32 32 0  OLYMPUS DIGITAL CAMERA         
Exif.Olympus.ShutterSpeed                    SRational   1  1280/256  1280/256
Exif.Olympus.ISOSpeed                        SRational   1  1280/256  1280/256
Exif.Olympus.ApertureValue                   SRational   1  848/256  848/256
Exif.Olympus.Brightness                      SRational   1  402/256  402/256
Exif.Olympus.FlashMode                       Short       1  0  Off
Exif.Olympus.FlashDevice                     Short       2  0 0  None
Exif.Olympus.Bracket                         SRational   1  0/256  0/256
Exif.Olympus.LightCondition                  Short       1  0  0
Exif.Olympus.FocusRange                      Short       1  0  Normal
Exif.Olympus.FocusMode                       Short       1  0  Auto
Exif.Olympus.FocusDistance                   Rational    1  0/10  0/10
Exif.Olympus.Zoom                            Short       1  1  1
Exif.Olympus.MacroFocus                      Short       1  338  338
Exif.Olympus.SharpnessFactor                 Short       1  0  Normal
Exif.Olympus.FlashChargeLevel                Short       1  0  0
Exif.Olympus.ColorMatrix                     Short       9  356 65414 16 65486 374 65462 65530 65406 390  356 65414 16 65486 374 65462 65530 65406 390
Exif.Olympus.BlackLevel                      Short       4  15 17 15 17  15 17 15 17
Exif.Olympus.WhiteBalance                    Short       2  1 0  Auto
Exif.Olympus.RedBalance                      Short       2  382 64  382 64
Exif.Olympus.BlueBalance                     Short       2  336 64  336 64
Exif.Olympus.SerialNumber2                   Ascii      32  125945971                        125945971                      
Exif.Olympus.FlashBias                       SRational   1  0/256  0/256
Exif.Olympus.ExternalFlashBounce             Short       1  0  Off
Exif.Olympus.ExternalFlashZoom               Short       1  0  0
Exif.Olympus.ExternalFlashMode               Short       1  0  0
Exif.Olympus.Contrast                        Short       1  1  Normal
Exif.Olympus.SharpnessFactor2                Short       1  592  592
Exif.Olympus.ColorControl                    Short       6  24 1024 768 1024 16 256  24 1024 768 1024 16 256
Exif.Olympus.ValidBits                       Short       2  10 0  10 0
Exif.Olympus.CoringFilter                    Short       1  2176  2176
Exif.Olympus.ImageWidth                      Long        1  2048  2048
Exif.Olympus.ImageHeight                     Long        1  1536  1536
Exif.Olympus.InfinityLensStep                Short       1  332  332
Exif.Olympus.NearLensStep                    Short       1  418  418
Exif.Photo.UserComment                       Undefined 125                                                                                                                                                                                                                                              
Exif.Photo.FlashpixVersion                   Undefined   4  48 49 48 48  1.00
Exif.Photo.ColorSpace                        Short       1  1  sRGB
Exif.Photo.PixelXDimension                   Short       1  2048  2048
Exif.Photo.PixelYDimension                   Short       1  1536  1536
Exif.Photo.InteroperabilityTag               Long        1  5034  5034
Exif.Iop.InteroperabilityIndex               Ascii       4  R98  R98
Exif.Iop.InteroperabilityVersion             Undefined   4  48 49 48 48  1.00
Exif.Photo.FileSource                        Undefined   1  3  Digital still camera
Exif.Photo.CustomRendered                    Short       1  0  Normal process
Exif.Photo.ExposureMode                      Short       1  0  Auto
Exif.Photo.WhiteBalance                      Short       1  0  Auto
Exif.Photo.DigitalZoomRatio                  Rational    1  100/100  1.0
Exif.Photo.SceneCaptureType                  Short       1  0  Standard
Exif.Photo.GainControl                       Short       1  0  None
Exif.Photo.Contrast                          Short       1  0  Normal
Exif.Photo.Saturation                        Short       1  0  Normal
Exif.Photo.Sharpness                         Short       1  0  Normal
Exif.Image.PrintImageMatching                Undefined 244  80 114 105 110 116 73 77 0 48 50 53 48 0 0 20 0 1 0 20 0 20 0 2 0 1 0 0 0 3 0 136 0 0 0 7 0 0 0 0 0 8 0 0 0 0 0 9 0 0 0 0 0 10 0 0 0 0 0 11 0 208 0 0 0 12 0 0 0 0 0 13 0 0 0 0 0 14 0 232 0 0 0 0 1 1 0 0 0 1 1 255 0 0 0 2 1 131 0 0 0 3 1 131 0 0 0 4 1 131 0 0 0 5 1 131 0 0 0 6 1 131 0 0 0 7 1 128 128 128 0 16 1 128 0 0 0 9 17 0 0 16 39 0 0 11 15 0 0 16 39 0 0 151 5 0 0 16 39 0 0 176 8 0 0 16 39 0 0 1 28 0 0 16 39 0 0 94 2 0 0 16 39 0 0 139 0 0 0 16 39 0 0 203 3 0 0 16 39 0 0 229 27 0 0 16 39 0 0 0 0 0 0 0 0 0 0 0 0 0 0 0 0 0 0 0 0 0 0 0 0 0 0 0 0 0 0 0 0 0 0 0 0 0 0  80 114 105 110 116 73 77 0 48 50 53 48 0 0 20 0 1 0 20 0 20 0 2 0 1 0 0 0 3 0 136 0 0 0 7 0 0 0 0 0 8 0 0 0 0 0 9 0 0 0 0 0 10 0 0 0 0 0 11 0 208 0 0 0 12 0 0 0 0 0 13 0 0 0 0 0 14 0 232 0 0 0 0 1 1 0 0 0 1 1 255 0 0 0 2 1 131 0 0 0 3 1 131 0 0 0 4 1 131 0 0 0 5 1 131 0 0 0 6 1 131 0 0 0 7 1 128 128 128 0 16 1 128 0 0 0 9 17 0 0 16 39 0 0 11 15 0 0 16 39 0 0 151 5 0 0 16 39 0 0 176 8 0 0 16 39 0 0 1 28 0 0 16 39 0 0 94 2 0 0 16 39 0 0 139 0 0 0 16 39 0 0 203 3 0 0 16 39 0 0 229 27 0 0 16 39 0 0 0 0 0 0 0 0 0 0 0 0 0 0 0 0 0 0 0 0 0 0 0 0 0 0 0 0 0 0 0 0 0 0 0 0 0 0
Exif.Thumbnail.Compression                   Short       1  6  JPEG (old-style)
Exif.Thumbnail.XResolution                   Rational    1  72/1  72
Exif.Thumbnail.YResolution                   Rational    1  72/1  72
Exif.Thumbnail.ResolutionUnit                Short       1  2  inch
Exif.Thumbnail.JPEGInterchangeFormat         Long        1  5158  5158
Exif.Thumbnail.JPEGInterchangeFormatLength   Long        1  6055  6055
