------> Bug 426 <-------
Iptc.Application2.RecordVersion              Short       1  2
Iptc.Application2.FixtureId                  String     22  2005 Oregon Coast Tour
Iptc.Application2.Byline                     String     14  Julie V. Early
Iptc.Application2.City                       String     21  159 km SW of Portland
Iptc.Application2.ProvinceState              String      6  Oregon
Iptc.Application2.CountryName                String     13  United States
Iptc.Application2.Contact                    String     16  Jeffrey J. Early
------> Bug 440 <-------
Iptc.Application2.RecordVersion              Short       1  1
Iptc.Application2.ObjectName                 String     16  WHITE SOX TIGERS
Iptc.Application2.Category                   String      1  S
Iptc.Application2.SuppCategory               String      3  BBA
Iptc.Application2.DateCreated                Date        8  2005-09-29
Iptc.Application2.TimeCreated                Time       11  16:51:00+00:00
Iptc.Application2.Byline                     String     11  PAUL SANCYA
Iptc.Application2.BylineTitle                String      3  STF
Iptc.Application2.City                       String      7  DETROIT
Iptc.Application2.ProvinceState              String      2  MI
Iptc.Application2.CountryName                String      3  USA
Iptc.Application2.TransmissionReference      String      6  DTS112
Iptc.Application2.Headline                   String     14  GARCIA GARLAND
Iptc.Application2.Credit                     String      2  AP
Iptc.Application2.Source                     String      2  AP
Iptc.Application2.Caption                    String    282  Chicago White Sox pitcher John Garland, left, pours champagne on Freddy Garcia in the locker room after their 4-2 win against the Detroit Tigers in Detroit, Thursday, Sept. 29, 2005. With the win the White Sox clinched their first AL Central title since 2000. (AP Photo/Paul Sancya)
Iptc.Application2.Writer                     String     15  DD PCS DD**NY**
------> Bug 443 <-------
Error: Directory Iop with 5233 entries considered invalid; not read.
Exif.Image.Make                              Ascii      22  EASTMAN KODAK COMPANY
Exif.Image.Model                             Ascii      28  KODAK DX3600 DIGITAL CAMERA
Exif.Image.Orientation                       Short       1  top, left
Exif.Image.XResolution                       Rational    1  170
Exif.Image.YResolution                       Rational    1  170
Exif.Image.ResolutionUnit                    Short       1  inch
Exif.Image.DateTime                          Ascii      20  2003:07:27 13:08:24
Exif.Image.YCbCrPositioning                  Short       1  Centered
Exif.Image.ExifTag                           Long        1  208
Exif.Photo.ExposureTime                      Rational    1  1/500 s
Exif.Photo.FNumber                           Rational    1  F3.4
Exif.Photo.ExposureProgram                   Short       1  Auto
Exif.Photo.ExifVersion                       Undefined   4  48 50 48 48 
Exif.Photo.DateTimeOriginal                  Ascii      20  2003:07:27 16:22:28
Exif.Photo.DateTimeDigitized                 Ascii      20  2003:07:27 16:22:28
Exif.Photo.ComponentsConfiguration           Undefined   4  YCbCr
Exif.Photo.ShutterSpeedValue                 SRational   1  1/512 s
Exif.Photo.ApertureValue                     Rational    1  F3.4
Exif.Photo.ExposureBiasValue                 SRational   1  0
Exif.Photo.MaxApertureValue                  Rational    1  F3.2
Exif.Photo.SubjectDistance                   Rational    1  1.10 m
Exif.Photo.MeteringMode                      Short       1  Average
Exif.Photo.LightSource                       Short       1  Unknown
Exif.Photo.Flash                             Short       1  No flash
Exif.Photo.FocalLength                       Rational    1  5.6 mm
Exif.Photo.MakerNote                         Undefined 872  75 68 75 48 48 48 49 73 68 88 51 54 48 48 32 32 3 1 0 0 8 7 176 4 211 7 7 27 16 22 28 37 0 0 0 0 0 0 75 1 173 0 0 0 0 0 0 3 89 49 0 0 89 49 0 0 176 48 0 0 218 48 0 0 0 2 0 0 110 0 0 0 0 1 0 0 0 0 0 0 0 0 0 0 0 0 0 0 96 126 1 0 0 0 1 0 128 52 1 0 0 0 0 0 100 0 100 0 0 0 32 0 100 0 0 0 0 0 0 0 0 0 0 0 0 0 0 0 0 0 0 0 0 0 0 0 0 0 0 0 0 0 0 0 0 0 0 0 0 0 0 0 0 0 0 0 0 0 0 0 0 0 0 0 0 0 0 0 0 0 0 0 0 0 0 0 166 165 166 173 138 113 169 170 194 108 58 12 167 171 177 186 101 73 84 106 181 163 83 20 171 170 177 179 43 26 52 81 172 195 86 26 167 171 173 175 76 12 52 165 165 104 69 76 113 106 85 141 11 16 48 141 125 116 114 103 19 22 72 69 8 65 125 107 110 104 104 96 22 53 76 31 32 100 120 85 95 94 91 89 66 76 69 43 45 81 57 85 85 77 75 74 193 181 193 189 157 124 186 200 219 130 91 15 198 189 192 210 104 100 104 131 196 180 108 42 190 191 189 187 55 34 65 84 197 209 113 73 188 197 190 203 70 18 58 187 199 123 86 107 147 113 121 148 11 26 65 162 145 137 136 137 32 32 109 59 9 96 119 126 129 126 132 125 35 83 97 34 38 142 143 100 110 119 116 121 83 101 97 44 56 94 76 108 108 104 103 102 0 0 0 0 0 0 0 0 96 126 1 0 0 0 1 0 128 52 1 0 195 132 1 0 0 0 1 0 184 44 1 0 0 0 0 0 0 0 0 0 0 0 0 0 96 126 1 0 0 0 1 0 128 52 1 0 0 0 1 0 0 0 1 0 0 0 1 0 0 96 125 0 0 0 0 0 0 0 0 0 0 0 0 0 0 0 0 0 0 0 0 0 0 0 147 0 25 26 0 0 82 124 254 255 0 0 141 0 0 0 0 0 0 0 0 0 0 176 77 0 0 0 0 0 0 0 0 0 192 7 0 0 0 0 0 0 128 0 0 0 192 17 0 0 96 4 0 0 0 0 0 0 51 179 0 0 124 3 0 0 0 0 0 0 0 0 0 0 0 0 20 0 0 0 0 0 0 0 0 0 0 0 0 0 0 0 0 0 0 0 0 0 244 50 0 0 6 0 0 0 72 250 164 1 230 253 129 255 221 0 16 0 177 3 79 0 0 0 0 0 0 0 0 0 0 0 0 0 0 0 0 0 100 0 176 48 1 0 0 0 2 1 0 0 27 24 0 0 175 1 0 0 232 0 0 0 0 0 0 0 55 0 0 0 218 48 0 0 0 0 0 0 0 0 0 0 100 0 89 49 1 0 0 0 2 0 0 0 200 6 0 0 175 1 0 0 134 0 0 0 81 2 0 0 55 0 0 0 89 49 0 0 0 0 0 0 0 0 0 0 9 61 129 37 0 0 0 0 60 1 0 0 0 0 0 0 1 0 1 0 29 0 33 0 0 0 100 20 40 255 29 47 195 49 227 48 38 49 51 48 0 0 0 0 0 0 0 0 0 0 16 16 15 15 15 0 0 0 0 0 0 0 0 0 10 10 10 10 100 10 10 10 100 100 100 10 10 100 100 0 0 0 0 0 0 100 0 0 0 0 0 0 10 10 10 10 100 10 10 10 100 100 100 10 29 100 100 0 0 0 0 0 0 0 0 0 0 0 0 0 0 0 0 0 0 0 1 0 0 0 1 0 0 0 1 0 0 118 1 0 176 163 255 255 80 230 255 255 160 224 255 255 144 113 1 0 208 173 255 255 224 6 0 0 64 146 255 255 224 102 1 0 0 0 0 0 0 0 0 0 0 0 0 0 
Exif.Photo.UserComment                       Undefined   1  
Exif.Photo.FlashpixVersion                   Undefined   4  48 49 48 49 
Exif.Photo.ColorSpace                        Short       1  sRGB
Exif.Photo.PixelXDimension                   Long        1  1024
Exif.Photo.PixelYDimension                   Long        1  683
Exif.Photo.InteroperabilityTag               Long        1  1850
Exif.Photo.ExposureIndex                     Rational    1  1677721600/16777216
Exif.Photo.SensingMethod                     Short       1  One-chip color area
Exif.Photo.FileSource                        Undefined   1  Digital still camera
Exif.Photo.SceneType                         Undefined   1  Directly photographed
Exif.Thumbnail.Compression                   Short       1  JPEG (old-style)
Exif.Thumbnail.Orientation                   Short       1  top, left
Exif.Thumbnail.XResolution                   Rational    1  72
Exif.Thumbnail.YResolution                   Rational    1  72
Exif.Thumbnail.ResolutionUnit                Short       1  inch
Exif.Thumbnail.JPEGInterchangeFormat         Long        1  0
Exif.Thumbnail.JPEGInterchangeFormatLength   Long        1  33779
------> Bug 444 <-------
Iptc.Envelope.CharacterSet                   Undefined   4  0 196 28 2 
Iptc.Application2.Urgency                    String      2  GT
Iptc.Application2.SuppCategory               String      8  portrait
Iptc.Application2.Caption                    String     18  Witty caption here
Iptc.Application2.Keywords                   String      3  ize
Iptc.Application2.0x007b                     String      4  n123
------> Bug 445 <-------
File 1/1: exiv2-bug445.jpg
Set Exif.Photo.UserComment "A comment" (Comment)
Exif.Image.Make                              Ascii       6  Canon
Exif.Image.Model                             Ascii      20  Canon PowerShot S40
Exif.Image.Orientation                       Short       1  top, left
Exif.Image.XResolution                       Rational    1  180
Exif.Image.YResolution                       Rational    1  180
Exif.Image.ResolutionUnit                    Short       1  inch
Exif.Image.DateTime                          Ascii      20  2003:12:14 12:01:44
Exif.Image.YCbCrPositioning                  Short       1  Centered
Exif.Image.ExifTag                           Long        1  196
Exif.Photo.ExposureTime                      Rational    1  1/500 s
Exif.Photo.FNumber                           Rational    1  F4.9
Exif.Photo.ExifVersion                       Undefined   4  48 50 50 48 
Exif.Photo.DateTimeOriginal                  Ascii      20  2003:12:14 12:01:44
Exif.Photo.DateTimeDigitized                 Ascii      20  2003:12:14 12:01:44
Exif.Photo.ComponentsConfiguration           Undefined   4  YCbCr
Exif.Photo.CompressedBitsPerPixel            Rational    1  5
Exif.Photo.ShutterSpeedValue                 SRational   1  1/501 s
Exif.Photo.ApertureValue                     Rational    1  F5
Exif.Photo.ExposureBiasValue                 SRational   1  0
Exif.Photo.MaxApertureValue                  Rational    1  F2.8
Exif.Photo.MeteringMode                      Short       1  Center weighted average
Exif.Photo.Flash                             Short       1  No, auto
Exif.Photo.FocalLength                       Rational    1  21.3 mm
Exif.Photo.UserComment                       Undefined 264  A comment
Exif.Photo.FlashpixVersion                   Undefined   4  48 49 48 48 
Exif.Photo.ColorSpace                        Short       1  sRGB
Exif.Photo.PixelXDimension                   Short       1  2272
Exif.Photo.PixelYDimension                   Short       1  1704
Exif.Photo.InteroperabilityTag               Long        1  1416
Exif.Photo.FocalPlaneXResolution             Rational    1  8114.29
Exif.Photo.FocalPlaneYResolution             Rational    1  8114.29
Exif.Photo.FocalPlaneResolutionUnit          Short       1  inch
Exif.Photo.SensingMethod                     Short       1  One-chip color area
Exif.Photo.FileSource                        Undefined   1  Digital still camera
Exif.Photo.CustomRendered                    Short       1  Normal process
Exif.Photo.ExposureMode                      Short       1  Auto
Exif.Photo.WhiteBalance                      Short       1  Auto
Exif.Photo.DigitalZoomRatio                  Rational    1  1.0
Exif.Photo.SceneCaptureType                  Short       1  Standard
Exif.Canon.0x0002                            Short       4  2 682 286 215
Exif.Canon.0x0003                            Short       4  0 0 0 0
Exif.Canon.0x0000                            Short       6  0 0 0 0 0 0
Exif.Canon.0x0000                            Short       4  0 0 0 0
Exif.Canon.ImageType                         Ascii      32  IMG:PowerShot S40 JPEG
Exif.Canon.FirmwareVersion                   Ascii      24  Firmware Version 1.10
Exif.Canon.ImageNumber                       Long        1  117-1771
Exif.Canon.OwnerName                         Ascii      32  Andreas Huggel
Exif.Canon.0x0010                            Long        1  17891328
Exif.Canon.0x000d                            Short      21  42 3 32769 378 32769 0 0 0 259 2 0 10 0 0 0 57 198 5 0 0 0
Exif.CanonCs.Macro                           Short       1  Off
Exif.CanonCs.Selftimer                       Short       1  Off
Exif.CanonCs.Quality                         Short       1  Superfine
Exif.CanonCs.FlashMode                       Short       1  Auto
Exif.CanonCs.DriveMode                       Short       1  Single / timer
Exif.CanonCs.0x0006                          Short       1  0
Exif.CanonCs.FocusMode                       Short       1  Single
Exif.CanonCs.0x0008                          Short       1  0
Exif.CanonCs.0x0009                          Short       1  1
Exif.CanonCs.ImageSize                       Short       1  Large
Exif.CanonCs.EasyMode                        Short       1  Manual
Exif.CanonCs.DigitalZoom                     Short       1  None
Exif.CanonCs.Contrast                        Short       1  Normal
Exif.CanonCs.Saturation                      Short       1  Normal
Exif.CanonCs.Sharpness                       Short       1  Normal
Exif.CanonCs.ISOSpeed                        Short       1  100
Exif.CanonCs.MeteringMode                    Short       1  Center weighted
Exif.CanonCs.FocusType                       Short       1  Auto
Exif.CanonCs.AFPoint                         Short       1  Center
Exif.CanonCs.ExposureProgram                 Short       1  Program (P)
Exif.CanonCs.0x0015                          Short       1  65535
Exif.CanonCs.0x0016                          Short       1  65535
Exif.CanonCs.Lens                            Short       3  7.1 - 21.3 mm
Exif.CanonCs.0x001a                          Short       1  149
Exif.CanonCs.0x001b                          Short       1  192
Exif.CanonCs.FlashActivity                   Short       1  Did not fire
Exif.CanonCs.FlashDetails                    Short       1  
Exif.CanonCs.0x001e                          Short       1  0
Exif.CanonCs.0x001f                          Short       1  0
Exif.CanonCs.FocusContinuous                 Short       1  Single
Exif.CanonCs.AESetting                       Short       1  Normal AE
Exif.CanonCs.ImageStabilization              Short       1  (65535)
Exif.CanonCs.DisplayAperture                 Short       1  49
Exif.CanonCs.ZoomSourceWidth                 Short       1  2272
Exif.CanonCs.ZoomTargetWidth                 Short       1  2272
Exif.CanonCs.0x0026                          Short       1  0
Exif.CanonCs.0x0027                          Short       1  1
Exif.CanonSi.0x0001                          Short       1  0
Exif.CanonSi.ISOSpeed                        Short       1  100
Exif.CanonSi.0x0003                          Short       1  276
Exif.CanonSi.TargetAperture                  Short       1  F5
Exif.CanonSi.TargetShutterSpeed              Short       1  1/501 s
Exif.CanonSi.0x0006                          Short       1  0
Exif.CanonSi.WhiteBalance                    Short       1  Auto
Exif.CanonSi.0x0008                          Short       1  0
Exif.CanonSi.Sequence                        Short       1  0
Exif.CanonSi.0x000a                          Short       1  6
Exif.CanonSi.0x000b                          Short       1  0
Exif.CanonSi.0x000c                          Short       1  0
Exif.CanonSi.0x000d                          Short       1  0
Exif.CanonSi.AFPointUsed                     Short       1  3 focus points; center used
Exif.CanonSi.FlashBias                       Short       1  0 EV
Exif.CanonSi.0x0010                          Short       1  0
Exif.CanonSi.0x0011                          Short       1  0
Exif.CanonSi.0x0012                          Short       1  1
Exif.CanonSi.SubjectDistance                 Short       1  782
Exif.CanonSi.0x0014                          Short       1  0
Exif.CanonSi.ApertureValue                   Short       1  F5
Exif.CanonSi.ShutterSpeedValue               Short       1  1/523 s
Exif.CanonSi.0x0017                          Short       1  0
Exif.CanonSi.0x0018                          Short       1  0
Exif.CanonSi.0x0019                          Short       1  0
Exif.CanonSi.0x001a                          Short       1  250
Exif.Iop.InteroperabilityIndex               Ascii       4  R98
Exif.Iop.InteroperabilityVersion             Undefined   4  48 49 48 48 
Exif.Iop.RelatedImageWidth                   Short       1  2272
Exif.Iop.RelatedImageLength                  Short       1  1704
Exif.Thumbnail.Compression                   Short       1  JPEG (old-style)
Exif.Thumbnail.XResolution                   Rational    1  180
Exif.Thumbnail.YResolution                   Rational    1  180
Exif.Thumbnail.ResolutionUnit                Short       1  inch
Exif.Thumbnail.JPEGInterchangeFormat         Long        1  0
Exif.Thumbnail.JPEGInterchangeFormatLength   Long        1  5448
File 1/1: exiv2-empty.jpg
Set Exif.Photo.UserComment "A comment" (Comment)
Exif.Image.ExifTag                           Long        1  26
Exif.Photo.UserComment                       Undefined  17  A comment
------> Bug 447 <-------
Warning: Exif tag 0x9286 has invalid Exif type 14; using 7 (undefined).
Iptc.Application2.Caption                    String      0  
Iptc.Application2.DateCreated                Date        8  2005-08-09
Iptc.Application2.TimeCreated                Time       11  01:28:31-07:00
------> Bug 479 <-------
Warning: IFD0: Pointer to next IFD is out of bounds; ignored.
Exif.Image.ImageWidth                        Short       1  3173
Exif.Image.ImageLength                       Short       1  2011
Exif.Image.Software                          Ascii      10  LightZone
Exif.Image.0x013c                            Ascii      20  Linux 2.6.15-23-686
Exif.Image.0x829a                            Rational    1  16/5
Exif.Image.0x829d                            Rational    1  9/1
Exif.Image.ExifTag                           Long        1  784
Exif.Image.0x8822                            Short       1  1
Exif.Image.0x8827                            Short       1  250
Exif.Image.0x9000                            Undefined   4  48 50 50 49 
Exif.Image.0x9003                            Ascii      20  2006:05:27 12:37:03
Exif.Image.0x9004                            Ascii      20  2006:05:27 12:37:03
Exif.Image.0x9101                            Undefined   4  0 0 0 0 
Exif.Image.0x9201                            SRational   1  -54987/32768
Exif.Image.0x9202                            Rational    1  1623/256
Exif.Image.0x9204                            SRational   1  0/1
Exif.Image.0x9207                            Short       1  5
Exif.Image.0x9209                            Short       1  16
Exif.Image.0x920a                            Rational    1  24/1
Exif.Image.0x9286                            Undefined 264  (Binary value suppressed)
Exif.Photo.ExifVersion                       Undefined   4  48 50 50 48 
Exif.Photo.PixelXDimension                   Short       1  3173
Exif.Photo.PixelYDimension                   Short       1  2011
------> Bug 480 <-------
Reading 144766 bytes from ../data/imagemagick.png
IPTC fields: 0
IPTC fields: 144775
IRB buffer : 144788
Comparing IPTC and IRB size... ok
Comparing IPTC and IRB data... ok
Caught Exiv2 exception 'Size of IPTC JPEG segment is larger than 65535 bytes'
------> Bug 495 <-------
Error: Directory Iop with 768 entries considered invalid; not read.
Warning: IFD1: Pointer to next IFD is out of bounds; ignored.
Error: Upper boundary of the 1st data entry of IFD1 is out of bounds:
 Offset = 0x0203fa04, exceeds buffer size by 168813082 Bytes
Iptc.Application2.Caption                    String     56  Die Insel Stromboli mit dem Vulkan Stromboli, 1000m hoch
Iptc.Application2.Program                    String      7  digiKam
Iptc.Application2.ProgramVersion             String     11  0.9.0-beta3
