Key 'Canon' matches 'Canon' with a score of 7.
Key 'Canon' matches 'Canon*' with a score of 6.
Key 'Canon Corp.' matches 'Canon*' with a score of 6.
Key 'PENTAX Corporation' matches 'PENTAX*' with a score of 7.
Key 'foobar' matches '*foo*bar*' with a score of 7.
Key 'barfoofoobarbar' matches '*foo*bar*' with a score of 7.
Key 'foo' does not match 'foo*bar'.
Key 'bar' does not match 'foo*bar'.
Key 'foobar' matches 'foo*bar' with a score of 7.
Key 'fooYAHOObar' matches 'foo*bar' with a score of 7.
Key 'Thefoobar' does not match 'foo*bar'.
Key 'foobarTrick' does not match 'foo*bar'.
Key 'ThefoobarTrick' does not match 'foo*bar'.
Key 'ThefooYAHOObarTrick' does not match 'foo*bar'.
Key 'anything' matches '*' with a score of 1.
Key 'anything times two' matches '**' with a score of 1.
Key 'bar' matches '*bar' with a score of 4.
Key 'bar' does not match 'b*bar'.
Key 'bbar' matches 'b*bar' with a score of 5.
Key 'bar' does not match '*foobar'.
Key 'foobar' matches '*bar' with a score of 4.
